Component: ARM Compiler 5.06 update 6 (build 750) Tool: armlink [4d35ed]

==============================================================================

Section Cross References

    synth_neu.o(i.I2S_HANDLER) refers to synth_neu.o(i.triangle) for triangle
    synth_neu.o(i.I2S_HANDLER) refers to synth_neu.o(i.filt) for filt
    synth_neu.o(i.I2S_HANDLER) refers to synth_neu.o(i.mix) for mix
    synth_neu.o(i.I2S_HANDLER) refers to i2s.o(i.i2s_tx) for i2s_tx
    synth_neu.o(i.I2S_HANDLER) refers to synth_neu.o(.data) for freq2
    synth_neu.o(i.filt) refers to synth_neu.o(.bss) for h
    synth_neu.o(i.main) refers to fm4_slider_interface.o(i.init_slider_interface) for init_slider_interface
    synth_neu.o(i.main) refers to f2d.o(x$fpl$f2d) for __aeabi_f2d
    synth_neu.o(i.main) refers to tan.o(i.__hardfp_tan) for __hardfp_tan
    synth_neu.o(i.main) refers to d2f.o(x$fpl$d2f) for __aeabi_d2f
    synth_neu.o(i.main) refers to sqrt.o(i.__hardfp_sqrt) for __hardfp_sqrt
    synth_neu.o(i.main) refers to dmul.o(x$fpl$dmul) for __aeabi_dmul
    synth_neu.o(i.main) refers to daddsub_clz.o(x$fpl$dadd) for __aeabi_dadd
    synth_neu.o(i.main) refers to ddiv.o(x$fpl$ddiv) for __aeabi_ddiv
    synth_neu.o(i.main) refers to daddsub_clz.o(x$fpl$drsb) for __aeabi_drsub
    synth_neu.o(i.main) refers to audio.o(i.audio_init) for audio_init
    synth_neu.o(i.main) refers to fm4_slider_interface.o(i.update_slider_parameters) for update_slider_parameters
    synth_neu.o(i.main) refers to synth_neu.o(.bss) for FM4_GUI
    synth_neu.o(i.main) refers to synth_neu.o(.data) for fc
    synth_neu.o(i.main) refers to synth_neu.o(i.I2S_HANDLER) for I2S_HANDLER
    synth_neu.o(i.sawtooth) refers to synth_neu.o(.data) for i1
    synth_neu.o(i.sine) refers to f2d.o(x$fpl$f2d) for __aeabi_f2d
    synth_neu.o(i.sine) refers to sin.o(i.__hardfp_sin) for __hardfp_sin
    synth_neu.o(i.sine) refers to d2f.o(x$fpl$d2f) for __aeabi_d2f
    synth_neu.o(i.sine) refers to synth_neu.o(.data) for i1
    synth_neu.o(i.square) refers to synth_neu.o(.data) for i1
    synth_neu.o(i.triangle) refers to synth_neu.o(.data) for i1
    audio.o(i.Codec_WriteRegister) refers to delay.o(i.delay_ms) for delay_ms
    audio.o(i.Codec_WriteRegister) refers to i2c.o(i.i2c_write) for i2c_write
    audio.o(i.audio_init) refers to i2c.o(i.i2c_init) for i2c_init
    audio.o(i.audio_init) refers to delay.o(i.delay_us) for delay_us
    audio.o(i.audio_init) refers to audio.o(i.Codec_WriteRegister) for Codec_WriteRegister
    audio.o(i.audio_init) refers to i2s.o(i.i2s_init) for i2s_init
    audio.o(i.audio_init) refers to dstc.o(i.dstc_init) for dstc_init
    audio.o(i.audio_init) refers to dstc.o(i.dstc_set_callback) for dstc_set_callback
    audio.o(i.audio_init) refers to i2s.o(i.i2s_rx_threshold) for i2s_rx_threshold
    audio.o(i.audio_init) refers to i2s.o(i.i2s_tx_threshold) for i2s_tx_threshold
    audio.o(i.audio_init) refers to i2s.o(i.i2s_rx_dma_enable) for i2s_rx_dma_enable
    audio.o(i.audio_init) refers to i2s.o(i.i2s_tx_dma_enable) for i2s_tx_dma_enable
    audio.o(i.audio_init) refers to i2s.o(i.i2s_rx_enable) for i2s_rx_enable
    audio.o(i.audio_init) refers to i2s.o(i.i2s_tx_enable) for i2s_tx_enable
    audio.o(i.audio_init) refers to i2s.o(i.i2s_start) for i2s_start
    audio.o(i.audio_init) refers to i2s.o(i.i2s_set_callback) for i2s_set_callback
    audio.o(i.init_LED) refers to gpio.o(i.gpio_set_mode) for gpio_set_mode
    audio.o(i.prbs) refers to audio.o(.data) for sreg
    delay.o(i.delay_ms) refers to delay.o(.emb_text) for delay_cycles
    delay.o(i.delay_us) refers to delay.o(.emb_text) for delay_cycles
    dstc.o(i.DSTC_COMP_IRQHandler) refers to dstc.o(.data) for dma_callback
    dstc.o(i.dstc_dest_memory) refers to dstc.o(.bss) for stcDES
    dstc.o(i.dstc_init) refers to dstc.o(i.DSTCPchkCalc) for DSTCPchkCalc
    dstc.o(i.dstc_init) refers to dstc.o(.bss) for stcDES
    dstc.o(i.dstc_reset) refers to dstc.o(i.__NVIC_ClearPendingIRQ) for __NVIC_ClearPendingIRQ
    dstc.o(i.dstc_set_callback) refers to dstc.o(i.__NVIC_ClearPendingIRQ) for __NVIC_ClearPendingIRQ
    dstc.o(i.dstc_set_callback) refers to dstc.o(.data) for dma_callback
    dstc.o(i.dstc_src_memory) refers to dstc.o(.bss) for stcDES
    dstc.o(i.dstc_transfersize) refers to dstc.o(.bss) for stcDES
    gpio.o(i.port_isr0) refers to gpio.o(i.port_isr) for port_isr
    gpio.o(i.port_isr1) refers to gpio.o(i.port_isr) for port_isr
    gpio.o(i.port_isr2) refers to gpio.o(i.port_isr) for port_isr
    gpio.o(i.port_isr3) refers to gpio.o(i.port_isr) for port_isr
    gpio.o(i.port_isr4) refers to gpio.o(i.port_isr) for port_isr
    i2c.o(i.i2c_start) refers to i2c.o(i.i2c_enable) for i2c_enable
    i2c.o(i.i2c_stop) refers to delay.o(i.delay_us) for delay_us
    i2c.o(i.i2c_write) refers to i2c.o(i.i2c_start) for i2c_start
    i2c.o(i.i2c_write) refers to i2c.o(i.i2c_tx) for i2c_tx
[...]
    i.__NVIC_ClearPendingIRQ                 0x0000282c   Section        0  dstc.o(i.__NVIC_ClearPendingIRQ)
    __NVIC_ClearPendingIRQ                   0x0000282d   Thumb Code    22  dstc.o(i.__NVIC_ClearPendingIRQ)
    i.__NVIC_ClearPendingIRQ                 0x00002848   Section        0  i2s.o(i.__NVIC_ClearPendingIRQ)
    __NVIC_ClearPendingIRQ                   0x00002849   Thumb Code    22  i2s.o(i.__NVIC_ClearPendingIRQ)
    i.__NVIC_ClearPendingIRQ                 0x00002864   Section        0  mfs.o(i.__NVIC_ClearPendingIRQ)
    __NVIC_ClearPendingIRQ                   0x00002865   Thumb Code    22  mfs.o(i.__NVIC_ClearPendingIRQ)
    i.__NVIC_EnableIRQ                       0x00002880   Section        0  mfs.o(i.__NVIC_EnableIRQ)
    __NVIC_EnableIRQ                         0x00002881   Thumb Code    34  mfs.o(i.__NVIC_EnableIRQ)
    i.__NVIC_SetPriority                     0x000028a4   Section        0  mfs.o(i.__NVIC_SetPriority)
    __NVIC_SetPriority                       0x000028a5   Thumb Code    32  mfs.o(i.__NVIC_SetPriority)
    i.__hardfp___mathlib_tofloat             0x000028d0   Section        0  narrow.o(i.__hardfp___mathlib_tofloat)
    i.__hardfp_atof                          0x000029c8   Section        0  atof.o(i.__hardfp_atof)
    i.__hardfp_ldexp                         0x00002a00   Section        0  ldexp.o(i.__hardfp_ldexp)
    i.__hardfp_sqrt                          0x00002ad0   Section        0  sqrt.o(i.__hardfp_sqrt)
    i.__hardfp_tan                           0x00002b50   Section        0  tan.o(i.__hardfp_tan)
    i.__ieee754_rem_pio2                     0x00002bd0   Section        0  rred.o(i.__ieee754_rem_pio2)
    i.__kernel_poly                          0x00003008   Section        0  poly.o(i.__kernel_poly)
    i.__kernel_tan                           0x00003100   Section        0  tan_i.o(i.__kernel_tan)
    i.__mathlib_dbl_infnan                   0x00003450   Section        0  dunder.o(i.__mathlib_dbl_infnan)
    i.__mathlib_dbl_invalid                  0x00003468   Section        0  dunder.o(i.__mathlib_dbl_invalid)
    i.__mathlib_dbl_overflow                 0x00003488   Section        0  dunder.o(i.__mathlib_dbl_overflow)
    i.__mathlib_dbl_underflow                0x000034a8   Section        0  dunder.o(i.__mathlib_dbl_underflow)
    i.__mathlib_narrow                       0x000034c8   Section        0  narrow.o(i.__mathlib_narrow)
    i.__support_ldexp                        0x000034da   Section        0  ldexp.o(i.__support_ldexp)
    i._is_digit                              0x000034ee   Section        0  scanf_fp.o(i._is_digit)
    i.audio_init                             0x000034fc   Section        0  audio.o(i.audio_init)
    i.delay_ms                               0x00003614   Section        0  delay.o(i.delay_ms)
    i.delay_us                               0x00003640   Section        0  delay.o(i.delay_us)
    i.dstc_init                              0x0000366c   Section        0  dstc.o(i.dstc_init)
    i.dstc_set_callback                      0x000038cc   Section        0  dstc.o(i.dstc_set_callback)
    i.fabs                                   0x00003930   Section        0  fabs.o(i.fabs)
    i.filt                                   0x00003948   Section        0  synth_neu.o(i.filt)
    i.frexp                                  0x00003a40   Section        0  frexp.o(i.frexp)
    i.i2c_enable                             0x00003acc   Section        0  i2c.o(i.i2c_enable)
    i.i2c_init                               0x00003ad8   Section        0  i2c.o(i.i2c_init)
    i.i2c_start                              0x00003b48   Section        0  i2c.o(i.i2c_start)
    i.i2c_stop                               0x00003b64   Section        0  i2c.o(i.i2c_stop)
    i.i2c_tx                                 0x00003b78   Section        0  i2c.o(i.i2c_tx)
    i.i2c_write                              0x00003b84   Section        0  i2c.o(i.i2c_write)
    i.i2s_init                               0x00003c18   Section        0  i2s.o(i.i2s_init)
    i.i2s_rx_dma_enable                      0x00003ec0   Section        0  i2s.o(i.i2s_rx_dma_enable)
    i.i2s_rx_enable                          0x00003ed4   Section        0  i2s.o(i.i2s_rx_enable)
    i.i2s_rx_threshold                       0x00003ef4   Section        0  i2s.o(i.i2s_rx_threshold)
    i.i2s_set_callback                       0x00003f08   Section        0  i2s.o(i.i2s_set_callback)
    i.i2s_start                              0x00003f6c   Section        0  i2s.o(i.i2s_start)
    i.i2s_tx                                 0x00003f80   Section        0  i2s.o(i.i2s_tx)
    i.i2s_tx_dma_enable                      0x00003f8c   Section        0  i2s.o(i.i2s_tx_dma_enable)
    i.i2s_tx_enable                          0x00003fa0   Section        0  i2s.o(i.i2s_tx_enable)
    i.i2s_tx_threshold                       0x00003fc0   Section        0  i2s.o(i.i2s_tx_threshold)
    i.init_slider_interface                  0x00003fd4   Section        0  fm4_slider_interface.o(i.init_slider_interface)
    i.main                                   0x000040a4   Section        0  synth_neu.o(i.main)
    i.mix                                    0x00004484   Section        0  synth_neu.o(i.mix)
    i.triangle                               0x000044b4   Section        0  synth_neu.o(i.triangle)
    i.update_slider_parameters               0x00004664   Section        0  fm4_slider_interface.o(i.update_slider_parameters)
    locale$$code                             0x0000478c   Section       44  lc_numeric_c.o(locale$$code)
    locale$$code                             0x000047b8   Section       44  lc_ctype_c.o(locale$$code)
    x$fpl$basic                              0x000047e4   Section       24  basic.o(x$fpl$basic)
    $v0                                      0x000047e4   Number         0  basic.o(x$fpl$basic)
    x$fpl$d2f                                0x000047fc   Section       98  d2f.o(x$fpl$d2f)
    $v0                                      0x000047fc   Number         0  d2f.o(x$fpl$d2f)
    x$fpl$dadd                               0x00004860   Section      336  daddsub_clz.o(x$fpl$dadd)
    $v0                                      0x00004860   Number         0  daddsub_clz.o(x$fpl$dadd)
    _dadd1                                   0x00004871   Thumb Code     0  daddsub_clz.o(x$fpl$dadd)
    x$fpl$dcheck1                            0x000049b0   Section       16  dcheck1.o(x$fpl$dcheck1)
    $v0                                      0x000049b0   Number         0  dcheck1.o(x$fpl$dcheck1)
    x$fpl$dcmpinf                            0x000049c0   Section       24  dcmpi.o(x$fpl$dcmpinf)
    $v0                                      0x000049c0   Number         0  dcmpi.o(x$fpl$dcmpinf)
    x$fpl$ddiv                               0x000049d8   Section      688  ddiv.o(x$fpl$ddiv)
    $v0                                      0x000049d8   Number         0  ddiv.o(x$fpl$ddiv)
    ddiv_entry                               0x000049df   Thumb Code     0  ddiv.o(x$fpl$ddiv)
    x$fpl$deqf                               0x00004c88   Section      120  deqf.o(x$fpl$deqf)
    $v0                                      0x00004c88   Number         0  deqf.o(x$fpl$deqf)
    x$fpl$dfix                               0x00004d00   Section       94  dfix.o(x$fpl$dfix)
    $v0                                      0x00004d00   Number         0  dfix.o(x$fpl$dfix)
    x$fpl$dflt                               0x00004d5e   Section       46  dflt_clz.o(x$fpl$dflt)
    $v0                                      0x00004d5e   Number         0  dflt_clz.o(x$fpl$dflt)
    x$fpl$dfltu                              0x00004d8c   Section       38  dflt_clz.o(x$fpl$dfltu)
    $v0                                      0x00004d8c   Number         0  dflt_clz.o(x$fpl$dfltu)
    x$fpl$dleqf                              0x00004db4   Section      120  dleqf.o(x$fpl$dleqf)
    $v0                                      0x00004db4   Number         0  dleqf.o(x$fpl$dleqf)
    x$fpl$dmul                               0x00004e2c   Section      340  dmul.o(x$fpl$dmul)
    $v0                                      0x00004e2c   Number         0  dmul.o(x$fpl$dmul)
    x$fpl$dnaninf                            0x00004f80   Section      156  dnaninf.o(x$fpl$dnaninf)
    $v0                                      0x00004f80   Number         0  dnaninf.o(x$fpl$dnaninf)
    x$fpl$dretinf                            0x0000501c   Section       12  dretinf.o(x$fpl$dretinf)
    $v0                                      0x0000501c   Number         0  dretinf.o(x$fpl$dretinf)
    x$fpl$drleqf                             0x00005028   Section      108  drleqf.o(x$fpl$drleqf)
    $v0                                      0x00005028   Number         0  drleqf.o(x$fpl$drleqf)
    x$fpl$drsb                               0x00005094   Section       22  daddsub_clz.o(x$fpl$drsb)
    $v0                                      0x00005094   Number         0  daddsub_clz.o(x$fpl$drsb)
    x$fpl$dsqrt                              0x000050ac   Section      408  dsqrt_umaal.o(x$fpl$dsqrt)
    $v0                                      0x000050ac   Number         0  dsqrt_umaal.o(x$fpl$dsqrt)
    x$fpl$dsub                               0x00005244   Section      468  daddsub_clz.o(x$fpl$dsub)
    $v0                                      0x00005244   Number         0  daddsub_clz.o(x$fpl$dsub)
    _dsub1                                   0x00005255   Thumb Code     0  daddsub_clz.o(x$fpl$dsub)
    x$fpl$f2d                                0x00005418   Section       86  f2d.o(x$fpl$f2d)
    $v0                                      0x00005418   Number         0  f2d.o(x$fpl$f2d)
    x$fpl$fnaninf                            0x0000546e   Section      140  fnaninf.o(x$fpl$fnaninf)
    $v0                                      0x0000546e   Number         0  fnaninf.o(x$fpl$fnaninf)
    x$fpl$fpinit                             0x000054fa   Section       10  fpinit.o(x$fpl$fpinit)
    $v0                                      0x000054fa   Number         0  fpinit.o(x$fpl$fpinit)
    x$fpl$fretinf                            0x00005504   Section       10  fretinf.o(x$fpl$fretinf)
    $v0                                      0x00005504   Number         0  fretinf.o(x$fpl$fretinf)
    x$fpl$ieeestatus                         0x0000550e   Section        6  istatus.o(x$fpl$ieeestatus)
    $v0                                      0x0000550e   Number         0  istatus.o(x$fpl$ieeestatus)
    x$fpl$retnan                             0x00005514   Section      100  retnan.o(x$fpl$retnan)
    $v0                                      0x00005514   Number         0  retnan.o(x$fpl$retnan)
    x$fpl$scalbn                             0x00005578   Section       92  scalbn.o(x$fpl$scalbn)
    $v0                                      0x00005578   Number         0  scalbn.o(x$fpl$scalbn)
    x$fpl$scanf1                             0x000055d4   Section        4  scanf1.o(x$fpl$scanf1)
    $v0                                      0x000055d4   Number         0  scanf1.o(x$fpl$scanf1)
    x$fpl$scanf2                             0x000055d8   Section        8  scanf2.o(x$fpl$scanf2)
    $v0                                      0x000055d8   Number         0  scanf2.o(x$fpl$scanf2)
    x$fpl$trapveneer                         0x000055e0   Section       48  trapv.o(x$fpl$trapveneer)
    $v0                                      0x000055e0   Number         0  trapv.o(x$fpl$trapveneer)
    .constdata                               0x00005610   Section      200  rred.o(.constdata)
    x$fpl$usenofp                            0x00005610   Section        0  usenofp.o(x$fpl$usenofp)
    pio2s                                    0x00005610   Data          48  rred.o(.constdata)
    twooverpi                                0x00005640   Data         152  rred.o(.constdata)
    .constdata                               0x000056d8   Section       96  tan_i.o(.constdata)
    Todd                                     0x000056d8   Data          48  tan_i.o(.constdata)
    Teven                                    0x00005708   Data          48  tan_i.o(.constdata)
    .constdata                               0x00005738   Section      148  bigflt0.o(.constdata)
    tenpwrs_x                                0x00005738   Data          60  bigflt0.o(.constdata)
    tenpwrs_i                                0x00005774   Data          64  bigflt0.o(.constdata)
    c$$dinf                                  0x000057ec   Section        8  fpconst.o(c$$dinf)
    c$$dmax                                  0x000057f4   Section        8  fpconst.o(c$$dmax)
    locale$$data                             0x000057fc   Section       28  lc_numeric_c.o(locale$$data)
    __lcnum_c_name                           0x00005800   Data           2  lc_numeric_c.o(locale$$data)
    __lcnum_c_start                          0x00005808   Data           0  lc_numeric_c.o(locale$$data)
    __lcnum_c_point                          0x00005814   Data           0  lc_numeric_c.o(locale$$data)
    __lcnum_c_thousands                      0x00005816   Data           0  lc_numeric_c.o(locale$$data)
    __lcnum_c_grouping                       0x00005817   Data           0  lc_numeric_c.o(locale$$data)
    locale$$data                             0x00005818   Section      272  lc_ctype_c.o(locale$$data)
    __lcnum_c_end                            0x00005818   Data           0  lc_numeric_c.o(locale$$data)
    __lcctype_c_name                         0x0000581c   Data           2  lc_ctype_c.o(locale$$data)
    __lcctype_c_start                        0x00005824   Data           0  lc_ctype_c.o(locale$$data)
    __lcctype_c_end                          0x00005928   Data           0  lc_ctype_c.o(locale$$data)
    .data                                    0x1ffd0000   Section       70  synth_neu.o(.data)
    audio_IN                                 0x1ffd0000   Data           4  synth_neu.o(.data)
    audio_OUT                                0x1ffd0004   Data           4  synth_neu.o(.data)
    rx_proc_buffer                           0x1ffd0008   Data           4  synth_neu.o(.data)
    tx_proc_buffer                           0x1ffd000c   Data           4  synth_neu.o(.data)
    tx_buffer_empty                          0x1ffd0010   Data           4  synth_neu.o(.data)
    rx_buffer_full                           0x1ffd0014   Data           4  synth_neu.o(.data)
    i1                                       0x1ffd001c   Data           2  synth_neu.o(.data)
    i2                                       0x1ffd001e   Data           2  synth_neu.o(.data)
    i                                        0x1ffd003c   Data           2  synth_neu.o(.data)
    i                                        0x1ffd003e   Data           2  synth_neu.o(.data)
    i                                        0x1ffd0040   Data           2  synth_neu.o(.data)
    up1                                      0x1ffd0042   Data           1  synth_neu.o(.data)
    up2                                      0x1ffd0043   Data           1  synth_neu.o(.data)
    i                                        0x1ffd0044   Data           2  synth_neu.o(.data)
    .data                                    0x1ffd0048   Section       36  dstc.o(.data)
    audio_IN                                 0x1ffd0048   Data           4  dstc.o(.data)
    audio_OUT                                0x1ffd004c   Data           4  dstc.o(.data)
    rx_proc_buffer                           0x1ffd0050   Data           4  dstc.o(.data)
    tx_proc_buffer                           0x1ffd0054   Data           4  dstc.o(.data)
    tx_buffer_empty                          0x1ffd0058   Data           4  dstc.o(.data)
    rx_buffer_full                           0x1ffd005c   Data           4  dstc.o(.data)
    dma_callback                             0x1ffd0068   Data           4  dstc.o(.data)
    .data                                    0x1ffd006c   Section       28  i2s.o(.data)
    audio_IN                                 0x1ffd006c   Data           4  i2s.o(.data)
    audio_OUT                                0x1ffd0070   Data           4  i2s.o(.data)
    rx_proc_buffer                           0x1ffd0074   Data           4  i2s.o(.data)
    tx_proc_buffer                           0x1ffd0078   Data           4  i2s.o(.data)
    tx_buffer_empty                          0x1ffd007c   Data           4  i2s.o(.data)
    rx_buffer_full                           0x1ffd0080   Data           4  i2s.o(.data)
    i2s_callback                             0x1ffd0084   Data           4  i2s.o(.data)
    .data                                    0x1ffd0088   Section       20  mfs.o(.data)
    .data                                    0x1ffd009c   Section       72  mfs_hl.o(.data)
    m_astcMfsHlInstanceDataLut               0x1ffd009c   Data          72  mfs_hl.o(.data)
    .data                                    0x1ffd00e4   Section        5  system_s6e2cc.o(.data)
    u8IoRegisterRead                         0x1ffd00e8   Data           1  system_s6e2cc.o(.data)
    .bss                                     0x1ffd00ec   Section     2232  synth_neu.o(.bss)
    dma_tx_buffer_pong                       0x1ffd00ec   Data         512  synth_neu.o(.bss)
    dma_tx_buffer_ping                       0x1ffd02ec   Data         512  synth_neu.o(.bss)
    dma_rx_buffer_ping                       0x1ffd04ec   Data         512  synth_neu.o(.bss)
    dma_rx_buffer_pong                       0x1ffd06ec   Data         512  synth_neu.o(.bss)
    h                                        0x1ffd093c   Data          52  synth_neu.o(.bss)
    array_in                                 0x1ffd0970   Data          52  synth_neu.o(.bss)
    .bss                                     0x1ffd09a4   Section     2104  dstc.o(.bss)
    dma_tx_buffer_pong                       0x1ffd09a4   Data         512  dstc.o(.bss)
    dma_tx_buffer_ping                       0x1ffd0ba4   Data         512  dstc.o(.bss)
    dma_rx_buffer_ping                       0x1ffd0da4   Data         512  dstc.o(.bss)
    dma_rx_buffer_pong                       0x1ffd0fa4   Data         512  dstc.o(.bss)
    .bss                                     0x1ffd11dc   Section      384  fm4_slider_interface.o(.bss)
    au8UartTxBuf                             0x1ffd11dc   Data         128  fm4_slider_interface.o(.bss)
    au8UartRxBuf                             0x1ffd125c   Data         256  fm4_slider_interface.o(.bss)
    .bss                                     0x1ffd135c   Section       96  libspace.o(.bss)
    HEAP                                     0x1ffd13c0   Section        0  startup_s6e2cc.o(HEAP)
    STACK                                    0x1ffd13c0   Section      512  startup_s6e2cc.o(STACK)
    Heap_Mem                                 0x1ffd13c0   Data           0  startup_s6e2cc.o(HEAP)
    Stack_Mem                                0x1ffd13c0   Data         512  startup_s6e2cc.o(STACK)
    __initial_sp                             0x1ffd15c0   Data           0  startup_s6e2cc.o(STACK)

    Global Symbols

    Symbol Name                              Value     Ov Type        Size  Object(Section)

    BuildAttributes$$THM_ISAv4$E$P$D$K$B$S$7EM$VFPi3$EXTD16$VFPS$VFMA$PE$A:L22UL41UL21$X:L11$S22US41US21$IEEE1$IW$USESV6$~STKCKD$USESV7$~SHL$OTIME$ROPI$IEEEX$EBA8$UX$STANDARDLIB$REQ8$PRES8$EABIv2 0x00000000   Number         0  anon$$obj.o ABSOLUTE
    __ARM_use_no_argv                        0x00000000   Number         0  synth_neu.o ABSOLUTE
    __Vectors                                0x00000000   Data           4  startup_s6e2cc.o(RESET)
    __ARM_exceptions_init                     - Undefined Weak Reference
    __alloca_initialize                       - Undefined Weak Reference
    __arm_preinit_                            - Undefined Weak Reference
    __cpp_initialize__aeabi_                  - Undefined Weak Reference
    __cxa_finalize                            - Undefined Weak Reference
    __sigvec_lookup                           - Undefined Weak Reference
    _atexit_init                              - Undefined Weak Reference
    _call_atexit_fns                          - Undefined Weak Reference
    _clock_init                               - Undefined Weak Reference
    _fp_trap_init                             - Undefined Weak Reference
    _fp_trap_shutdown                         - Undefined Weak Reference
    _get_lc_collate                           - Undefined Weak Reference
    _get_lc_monetary                          - Undefined Weak Reference
    _get_lc_time                              - Undefined Weak Reference
    _getenv_init                              - Undefined Weak Reference
    _handle_redirection                       - Undefined Weak Reference
    _init_alloc                               - Undefined Weak Reference
    _init_user_alloc                          - Undefined Weak Reference
    _initio                                   - Undefined Weak Reference
    _rand_init                                - Undefined Weak Reference
    _signal_finish                            - Undefined Weak Reference
    _signal_init                              - Undefined Weak Reference
    _terminate_alloc                          - Undefined Weak Reference
    _terminate_user_alloc                     - Undefined Weak Reference
    _terminateio                              - Undefined Weak Reference
    __Vectors_End                            0x00000240   Data           0  startup_s6e2cc.o(RESET)
    __Vectors_Size                           0x00000240   Number         0  startup_s6e2cc.o ABSOLUTE
    __main                                   0x00000241   Thumb Code     8  __main.o(!!!main)
    __scatterload                            0x00000249   Thumb Code     0  __scatter.o(!!!scatter)
    __scatterload_rt2                        0x00000249   Thumb Code    44  __scatter.o(!!!scatter)
    __scatterload_rt2_thumb_only             0x00000249   Thumb Code     0  __scatter.o(!!!scatter)
    __scatterload_null                       0x00000257   Thumb Code     0  __scatter.o(!!!scatter)
    __scatterload_copy                       0x0000027d   Thumb Code    26  __scatter_copy.o(!!handler_copy)
    __scatterload_zeroinit                   0x00000299   Thumb Code    28  __scatter_zi.o(!!handler_zi)
    __rt_lib_init                            0x000002b5   Thumb Code     0  libinit.o(.ARM.Collect$$libinit$$00000000)
    __rt_lib_init_fp_1                       0x000002b7   Thumb Code     0  libinit2.o(.ARM.Collect$$libinit$$00000001)
    __rt_lib_init_heap_1                     0x000002bb   Thumb Code     0  libinit2.o(.ARM.Collect$$libinit$$0000000A)
    __rt_lib_init_lc_common                  0x000002bb   Thumb Code     0  libinit2.o(.ARM.Collect$$libinit$$0000000F)
    __rt_lib_init_preinit_1                  0x000002bb   Thumb Code     0  libinit2.o(.ARM.Collect$$libinit$$00000004)
    __rt_lib_init_rand_1                     0x000002bb   Thumb Code     0  libinit2.o(.ARM.Collect$$libinit$$0000000E)
    __rt_lib_init_user_alloc_1               0x000002bb   Thumb Code     0  libinit2.o(.ARM.Collect$$libinit$$0000000C)
    __rt_lib_init_lc_collate_1               0x000002c1   Thumb Code     0  libinit2.o(.ARM.Collect$$libinit$$00000011)
    __rt_lib_init_lc_ctype_2                 0x000002c1   Thumb Code     0  libinit2.o(.ARM.Collect$$libinit$$00000012)
    __rt_lib_init_lc_ctype_1                 0x000002cd   Thumb Code     0  libinit2.o(.ARM.Collect$$libinit$$00000013)
    __rt_lib_init_lc_monetary_1              0x000002cd   Thumb Code     0  libinit2.o(.ARM.Collect$$libinit$$00000015)
    __rt_lib_init_lc_numeric_2               0x000002cd   Thumb Code     0  libinit2.o(.ARM.Collect$$libinit$$00000016)
    __rt_lib_init_alloca_1                   0x000002d7   Thumb Code     0  libinit2.o(.ARM.Collect$$libinit$$0000002E)
    __rt_lib_init_argv_1                     0x000002d7   Thumb Code     0  libinit2.o(.ARM.Collect$$libinit$$0000002C)
    __rt_lib_init_atexit_1                   0x000002d7   Thumb Code     0  libinit2.o(.ARM.Collect$$libinit$$0000001B)
    __rt_lib_init_clock_1                    0x000002d7   Thumb Code     0  libinit2.o(.ARM.Collect$$libinit$$00000021)
    __rt_lib_init_cpp_1                      0x000002d7   Thumb Code     0  libinit2.o(.ARM.Collect$$libinit$$00000032)
    __rt_lib_init_exceptions_1               0x000002d7   Thumb Code     0  libinit2.o(.ARM.Collect$$libinit$$00000030)
    __rt_lib_init_fp_trap_1                  0x000002d7   Thumb Code     0  libinit2.o(.ARM.Collect$$libinit$$0000001F)
    __rt_lib_init_getenv_1                   0x000002d7   Thumb Code     0  libinit2.o(.ARM.Collect$$libinit$$00000023)
    __rt_lib_init_lc_numeric_1               0x000002d7   Thumb Code     0  libinit2.o(.ARM.Collect$$libinit$$00000017)
    __rt_lib_init_lc_time_1                  0x000002d7   Thumb Code     0  libinit2.o(.ARM.Collect$$libinit$$00000019)
    __rt_lib_init_return                     0x000002d7   Thumb Code     0  libinit2.o(.ARM.Collect$$libinit$$00000033)
    __rt_lib_init_signal_1                   0x000002d7   Thumb Code     0  libinit2.o(.ARM.Collect$$libinit$$0000001D)
    __rt_lib_init_stdio_1                    0x000002d7   Thumb Code     0  libinit2.o(.ARM.Collect$$libinit$$00000025)
    __rt_lib_shutdown                        0x000002d9   Thumb Code     0  libshutdown.o(.ARM.Collect$$libshutdown$$00000000)
    __rt_lib_shutdown_cpp_1                  0x000002db   Thumb Code     0  libshutdown2.o(.ARM.Collect$$libshutdown$$00000002)
    __rt_lib_shutdown_fp_trap_1              0x000002db   Thumb Code     0  libshutdown2.o(.ARM.Collect$$libshutdown$$00000007)
    __rt_lib_shutdown_heap_1                 0x000002db   Thumb Code     0  libshutdown2.o(.ARM.Collect$$libshutdown$$0000000F)
    __rt_lib_shutdown_return                 0x000002db   Thumb Code     0  libshutdown2.o(.ARM.Collect$$libshutdown$$00000010)
    __rt_lib_shutdown_signal_1               0x000002db   Thumb Code     0  libshutdown2.o(.ARM.Collect$$libshutdown$$0000000A)
    __rt_lib_shutdown_stdio_1                0x000002db   Thumb Code     0  libshutdown2.o(.ARM.Collect$$libshutdown$$00000004)
    __rt_lib_shutdown_user_alloc_1           0x000002db   Thumb Code     0  libshutdown2.o(.ARM.Collect$$libshutdown$$0000000C)
    __rt_entry                               0x000002dd   Thumb Code     0  __rtentry.o(.ARM.Collect$$rtentry$$00000000)
    __rt_entry_presh_1                       0x000002dd   Thumb Code     0  __rtentry2.o(.ARM.Collect$$rtentry$$00000002)
    __rt_entry_sh                            0x000002dd   Thumb Code     0  __rtentry4.o(.ARM.Collect$$rtentry$$00000004)
    __rt_entry_li                            0x000002e3   Thumb Code     0  __rtentry2.o(.ARM.Collect$$rtentry$$0000000A)
    __rt_entry_postsh_1                      0x000002e3   Thumb Code     0  __rtentry2.o(.ARM.Collect$$rtentry$$00000009)
    __rt_entry_main                          0x000002e7   Thumb Code     0  __rtentry2.o(.ARM.Collect$$rtentry$$0000000D)
    __rt_entry_postli_1                      0x000002e7   Thumb Code     0  __rtentry2.o(.ARM.Collect$$rtentry$$0000000C)
    __rt_exit                                0x000002ef   Thumb Code     0  rtexit.o(.ARM.Collect$$rtexit$$00000000)
    __rt_exit_ls                             0x000002f1   Thumb Code     0  rtexit2.o(.ARM.Collect$$rtexit$$00000003)
    __rt_exit_prels_1                        0x000002f1   Thumb Code     0  rtexit2.o(.ARM.Collect$$rtexit$$00000002)
    __rt_exit_exit                           0x000002f5   Thumb Code     0  rtexit2.o(.ARM.Collect$$rtexit$$00000004)
    delay_cycles                             0x000002fd   Thumb Code    10  delay.o(.emb_text)
    Reset_Handler                            0x00000309   Thumb Code    20  startup_s6e2cc.o(.text)
    NMI_Handler                              0x0000031d   Thumb Code     2  startup_s6e2cc.o(.text)
    HardFault_Handler                        0x0000031f   Thumb Code     2  startup_s6e2cc.o(.text)
    MemManage_Handler                        0x00000321   Thumb Code     2  startup_s6e2cc.o(.text)
    BusFault_Handler                         0x00000323   Thumb Code     2  startup_s6e2cc.o(.text)
    UsageFault_Handler                       0x00000325   Thumb Code     2  startup_s6e2cc.o(.text)
    SVC_Handler                              0x00000327   Thumb Code     2  startup_s6e2cc.o(.text)
    DebugMon_Handler                         0x00000329   Thumb Code     2  startup_s6e2cc.o(.text)
    PendSV_Handler                           0x0000032b   Thumb Code     2  startup_s6e2cc.o(.text)
    SysTick_Handler                          0x0000032d   Thumb Code     2  startup_s6e2cc.o(.text)
    ADC0_IRQHandler                          0x0000032f   Thumb Code     0  startup_s6e2cc.o(.text)
    ADC1_IRQHandler                          0x0000032f   Thumb Code     0  startup_s6e2cc.o(.text)
    ADC2_IRQHandler                          0x0000032f   Thumb Code     0  startup_s6e2cc.o(.text)
    BT0_IRQHandler                           0x0000032f   Thumb Code     0  startup_s6e2cc.o(.text)
    BT10_IRQHandler                          0x0000032f   Thumb Code     0  startup_s6e2cc.o(.text)
    BT11_IRQHandler                          0x0000032f   Thumb Code     0  startup_s6e2cc.o(.text)
    BT12_15_IRQHandler                       0x0000032f   Thumb Code     0  startup_s6e2cc.o(.text)
    BT1_IRQHandler                           0x0000032f   Thumb Code     0  startup_s6e2cc.o(.text)
    BT2_IRQHandler                           0x0000032f   Thumb Code     0  startup_s6e2cc.o(.text)
    BT3_IRQHandler                           0x0000032f   Thumb Code     0  startup_s6e2cc.o(.text)
    BT4_IRQHandler                           0x0000032f   Thumb Code     0  startup_s6e2cc.o(.text)
    BT5_IRQHandler                           0x0000032f   Thumb Code     0  startup_s6e2cc.o(.text)
    BT6_IRQHandler                           0x0000032f   Thumb Code     0  startup_s6e2cc.o(.text)
    BT7_IRQHandler                           0x0000032f   Thumb Code     0  startup_s6e2cc.o(.text)
    BT8_IRQHandler                           0x0000032f   Thumb Code     0  startup_s6e2cc.o(.text)
    BT9_IRQHandler                           0x0000032f   Thumb Code     0  startup_s6e2cc.o(.text)
    CAN0_IRQHandler                          0x0000032f   Thumb Code     0  startup_s6e2cc.o(.text)
    CAN1_CANFD_IRQHandler                    0x0000032f   Thumb Code     0  startup_s6e2cc.o(.text)
    CSV_IRQHandler                           0x0000032f   Thumb Code     0  startup_s6e2cc.o(.text)
    DMAC0_IRQHandler                         0x0000032f   Thumb Code     0  startup_s6e2cc.o(.text)
    DMAC1_IRQHandler                         0x0000032f   Thumb Code     0  startup_s6e2cc.o(.text)
    DMAC2_IRQHandler                         0x0000032f   Thumb Code     0  startup_s6e2cc.o(.text)
    DMAC3_IRQHandler                         0x0000032f   Thumb Code     0  startup_s6e2cc.o(.text)
    DMAC4_IRQHandler                         0x0000032f   Thumb Code     0  startup_s6e2cc.o(.text)
    DMAC5_IRQHandler                         0x0000032f   Thumb Code     0  startup_s6e2cc.o(.text)
    DMAC6_IRQHandler                         0x0000032f   Thumb Code     0  startup_s6e2cc.o(.text)
    DMAC7_IRQHandler                         0x0000032f   Thumb Code     0  startup_s6e2cc.o(.text)
    DSTC_IRQHandler                          0x0000032f   Thumb Code     0  startup_s6e2cc.o(.text)
    DT1_2_IRAHandler                         0x0000032f   Thumb Code     0  startup_s6e2cc.o(.text)
    Dummy                                    0x0000032f   Thumb Code     0  startup_s6e2cc.o(.text)
    ETHER0_IRQHandler                        0x0000032f   Thumb Code     0  startup_s6e2cc.o(.text)
    EXINT0_IRQHandler                        0x0000032f   Thumb Code     0  startup_s6e2cc.o(.text)
    EXINT16_17_18_19_IRQHandler              0x0000032f   Thumb Code     0  startup_s6e2cc.o(.text)
    EXINT1_IRQHandler                        0x0000032f   Thumb Code     0  startup_s6e2cc.o(.text)
    EXINT20_21_22_23_IRQHandler              0x0000032f   Thumb Code     0  startup_s6e2cc.o(.text)
    EXINT24_25_26_27_IRQHandler              0x0000032f   Thumb Code     0  startup_s6e2cc.o(.text)
    EXINT28_29_30_31_IRQHandler              0x0000032f   Thumb Code     0  startup_s6e2cc.o(.text)
    EXINT2_IRQHandler                        0x0000032f   Thumb Code     0  startup_s6e2cc.o(.text)
    EXINT3_IRQHandler                        0x0000032f   Thumb Code     0  startup_s6e2cc.o(.text)
    EXINT4_IRQHandler                        0x0000032f   Thumb Code     0  startup_s6e2cc.o(.text)
    EXINT5_IRQHandler                        0x0000032f   Thumb Code     0  startup_s6e2cc.o(.text)
    EXINT6_IRQHandler                        0x0000032f   Thumb Code     0  startup_s6e2cc.o(.text)
    EXINT7_IRQHandler                        0x0000032f   Thumb Code     0  startup_s6e2cc.o(.text)
    EXTBUS_ERR_Handler                       0x0000032f   Thumb Code     0  startup_s6e2cc.o(.text)
    EXTINT10_IRQHandler                      0x0000032f   Thumb Code     0  startup_s6e2cc.o(.text)
    EXTINT11_IRQHandler                      0x0000032f   Thumb Code     0  startup_s6e2cc.o(.text)
    EXTINT12_IRQHandler                      0x0000032f   Thumb Code     0  startup_s6e2cc.o(.text)
    EXTINT13_IRQHandler                      0x0000032f   Thumb Code     0  startup_s6e2cc.o(.text)
    EXTINT14_IRQHandler                      0x0000032f   Thumb Code     0  startup_s6e2cc.o(.text)
    EXTINT15_IRQHandler                      0x0000032f   Thumb Code     0  startup_s6e2cc.o(.text)
    EXTINT8_IRQHandler                       0x0000032f   Thumb Code     0  startup_s6e2cc.o(.text)
    EXTINT9_IRQHandler                       0x0000032f   Thumb Code     0  startup_s6e2cc.o(.text)
    FLASHIF_IRQHandler                       0x0000032f   Thumb Code     0  startup_s6e2cc.o(.text)
    FRT0_PEAK_IRQHandler                     0x0000032f   Thumb Code     0  startup_s6e2cc.o(.text)
    FRT0_ZERO_IRQHandler                     0x0000032f   Thumb Code     0  startup_s6e2cc.o(.text)
    FRT1_PEAK_IRQHandler                     0x0000032f   Thumb Code     0  startup_s6e2cc.o(.text)
    FRT1_ZERO_IRQHandler                     0x0000032f   Thumb Code     0  startup_s6e2cc.o(.text)
    FRT2_PEAK_IRQHandler                     0x0000032f   Thumb Code     0  startup_s6e2cc.o(.text)
    FRT2_ZERO_IRQHandler                     0x0000032f   Thumb Code     0  startup_s6e2cc.o(.text)
    HSSPI_IRQHandler                         0x0000032f   Thumb Code     0  startup_s6e2cc.o(.text)
    ICU0_IRQHandler                          0x0000032f   Thumb Code     0  startup_s6e2cc.o(.text)
    ICU1_IRQHandler                          0x0000032f   Thumb Code     0  startup_s6e2cc.o(.text)
    ICU2_IRQHandler                          0x0000032f   Thumb Code     0  startup_s6e2cc.o(.text)
    IRQ003SEL_IRQHandler                     0x0000032f   Thumb Code     0  startup_s6e2cc.o(.text)
    IRQ004SEL_IRQHandler                     0x0000032f   Thumb Code     0  startup_s6e2cc.o(.text)
    IRQ005SEL_IRQHandler                     0x0000032f   Thumb Code     0  startup_s6e2cc.o(.text)
    IRQ006SEL_IRQHandler                     0x0000032f   Thumb Code     0  startup_s6e2cc.o(.text)
    IRQ007SEL_IRQHandler                     0x0000032f   Thumb Code     0  startup_s6e2cc.o(.text)
    IRQ008SEL_IRQHandler                     0x0000032f   Thumb Code     0  startup_s6e2cc.o(.text)
    IRQ009SEL_IRQHandler                     0x0000032f   Thumb Code     0  startup_s6e2cc.o(.text)
    IRQ010SEL_IRQHandler                     0x0000032f   Thumb Code     0  startup_s6e2cc.o(.text)
    LVD_IRQHandler                           0x0000032f   Thumb Code     0  startup_s6e2cc.o(.text)
    MFS0_RX_IRQHandler                       0x0000032f   Thumb Code     0  startup_s6e2cc.o(.text)
    MFS0_TX_IRQHandler                       0x0000032f   Thumb Code     0  startup_s6e2cc.o(.text)
    MFS10_RX_IRQHandler                      0x0000032f   Thumb Code     0  startup_s6e2cc.o(.text)
    MFS10_TX_IRQHandler                      0x0000032f   Thumb Code     0  startup_s6e2cc.o(.text)
    MFS11_RX_IRQHandler                      0x0000032f   Thumb Code     0  startup_s6e2cc.o(.text)
    MFS11_TX_IRQHandler                      0x0000032f   Thumb Code     0  startup_s6e2cc.o(.text)
    MFS12_RX_IRQHandler                      0x0000032f   Thumb Code     0  startup_s6e2cc.o(.text)
    MFS12_TX_IRQHandler                      0x0000032f   Thumb Code     0  startup_s6e2cc.o(.text)
    MFS13_RX_IRQHandler                      0x0000032f   Thumb Code     0  startup_s6e2cc.o(.text)
    MFS13_TX_IRQHandler                      0x0000032f   Thumb Code     0  startup_s6e2cc.o(.text)
    MFS14_RX_IRQHandler                      0x0000032f   Thumb Code     0  startup_s6e2cc.o(.text)
    MFS14_TX_IRQHandler                      0x0000032f   Thumb Code     0  startup_s6e2cc.o(.text)
    MFS15_RX_IRQHandler                      0x0000032f   Thumb Code     0  startup_s6e2cc.o(.text)
    MFS15_TX_IRQHandler                      0x0000032f   Thumb Code     0  startup_s6e2cc.o(.text)
    MFS1_RX_IRQHandler                       0x0000032f   Thumb Code     0  startup_s6e2cc.o(.text)
    MFS1_TX_IRQHandler                       0x0000032f   Thumb Code     0  startup_s6e2cc.o(.text)
    MFS2_RX_IRQHandler                       0x0000032f   Thumb Code     0  startup_s6e2cc.o(.text)
    MFS2_TX_IRQHandler                       0x0000032f   Thumb Code     0  startup_s6e2cc.o(.text)
    MFS3_RX_IRQHandler                       0x0000032f   Thumb Code     0  startup_s6e2cc.o(.text)
    MFS3_TX_IRQHandler                       0x0000032f   Thumb Code     0  startup_s6e2cc.o(.text)
    MFS4_RX_IRQHandler                       0x0000032f   Thumb Code     0  startup_s6e2cc.o(.text)
    MFS4_TX_IRQHandler                       0x0000032f   Thumb Code     0  startup_s6e2cc.o(.text)
    MFS5_RX_IRQHandler                       0x0000032f   Thumb Code     0  startup_s6e2cc.o(.text)
    MFS5_TX_IRQHandler                       0x0000032f   Thumb Code     0  startup_s6e2cc.o(.text)
    MFS6_RX_IRQHandler                       0x0000032f   Thumb Code     0  startup_s6e2cc.o(.text)
    MFS6_TX_IRQHandler                       0x0000032f   Thumb Code     0  startup_s6e2cc.o(.text)
    MFS7_RX_IRQHandler                       0x0000032f   Thumb Code     0  startup_s6e2cc.o(.text)
    MFS7_TX_IRQHandler                       0x0000032f   Thumb Code     0  startup_s6e2cc.o(.text)
    MFS8_RX_IRQHandler                       0x0000032f   Thumb Code     0  startup_s6e2cc.o(.text)
    MFS8_TX_IRQHandler                       0x0000032f   Thumb Code     0  startup_s6e2cc.o(.text)
    MFS9_RX_IRQHandler                       0x0000032f   Thumb Code     0  startup_s6e2cc.o(.text)
    MFS9_TX_IRQHandler                       0x0000032f   Thumb Code     0  startup_s6e2cc.o(.text)
    OCU0_IRQHandler                          0x0000032f   Thumb Code     0  startup_s6e2cc.o(.text)
    OCU1_IRQHandler                          0x0000032f   Thumb Code     0  startup_s6e2cc.o(.text)
    OCU2_IRQHandler                          0x0000032f   Thumb Code     0  startup_s6e2cc.o(.text)
    PPG00_02_04_IRQHandler                   0x0000032f   Thumb Code     0  startup_s6e2cc.o(.text)
    PPG08_10_12_IRQHandler                   0x0000032f   Thumb Code     0  startup_s6e2cc.o(.text)
    PPG16_18_20_IRQHandler                   0x0000032f   Thumb Code     0  startup_s6e2cc.o(.text)
    QPRC0_IRQHandler                         0x0000032f   Thumb Code     0  startup_s6e2cc.o(.text)
    QPRC1_IRQHandler                         0x0000032f   Thumb Code     0  startup_s6e2cc.o(.text)
    QPRC2_IRQHandler                         0x0000032f   Thumb Code     0  startup_s6e2cc.o(.text)
    QPRC3_IRQHandler                         0x0000032f   Thumb Code     0  startup_s6e2cc.o(.text)
    RTC_IRQHandler                           0x0000032f   Thumb Code     0  startup_s6e2cc.o(.text)
    SD_IRQHandler                            0x0000032f   Thumb Code     0  startup_s6e2cc.o(.text)
    SWDT_IRQHandler                          0x0000032f   Thumb Code     0  startup_s6e2cc.o(.text)
    TIM_IRQHandler                           0x0000032f   Thumb Code     0  startup_s6e2cc.o(.text)
    USB0_HOST_IRQHandler                     0x0000032f   Thumb Code     0  startup_s6e2cc.o(.text)
    USB0_IRQHandler                          0x0000032f   Thumb Code     0  startup_s6e2cc.o(.text)
    USB1_HDMICEC0_IRQHandler                 0x0000032f   Thumb Code     0  startup_s6e2cc.o(.text)
    USB1_HOST_HDMICEC1_IRQHandler            0x0000032f   Thumb Code     0  startup_s6e2cc.o(.text)
    WC_IRQHandler                            0x0000032f   Thumb Code     0  startup_s6e2cc.o(.text)
    WFG0_DTIF0_IRQHandler                    0x0000032f   Thumb Code     0  startup_s6e2cc.o(.text)
    WFG1_DTIF1_IRQHandler                    0x0000032f   Thumb Code     0  startup_s6e2cc.o(.text)
    WFG2_DTIF2_IRQHandler                    0x0000032f   Thumb Code     0  startup_s6e2cc.o(.text)
    __user_initial_stackheap                 0x00000331   Thumb Code     0  startup_s6e2cc.o(.text)
    atoi                                     0x00000355   Thumb Code    26  atoi.o(.text)
    __aeabi_memclr4                          0x0000036f   Thumb Code     0  rt_memclr_w.o(.text)
    __aeabi_memclr8                          0x0000036f   Thumb Code     0  rt_memclr_w.o(.text)
    __rt_memclr_w                            0x0000036f   Thumb Code    78  rt_memclr_w.o(.text)
    _memset_w                                0x00000373   Thumb Code     0  rt_memclr_w.o(.text)
    __use_two_region_memory                  0x000003bd   Thumb Code     2  heapauxi.o(.text)
    __rt_heap_escrow$2region                 0x000003bf   Thumb Code     2  heapauxi.o(.text)
    __rt_heap_expand$2region                 0x000003c1   Thumb Code     2  heapauxi.o(.text)
    __aeabi_errno_addr                       0x000003c5   Thumb Code     8  rt_errno_addr_intlibspace.o(.text)
    __errno$intlibspace                      0x000003c5   Thumb Code     0  rt_errno_addr_intlibspace.o(.text)
    __rt_errno_addr$intlibspace              0x000003c5   Thumb Code     0  rt_errno_addr_intlibspace.o(.text)
    __read_errno                             0x000003cd   Thumb Code    10  _rserrno.o(.text)
    __set_errno                              0x000003d7   Thumb Code    12  _rserrno.o(.text)
    __strtod_int                             0x00000421   Thumb Code    90  strtod.o(.text)
    strtol                                   0x00000489   Thumb Code   112  strtol.o(.text)
    __user_libspace                          0x000004f9   Thumb Code     8  libspace.o(.text)
    __user_perproc_libspace                  0x000004f9   Thumb Code     0  libspace.o(.text)
    __user_perthread_libspace                0x000004f9   Thumb Code     0  libspace.o(.text)
    __rt_ctype_table                         0x00000501   Thumb Code    16  rt_ctype_table.o(.text)
    isspace                                  0x00000511   Thumb Code    18  isspace.o(.text)
    _sgetc                                   0x00000523   Thumb Code    30  _sgetc.o(.text)
    _sbackspace                              0x00000541   Thumb Code    34  _sgetc.o(.text)
    _strtoul                                 0x00000563   Thumb Code   158  _strtoul.o(.text)
    __user_setup_stackheap                   0x00000601   Thumb Code    74  sys_stackheap_outer.o(.text)
    __rt_locale                              0x0000064d   Thumb Code     8  rt_locale_intlibspace.o(.text)
    _chval                                   0x00000655   Thumb Code    28  _chval.o(.text)
    _scanf_really_real                       0x000008bd   Thumb Code   684  scanf_fp.o(.text)
    exit                                     0x00000b69   Thumb Code    18  exit.o(.text)
    strcmp                                   0x00000b7d   Thumb Code   128  strcmpv7m.o(.text)
    _btod_etento                             0x00000bfd   Thumb Code   224  bigflt0.o(.text)
    _scanf_really_hex_real                   0x00000ce1   Thumb Code   786  scanf_hexfp.o(.text)
    _scanf_really_infnan                     0x00001001   Thumb Code   292  scanf_infnan.o(.text)
    _sys_exit                                0x00001135   Thumb Code     8  sys_exit.o(.text)
    __aeabi_llsl                             0x00001141   Thumb Code     0  llshl.o(.text)
    _ll_shift_l                              0x00001141   Thumb Code    38  llshl.o(.text)
    __I$use$semihosting                      0x00001167   Thumb Code     0  use_no_semi.o(.text)
    __use_no_semihosting_swi                 0x00001167   Thumb Code     2  use_no_semi.o(.text)
    __btod_div_common                        0x00001169   Thumb Code   696  btod.o(CL$$btod_div_common)
    __semihosting_library_function           0x00001169   Thumb Code     0  indicate_semi.o(.text)
    _e2d                                     0x000014a1   Thumb Code   122  btod.o(CL$$btod_e2d)
    _e2e                                     0x00001525   Thumb Code   220  btod.o(CL$$btod_e2e)
    _btod_ediv                               0x00001601   Thumb Code    42  btod.o(CL$$btod_ediv)
    _btod_edivd                              0x0000162b   Thumb Code    42  btod.o(CL$$btod_edivd)
    _btod_emul                               0x00001655   Thumb Code    42  btod.o(CL$$btod_emul)
    _btod_emuld                              0x0000167f   Thumb Code    42  btod.o(CL$$btod_emuld)
    __btod_mult_common                       0x000016a9   Thumb Code   580  btod.o(CL$$btod_mult_common)
    Codec_WriteRegister                      0x000018ed   Thumb Code    38  audio.o(i.Codec_WriteRegister)
    DSTCPchkCalc                             0x00001913   Thumb Code    40  dstc.o(i.DSTCPchkCalc)
    I2S_HANDLER                              0x0000193d   Thumb Code    92  synth_neu.o(i.I2S_HANDLER)
    Mfs_GetBusClock                          0x00001e79   Thumb Code   190  mfs.o(i.Mfs_GetBusClock)
    Mfs_GetReloadValue                       0x00001f45   Thumb Code    26  mfs.o(i.Mfs_GetReloadValue)
    Mfs_Hl_Read                              0x00001f5f   Thumb Code   526  mfs_hl.o(i.Mfs_Hl_Read)
    Mfs_Hl_Uart_Init                         0x0000216d   Thumb Code   772  mfs_hl.o(i.Mfs_Hl_Uart_Init)
    Mfs_Hl_Write                             0x00002479   Thumb Code   458  mfs_hl.o(i.Mfs_Hl_Write)
    Mfs_InitRxIrq                            0x00002645   Thumb Code    34  mfs.o(i.Mfs_InitRxIrq)
    Mfs_InitTxIrq                            0x0000266d   Thumb Code    34  mfs.o(i.Mfs_InitTxIrq)
    Mfs_SetRxIntCallBack                     0x00002695   Thumb Code    32  mfs.o(i.Mfs_SetRxIntCallBack)
    Mfs_SetTxIntCallBack                     0x000026b5   Thumb Code    32  mfs.o(i.Mfs_SetTxIntCallBack)
    Mfs_SetUpperLayerHandle                  0x000026d5   Thumb Code    32  mfs.o(i.Mfs_SetUpperLayerHandle)
    PDL_WAIT_LOOP_HOOK                       0x000026f5   Thumb Code     2  pdl.o(i.PDL_WAIT_LOOP_HOOK)
    PRGCRC_I2S_IRQHandler                    0x000026f9   Thumb Code    22  i2s.o(i.PRGCRC_I2S_IRQHandler)
    SystemInit                               0x00002715   Thumb Code   202  system_s6e2cc.o(i.SystemInit)
    __ARM_fpclassify                         0x000027fd   Thumb Code    48  fpclassify.o(i.__ARM_fpclassify)
    __hardfp___mathlib_tofloat               0x000028d1   Thumb Code   232  narrow.o(i.__hardfp___mathlib_tofloat)
    __hardfp_atof                            0x000029c9   Thumb Code    44  atof.o(i.__hardfp_atof)
    __hardfp_ldexp                           0x00002a01   Thumb Code   200  ldexp.o(i.__hardfp_ldexp)
    __hardfp_sqrt                            0x00002ad1   Thumb Code   122  sqrt.o(i.__hardfp_sqrt)
    __hardfp_tan                             0x00002b51   Thumb Code   108  tan.o(i.__hardfp_tan)
    __ieee754_rem_pio2                       0x00002bd1   Thumb Code   938  rred.o(i.__ieee754_rem_pio2)
    __kernel_poly                            0x00003009   Thumb Code   248  poly.o(i.__kernel_poly)
    __kernel_tan                             0x00003101   Thumb Code   764  tan_i.o(i.__kernel_tan)
    __mathlib_dbl_infnan                     0x00003451   Thumb Code    20  dunder.o(i.__mathlib_dbl_infnan)
    __mathlib_dbl_invalid                    0x00003469   Thumb Code    24  dunder.o(i.__mathlib_dbl_invalid)
    __mathlib_dbl_overflow                   0x00003489   Thumb Code    24  dunder.o(i.__mathlib_dbl_overflow)
    __mathlib_dbl_underflow                  0x000034a9   Thumb Code    24  dunder.o(i.__mathlib_dbl_underflow)
    __mathlib_narrow                         0x000034c9   Thumb Code    18  narrow.o(i.__mathlib_narrow)
    __support_ldexp                          0x000034db   Thumb Code    20  ldexp.o(i.__support_ldexp)
    _is_digit                                0x000034ef   Thumb Code    14  scanf_fp.o(i._is_digit)
    audio_init                               0x000034fd   Thumb Code   270  audio.o(i.audio_init)
    delay_ms                                 0x00003615   Thumb Code    40  delay.o(i.delay_ms)
    delay_us                                 0x00003641   Thumb Code    38  delay.o(i.delay_us)
    dstc_init                                0x0000366d   Thumb Code   574  dstc.o(i.dstc_init)
    dstc_set_callback                        0x000038cd   Thumb Code    86  dstc.o(i.dstc_set_callback)
    fabs                                     0x00003931   Thumb Code    24  fabs.o(i.fabs)
    filt                                     0x00003949   Thumb Code   206  synth_neu.o(i.filt)
    frexp                                    0x00003a41   Thumb Code   118  frexp.o(i.frexp)
    i2c_enable                               0x00003acd   Thumb Code     8  i2c.o(i.i2c_enable)
    i2c_init                                 0x00003ad9   Thumb Code    88  i2c.o(i.i2c_init)
    i2c_start                                0x00003b49   Thumb Code    20  i2c.o(i.i2c_start)
    i2c_stop                                 0x00003b65   Thumb Code    16  i2c.o(i.i2c_stop)
    i2c_tx                                   0x00003b79   Thumb Code     6  i2c.o(i.i2c_tx)
    i2c_write                                0x00003b85   Thumb Code   138  i2c.o(i.i2c_write)
    i2s_init                                 0x00003c19   Thumb Code   652  i2s.o(i.i2s_init)
    i2s_rx_dma_enable                        0x00003ec1   Thumb Code    14  i2s.o(i.i2s_rx_dma_enable)
    i2s_rx_enable                            0x00003ed5   Thumb Code    28  i2s.o(i.i2s_rx_enable)
    i2s_rx_threshold                         0x00003ef5   Thumb Code    16  i2s.o(i.i2s_rx_threshold)
    i2s_set_callback                         0x00003f09   Thumb Code    86  i2s.o(i.i2s_set_callback)
    i2s_start                                0x00003f6d   Thumb Code    16  i2s.o(i.i2s_start)
    i2s_tx                                   0x00003f81   Thumb Code     6  i2s.o(i.i2s_tx)
    i2s_tx_dma_enable                        0x00003f8d   Thumb Code    14  i2s.o(i.i2s_tx_dma_enable)
    i2s_tx_enable                            0x00003fa1   Thumb Code    28  i2s.o(i.i2s_tx_enable)
    i2s_tx_threshold                         0x00003fc1   Thumb Code    16  i2s.o(i.i2s_tx_threshold)
    init_slider_interface                    0x00003fd5   Thumb Code   182  fm4_slider_interface.o(i.init_slider_interface)
    main                                     0x000040a5   Thumb Code   928  synth_neu.o(i.main)
    mix                                      0x00004485   Thumb Code    48  synth_neu.o(i.mix)
    triangle                                 0x000044b5   Thumb Code   406  synth_neu.o(i.triangle)
    update_slider_parameters                 0x00004665   Thumb Code   276  fm4_slider_interface.o(i.update_slider_parameters)
    _get_lc_numeric                          0x0000478d   Thumb Code    44  lc_numeric_c.o(locale$$code)
    _get_lc_ctype                            0x000047b9   Thumb Code    44  lc_ctype_c.o(locale$$code)
    __aeabi_dneg                             0x000047e5   Thumb Code     0  basic.o(x$fpl$basic)
    _dneg                                    0x000047e5   Thumb Code     6  basic.o(x$fpl$basic)
    __aeabi_fneg                             0x000047eb   Thumb Code     0  basic.o(x$fpl$basic)
    _fneg                                    0x000047eb   Thumb Code     6  basic.o(x$fpl$basic)
    _dabs                                    0x000047f1   Thumb Code     6  basic.o(x$fpl$basic)
    _fabs                                    0x000047f7   Thumb Code     6  basic.o(x$fpl$basic)
    __aeabi_d2f                              0x000047fd   Thumb Code     0  d2f.o(x$fpl$d2f)
    _d2f                                     0x000047fd   Thumb Code    98  d2f.o(x$fpl$d2f)
    __aeabi_dadd                             0x00004861   Thumb Code     0  daddsub_clz.o(x$fpl$dadd)
    _dadd                                    0x00004861   Thumb Code   332  daddsub_clz.o(x$fpl$dadd)
    __fpl_dcheck_NaN1                        0x000049b1   Thumb Code    10  dcheck1.o(x$fpl$dcheck1)
    __fpl_dcmp_Inf                           0x000049c1   Thumb Code    24  dcmpi.o(x$fpl$dcmpinf)
    __aeabi_ddiv                             0x000049d9   Thumb Code     0  ddiv.o(x$fpl$ddiv)
    _ddiv                                    0x000049d9   Thumb Code   552  ddiv.o(x$fpl$ddiv)
    __aeabi_cdcmpeq                          0x00004c89   Thumb Code     0  deqf.o(x$fpl$deqf)
    _dcmpeq                                  0x00004c89   Thumb Code   120  deqf.o(x$fpl$deqf)
    __aeabi_d2iz                             0x00004d01   Thumb Code     0  dfix.o(x$fpl$dfix)
    _dfix                                    0x00004d01   Thumb Code    94  dfix.o(x$fpl$dfix)
    __aeabi_i2d                              0x00004d5f   Thumb Code     0  dflt_clz.o(x$fpl$dflt)
    _dflt                                    0x00004d5f   Thumb Code    46  dflt_clz.o(x$fpl$dflt)
    __aeabi_ui2d                             0x00004d8d   Thumb Code     0  dflt_clz.o(x$fpl$dfltu)
    _dfltu                                   0x00004d8d   Thumb Code    38  dflt_clz.o(x$fpl$dfltu)
    __aeabi_cdcmple                          0x00004db5   Thumb Code     0  dleqf.o(x$fpl$dleqf)
    _dcmple                                  0x00004db5   Thumb Code   120  dleqf.o(x$fpl$dleqf)
    __fpl_dcmple_InfNaN                      0x00004e17   Thumb Code     0  dleqf.o(x$fpl$dleqf)
    __aeabi_dmul                             0x00004e2d   Thumb Code     0  dmul.o(x$fpl$dmul)
    _dmul                                    0x00004e2d   Thumb Code   332  dmul.o(x$fpl$dmul)
    __fpl_dnaninf                            0x00004f81   Thumb Code   156  dnaninf.o(x$fpl$dnaninf)
    __fpl_dretinf                            0x0000501d   Thumb Code    12  dretinf.o(x$fpl$dretinf)
    __aeabi_cdrcmple                         0x00005029   Thumb Code     0  drleqf.o(x$fpl$drleqf)
    _drcmple                                 0x00005029   Thumb Code   108  drleqf.o(x$fpl$drleqf)
    __aeabi_drsub                            0x00005095   Thumb Code     0  daddsub_clz.o(x$fpl$drsb)
    _drsb                                    0x00005095   Thumb Code    22  daddsub_clz.o(x$fpl$drsb)
    _dsqrt                                   0x000050ad   Thumb Code   404  dsqrt_umaal.o(x$fpl$dsqrt)
    __aeabi_dsub                             0x00005245   Thumb Code     0  daddsub_clz.o(x$fpl$dsub)
    _dsub                                    0x00005245   Thumb Code   464  daddsub_clz.o(x$fpl$dsub)
    __aeabi_f2d                              0x00005419   Thumb Code     0  f2d.o(x$fpl$f2d)
    _f2d                                     0x00005419   Thumb Code    86  f2d.o(x$fpl$f2d)
    __fpl_fnaninf                            0x0000546f   Thumb Code   140  fnaninf.o(x$fpl$fnaninf)
    _fp_init                                 0x000054fb   Thumb Code    10  fpinit.o(x$fpl$fpinit)
    __fplib_config_fpu_vfp                   0x00005503   Thumb Code     0  fpinit.o(x$fpl$fpinit)
    __fplib_config_pureend_doubles           0x00005503   Thumb Code     0  fpinit.o(x$fpl$fpinit)
    __fpl_fretinf                            0x00005505   Thumb Code    10  fretinf.o(x$fpl$fretinf)
    __ieee_status                            0x0000550f   Thumb Code     6  istatus.o(x$fpl$ieeestatus)
    __fpl_return_NaN                         0x00005515   Thumb Code   100  retnan.o(x$fpl$retnan)
    __ARM_scalbn                             0x00005579   Thumb Code    92  scalbn.o(x$fpl$scalbn)
    _scanf_real                              0x000055d5   Thumb Code     4  scanf1.o(x$fpl$scanf1)
    _scanf_hex_real                          0x000055d9   Thumb Code     4  scanf2.o(x$fpl$scanf2)
    _scanf_infnan                            0x000055dd   Thumb Code     4  scanf2.o(x$fpl$scanf2)
    __fpl_cmpreturn                          0x000055e1   Thumb Code    48  trapv.o(x$fpl$trapveneer)
    __I$use$fp                               0x00005610   Number         0  usenofp.o(x$fpl$usenofp)
    Region$$Table$$Base                      0x000057cc   Number         0  anon$$obj.o(Region$$Table)
    Region$$Table$$Limit                     0x000057ec   Number         0  anon$$obj.o(Region$$Table)
    __aeabi_HUGE_VAL                         0x000057ec   Data           0  fpconst.o(c$$dinf)
    __aeabi_HUGE_VALL                        0x000057ec   Data           0  fpconst.o(c$$dinf)
    __aeabi_INFINITY                         0x000057ec   Data           0  fpconst.o(c$$dinf)
    __dInf                                   0x000057ec   Data           0  fpconst.o(c$$dinf)
    __huge_val                               0x000057ec   Data           0  fpconst.o(c$$dinf)
    __dbl_max                                0x000057f4   Data           0  fpconst.o(c$$dmax)
    __ctype                                  0x00005825   Data           0  lc_ctype_c.o(locale$$data)
    freq1                                    0x1ffd0018   Data           2  synth_neu.o(.data)
    freq2                                    0x1ffd001a   Data           2  synth_neu.o(.data)
    b0                                       0x1ffd0020   Data           4  synth_neu.o(.data)
    b1                                       0x1ffd0024   Data           4  synth_neu.o(.data)
    b2                                       0x1ffd0028   Data           4  synth_neu.o(.data)
    a1                                       0x1ffd002c   Data           4  synth_neu.o(.data)
    a2                                       0x1ffd0030   Data           4  synth_neu.o(.data)
    k                                        0x1ffd0034   Data           4  synth_neu.o(.data)
    fc                                       0x1ffd0038   Data           4  synth_neu.o(.data)
    stcDES0Backup0                           0x1ffd0060   Data           4  dstc.o(.data)
    stcDES0Backup1                           0x1ffd0064   Data           4  dstc.o(.data)
    m_astcMfsInstanceDataLut                 0x1ffd0088   Data          20  mfs.o(.data)
    SystemCoreClock                          0x1ffd00e4   Data           4  system_s6e2cc.o(.data)
    FM4_GUI                                  0x1ffd08ec   Data          80  synth_neu.o(.bss)
    stcDES                                   0x1ffd11a4   Data          56  dstc.o(.bss)
    __libspace_start                         0x1ffd135c   Data          96  libspace.o(.bss)
    __temporary_stack_top$libspace           0x1ffd13bc   Data           0  libspace.o(.bss)



==============================================================================

Memory Map of the image

  Image Entry point : 0x00000241

  Load Region LR_IROM1 (Base: 0x00000000, Size: 0x00005a14, Max: 0x00200000, ABSOLUTE)

    Execution Region ER_IROM1 (Exec base: 0x00000000, Load base: 0x00000000, Size: 0x00005928, Max: 0x00200000, ABSOLUTE)

    Exec Addr    Load Addr    Size         Type   Attr      Idx    E Section Name        Object

    0x00000000   0x00000000   0x00000240   Data   RO         1121    RESET               startup_s6e2cc.o
    0x00000240   0x00000240   0x00000008   Code   RO         1179  * !!!main             c_w.l(__main.o)
    0x00000248   0x00000248   0x00000034   Code   RO         1591    !!!scatter          c_w.l(__scatter.o)
    0x0000027c   0x0000027c   0x0000001a   Code   RO         1593    !!handler_copy      c_w.l(__scatter_copy.o)
    0x00000296   0x00000296   0x00000002   PAD
    0x00000298   0x00000298   0x0000001c   Code   RO         1595    !!handler_zi        c_w.l(__scatter_zi.o)
    0x000002b4   0x000002b4   0x00000002   Code   RO         1378    .ARM.Collect$$libinit$$00000000  c_w.l(libinit.o)
    0x000002b6   0x000002b6   0x00000004   Code   RO         1379    .ARM.Collect$$libinit$$00000001  c_w.l(libinit2.o)
    0x000002ba   0x000002ba   0x00000000   Code   RO         1382    .ARM.Collect$$libinit$$00000004  c_w.l(libinit2.o)
    0x000002ba   0x000002ba   0x00000000   Code   RO         1385    .ARM.Collect$$libinit$$0000000A  c_w.l(libinit2.o)
    0x000002ba   0x000002ba   0x00000000   Code   RO         1387    .ARM.Collect$$libinit$$0000000C  c_w.l(libinit2.o)
    0x000002ba   0x000002ba   0x00000000   Code   RO         1389    .ARM.Collect$$libinit$$0000000E  c_w.l(libinit2.o)
    0x000002ba   0x000002ba   0x00000006   Code   RO         1390    .ARM.Collect$$libinit$$0000000F  c_w.l(libinit2.o)
    0x000002c0   0x000002c0   0x00000000   Code   RO         1392    .ARM.Collect$$libinit$$00000011  c_w.l(libinit2.o)
    0x000002c0   0x000002c0   0x0000000c   Code   RO         1393    .ARM.Collect$$libinit$$00000012  c_w.l(libinit2.o)
    0x000002cc   0x000002cc   0x00000000   Code   RO         1394    .ARM.Collect$$libinit$$00000013  c_w.l(libinit2.o)
    0x000002cc   0x000002cc   0x00000000   Code   RO         1396    .ARM.Collect$$libinit$$00000015  c_w.l(libinit2.o)
    0x000002cc   0x000002cc   0x0000000a   Code   RO         1397    .ARM.Collect$$libinit$$00000016  c_w.l(libinit2.o)
    0x000002d6   0x000002d6   0x00000000   Code   RO         1398    .ARM.Collect$$libinit$$00000017  c_w.l(libinit2.o)
    0x000002d6   0x000002d6   0x00000000   Code   RO         1400    .ARM.Collect$$libinit$$00000019  c_w.l(libinit2.o)
    0x000002d6   0x000002d6   0x00000000   Code   RO         1402    .ARM.Collect$$libinit$$0000001B  c_w.l(libinit2.o)
    0x000002d6   0x000002d6   0x00000000   Code   RO         1404    .ARM.Collect$$libinit$$0000001D  c_w.l(libinit2.o)
    0x000002d6   0x000002d6   0x00000000   Code   RO         1406    .ARM.Collect$$libinit$$0000001F  c_w.l(libinit2.o)
    0x000002d6   0x000002d6   0x00000000   Code   RO         1408    .ARM.Collect$$libinit$$00000021  c_w.l(libinit2.o)
    0x000002d6   0x000002d6   0x00000000   Code   RO         1410    .ARM.Collect$$libinit$$00000023  c_w.l(libinit2.o)
    0x000002d6   0x000002d6   0x00000000   Code   RO         1412    .ARM.Collect$$libinit$$00000025  c_w.l(libinit2.o)
    0x000002d6   0x000002d6   0x00000000   Code   RO         1416    .ARM.Collect$$libinit$$0000002C  c_w.l(libinit2.o)
    0x000002d6   0x000002d6   0x00000000   Code   RO         1418    .ARM.Collect$$libinit$$0000002E  c_w.l(libinit2.o)
    0x000002d6   0x000002d6   0x00000000   Code   RO         1420    .ARM.Collect$$libinit$$00000030  c_w.l(libinit2.o)
    0x000002d6   0x000002d6   0x00000000   Code   RO         1422    .ARM.Collect$$libinit$$00000032  c_w.l(libinit2.o)
    0x000002d6   0x000002d6   0x00000002   Code   RO         1423    .ARM.Collect$$libinit$$00000033  c_w.l(libinit2.o)
    0x000002d8   0x000002d8   0x00000002   Code   RO         1514    .ARM.Collect$$libshutdown$$00000000  c_w.l(libshutdown.o)
    0x000002da   0x000002da   0x00000000   Code   RO         1541    .ARM.Collect$$libshutdown$$00000002  c_w.l(libshutdown2.o)
    0x000002da   0x000002da   0x00000000   Code   RO         1543    .ARM.Collect$$libshutdown$$00000004  c_w.l(libshutdown2.o)
    0x000002da   0x000002da   0x00000000   Code   RO         1546    .ARM.Collect$$libshutdown$$00000007  c_w.l(libshutdown2.o)
    0x000002da   0x000002da   0x00000000   Code   RO         1549    .ARM.Collect$$libshutdown$$0000000A  c_w.l(libshutdown2.o)
    0x000002da   0x000002da   0x00000000   Code   RO         1551    .ARM.Collect$$libshutdown$$0000000C  c_w.l(libshutdown2.o)
    0x000002da   0x000002da   0x00000000   Code   RO         1554    .ARM.Collect$$libshutdown$$0000000F  c_w.l(libshutdown2.o)
    0x000002da   0x000002da   0x00000002   Code   RO         1555    .ARM.Collect$$libshutdown$$00000010  c_w.l(libshutdown2.o)
    0x000002dc   0x000002dc   0x00000000   Code   RO         1239    .ARM.Collect$$rtentry$$00000000  c_w.l(__rtentry.o)
    0x000002dc   0x000002dc   0x00000000   Code   RO         1304    .ARM.Collect$$rtentry$$00000002  c_w.l(__rtentry2.o)
    0x000002dc   0x000002dc   0x00000006   Code   RO         1316    .ARM.Collect$$rtentry$$00000004  c_w.l(__rtentry4.o)
    0x000002e2   0x000002e2   0x00000000   Code   RO         1306    .ARM.Collect$$rtentry$$00000009  c_w.l(__rtentry2.o)
    0x000002e2   0x000002e2   0x00000004   Code   RO         1307    .ARM.Collect$$rtentry$$0000000A  c_w.l(__rtentry2.o)
    0x000002e6   0x000002e6   0x00000000   Code   RO         1309    .ARM.Collect$$rtentry$$0000000C  c_w.l(__rtentry2.o)
    0x000002e6   0x000002e6   0x00000008   Code   RO         1310    .ARM.Collect$$rtentry$$0000000D  c_w.l(__rtentry2.o)
    0x000002ee   0x000002ee   0x00000002   Code   RO         1424    .ARM.Collect$$rtexit$$00000000  c_w.l(rtexit.o)
    0x000002f0   0x000002f0   0x00000000   Code   RO         1476    .ARM.Collect$$rtexit$$00000002  c_w.l(rtexit2.o)
    0x000002f0   0x000002f0   0x00000004   Code   RO         1477    .ARM.Collect$$rtexit$$00000003  c_w.l(rtexit2.o)
    0x000002f4   0x000002f4   0x00000006   Code   RO         1478    .ARM.Collect$$rtexit$$00000004  c_w.l(rtexit2.o)
    0x000002fa   0x000002fa   0x00000002   PAD
    0x000002fc   0x000002fc   0x0000000a   Code   RO          249    .emb_text           delay.o
    0x00000306   0x00000306   0x00000002   PAD
    0x00000308   0x00000308   0x0000004c   Code   RO         1122    .text               startup_s6e2cc.o
    0x00000354   0x00000354   0x0000001a   Code   RO         1171    .text               c_w.l(atoi.o)
    0x0000036e   0x0000036e   0x0000004e   Code   RO         1175    .text               c_w.l(rt_memclr_w.o)
    0x000003bc   0x000003bc   0x00000006   Code   RO         1177    .text               c_w.l(heapauxi.o)
    0x000003c2   0x000003c2   0x00000002   PAD
    0x000003c4   0x000003c4   0x00000008   Code   RO         1243    .text               c_w.l(rt_errno_addr_intlibspace.o)
    0x000003cc   0x000003cc   0x00000016   Code   RO         1245    .text               c_w.l(_rserrno.o)
    0x000003e2   0x000003e2   0x00000002   PAD
    0x000003e4   0x000003e4   0x000000a4   Code   RO         1247    .text               c_w.l(strtod.o)
    0x00000488   0x00000488   0x00000070   Code   RO         1249    .text               c_w.l(strtol.o)
    0x000004f8   0x000004f8   0x00000008   Code   RO         1300    .text               c_w.l(libspace.o)
    0x00000500   0x00000500   0x00000010   Code   RO         1318    .text               c_w.l(rt_ctype_table.o)
    0x00000510   0x00000510   0x00000012   Code   RO         1320    .text               c_w.l(isspace.o)
    0x00000522   0x00000522   0x00000040   Code   RO         1322    .text               c_w.l(_sgetc.o)
    0x00000562   0x00000562   0x0000009e   Code   RO         1324    .text               c_w.l(_strtoul.o)
    0x00000600   0x00000600   0x0000004a   Code   RO         1353    .text               c_w.l(sys_stackheap_outer.o)
    0x0000064a   0x0000064a   0x00000002   PAD
    0x0000064c   0x0000064c   0x00000008   Code   RO         1358    .text               c_w.l(rt_locale_intlibspace.o)
    0x00000654   0x00000654   0x0000001c   Code   RO         1360    .text               c_w.l(_chval.o)
    0x00000670   0x00000670   0x000004f8   Code   RO         1362    .text               c_w.l(scanf_fp.o)
    0x00000b68   0x00000b68   0x00000012   Code   RO         1369    .text               c_w.l(exit.o)
    0x00000b7a   0x00000b7a   0x00000002   PAD
    0x00000b7c   0x00000b7c   0x00000080   Code   RO         1371    .text               c_w.l(strcmpv7m.o)
    0x00000bfc   0x00000bfc   0x000000e4   Code   RO         1426    .text               c_w.l(bigflt0.o)
    0x00000ce0   0x00000ce0   0x00000320   Code   RO         1482    .text               c_w.l(scanf_hexfp.o)
    0x00001000   0x00001000   0x00000134   Code   RO         1484    .text               c_w.l(scanf_infnan.o)
    0x00001134   0x00001134   0x0000000c   Code   RO         1502    .text               c_w.l(sys_exit.o)
    0x00001140   0x00001140   0x00000026   Code   RO         1506    .text               c_w.l(llshl.o)
    0x00001166   0x00001166   0x00000002   Code   RO         1531    .text               c_w.l(use_no_semi.o)
    0x00001168   0x00001168   0x00000000   Code   RO         1533    .text               c_w.l(indicate_semi.o)
    0x00001168   0x00001168   0x00000338   Code   RO         1439    CL$$btod_div_common  c_w.l(btod.o)
    0x000014a0   0x000014a0   0x00000084   Code   RO         1437    CL$$btod_e2d        c_w.l(btod.o)
    0x00001524   0x00001524   0x000000dc   Code   RO         1436    CL$$btod_e2e        c_w.l(btod.o)
    0x00001600   0x00001600   0x0000002a   Code   RO         1433    CL$$btod_ediv       c_w.l(btod.o)
    0x0000162a   0x0000162a   0x0000002a   Code   RO         1435    CL$$btod_edivd      c_w.l(btod.o)
    0x00001654   0x00001654   0x0000002a   Code   RO         1432    CL$$btod_emul       c_w.l(btod.o)
    0x0000167e   0x0000167e   0x0000002a   Code   RO         1434    CL$$btod_emuld      c_w.l(btod.o)
    0x000016a8   0x000016a8   0x00000244   Code   RO         1438    CL$$btod_mult_common  c_w.l(btod.o)
    0x000018ec   0x000018ec   0x00000026   Code   RO          178    i.Codec_WriteRegister  audio.o
    0x00001912   0x00001912   0x00000028   Code   RO          277    i.DSTCPchkCalc      dstc.o
    0x0000193a   0x0000193a   0x00000002   PAD
    0x0000193c   0x0000193c   0x00000064   Code   RO            4    i.I2S_HANDLER       synth_neu.o
    0x000019a0   0x000019a0   0x00000034   Code   RO          711    i.MfsGetInternDataPtr  mfs.o
    0x000019d4   0x000019d4   0x0000017e   Code   RO          849    i.MfsHlFifoUseInit  mfs_hl.o
    0x00001b52   0x00001b52   0x00000002   PAD
    0x00001b54   0x00001b54   0x00000034   Code   RO          850    i.MfsHlGetInternDataPtr  mfs_hl.o
    0x00001b88   0x00001b88   0x0000000c   Code   RO          851    i.MfsHlGetMin       mfs_hl.o
    0x00001b94   0x00001b94   0x0000007e   Code   RO          863    i.MfsHlIrqHandlerRx  mfs_hl.o
    0x00001c12   0x00001c12   0x000000b0   Code   RO          865    i.MfsHlIrqHandlerTx  mfs_hl.o
    0x00001cc2   0x00001cc2   0x000000fe   Code   RO          866    i.MfsHlReadBuf      mfs_hl.o
    0x00001dc0   0x00001dc0   0x000000b8   Code   RO          867    i.MfsHlWriteBuf     mfs_hl.o
    0x00001e78   0x00001e78   0x000000cc   Code   RO          716    i.Mfs_GetBusClock   mfs.o
    0x00001f44   0x00001f44   0x0000001a   Code   RO          717    i.Mfs_GetReloadValue  mfs.o
    0x00001f5e   0x00001f5e   0x0000020e   Code   RO          884    i.Mfs_Hl_Read       mfs_hl.o
    0x0000216c   0x0000216c   0x0000030c   Code   RO          886    i.Mfs_Hl_Uart_Init  mfs_hl.o
    0x00002478   0x00002478   0x000001ca   Code   RO          887    i.Mfs_Hl_Write      mfs_hl.o
    0x00002642   0x00002642   0x00000002   PAD
    0x00002644   0x00002644   0x00000028   Code   RO          719    i.Mfs_InitRxIrq     mfs.o
    0x0000266c   0x0000266c   0x00000028   Code   RO          720    i.Mfs_InitTxIrq     mfs.o
    0x00002694   0x00002694   0x00000020   Code   RO          721    i.Mfs_SetRxIntCallBack  mfs.o
    0x000026b4   0x000026b4   0x00000020   Code   RO          723    i.Mfs_SetTxIntCallBack  mfs.o
    0x000026d4   0x000026d4   0x00000020   Code   RO          724    i.Mfs_SetUpperLayerHandle  mfs.o
    0x000026f4   0x000026f4   0x00000002   Code   RO         1088    i.PDL_WAIT_LOOP_HOOK  pdl.o
    0x000026f6   0x000026f6   0x00000002   PAD
    0x000026f8   0x000026f8   0x0000001c   Code   RO          546    i.PRGCRC_I2S_IRQHandler  i2s.o
    0x00002714   0x00002714   0x000000e8   Code   RO         1130    i.SystemInit        system_s6e2cc.o
    0x000027fc   0x000027fc   0x00000030   Code   RO         1349    i.__ARM_fpclassify  m_wm.l(fpclassify.o)
    0x0000282c   0x0000282c   0x0000001c   Code   RO          279    i.__NVIC_ClearPendingIRQ  dstc.o
    0x00002848   0x00002848   0x0000001c   Code   RO          547    i.__NVIC_ClearPendingIRQ  i2s.o
    0x00002864   0x00002864   0x0000001c   Code   RO          725    i.__NVIC_ClearPendingIRQ  mfs.o
    0x00002880   0x00002880   0x00000022   Code   RO          727    i.__NVIC_EnableIRQ  mfs.o
    0x000028a2   0x000028a2   0x00000002   PAD
    0x000028a4   0x000028a4   0x00000028   Code   RO          728    i.__NVIC_SetPriority  mfs.o
    0x000028cc   0x000028cc   0x00000004   PAD
    0x000028d0   0x000028d0   0x000000f8   Code   RO         1467    i.__hardfp___mathlib_tofloat  m_wm.l(narrow.o)
    0x000029c8   0x000029c8   0x00000038   Code   RO         1197    i.__hardfp_atof     m_wm.l(atof.o)
    0x00002a00   0x00002a00   0x000000d0   Code   RO         1515    i.__hardfp_ldexp    m_wm.l(ldexp.o)
    0x00002ad0   0x00002ad0   0x0000007a   Code   RO         1215    i.__hardfp_sqrt     m_wm.l(sqrt.o)
    0x00002b4a   0x00002b4a   0x00000006   PAD
    0x00002b50   0x00002b50   0x00000080   Code   RO         1227    i.__hardfp_tan      m_wm.l(tan.o)
    0x00002bd0   0x00002bd0   0x00000438   Code   RO         1283    i.__ieee754_rem_pio2  m_wm.l(rred.o)
    0x00003008   0x00003008   0x000000f8   Code   RO         1351    i.__kernel_poly     m_wm.l(poly.o)
    0x00003100   0x00003100   0x00000350   Code   RO         1294    i.__kernel_tan      m_wm.l(tan_i.o)
    0x00003450   0x00003450   0x00000014   Code   RO         1270    i.__mathlib_dbl_infnan  m_wm.l(dunder.o)
    0x00003464   0x00003464   0x00000004   PAD
    0x00003468   0x00003468   0x00000020   Code   RO         1272    i.__mathlib_dbl_invalid  m_wm.l(dunder.o)
    0x00003488   0x00003488   0x00000020   Code   RO         1273    i.__mathlib_dbl_overflow  m_wm.l(dunder.o)
    0x000034a8   0x000034a8   0x00000020   Code   RO         1275    i.__mathlib_dbl_underflow  m_wm.l(dunder.o)
    0x000034c8   0x000034c8   0x00000012   Code   RO         1468    i.__mathlib_narrow  m_wm.l(narrow.o)
    0x000034da   0x000034da   0x00000014   Code   RO         1517    i.__support_ldexp   m_wm.l(ldexp.o)
    0x000034ee   0x000034ee   0x0000000e   Code   RO         1364    i._is_digit         c_w.l(scanf_fp.o)
    0x000034fc   0x000034fc   0x00000118   Code   RO          179    i.audio_init        audio.o
    0x00003614   0x00003614   0x0000002c   Code   RO          250    i.delay_ms          delay.o
    0x00003640   0x00003640   0x0000002c   Code   RO          251    i.delay_us          delay.o
    0x0000366c   0x0000366c   0x00000260   Code   RO          281    i.dstc_init         dstc.o
    0x000038cc   0x000038cc   0x00000064   Code   RO          283    i.dstc_set_callback  dstc.o
    0x00003930   0x00003930   0x00000018   Code   RO         1345    i.fabs              m_wm.l(fabs.o)
    0x00003948   0x00003948   0x000000f8   Code   RO            5    i.filt              synth_neu.o
    0x00003a40   0x00003a40   0x0000008c   Code   RO         1496    i.frexp             m_wm.l(frexp.o)
    0x00003acc   0x00003acc   0x0000000c   Code   RO          470    i.i2c_enable        i2c.o
    0x00003ad8   0x00003ad8   0x00000070   Code   RO          471    i.i2c_init          i2c.o
    0x00003b48   0x00003b48   0x0000001c   Code   RO          474    i.i2c_start         i2c.o
    0x00003b64   0x00003b64   0x00000014   Code   RO          475    i.i2c_stop          i2c.o
    0x00003b78   0x00003b78   0x0000000c   Code   RO          476    i.i2c_tx            i2c.o
    0x00003b84   0x00003b84   0x00000094   Code   RO          477    i.i2c_write         i2c.o
    0x00003c18   0x00003c18   0x000002a8   Code   RO          548    i.i2s_init          i2s.o
    0x00003ec0   0x00003ec0   0x00000014   Code   RO          550    i.i2s_rx_dma_enable  i2s.o
    0x00003ed4   0x00003ed4   0x00000020   Code   RO          551    i.i2s_rx_enable     i2s.o
    0x00003ef4   0x00003ef4   0x00000014   Code   RO          552    i.i2s_rx_threshold  i2s.o
    0x00003f08   0x00003f08   0x00000064   Code   RO          553    i.i2s_set_callback  i2s.o
    0x00003f6c   0x00003f6c   0x00000014   Code   RO          554    i.i2s_start         i2s.o
    0x00003f80   0x00003f80   0x0000000c   Code   RO          556    i.i2s_tx            i2s.o
    0x00003f8c   0x00003f8c   0x00000014   Code   RO          557    i.i2s_tx_dma_enable  i2s.o
    0x00003fa0   0x00003fa0   0x00000020   Code   RO          558    i.i2s_tx_enable     i2s.o
    0x00003fc0   0x00003fc0   0x00000014   Code   RO          559    i.i2s_tx_threshold  i2s.o
    0x00003fd4   0x00003fd4   0x000000d0   Code   RO          650    i.init_slider_interface  fm4_slider_interface.o
    0x000040a4   0x000040a4   0x000003e0   Code   RO            6    i.main              synth_neu.o
    0x00004484   0x00004484   0x00000030   Code   RO            7    i.mix               synth_neu.o
    0x000044b4   0x000044b4   0x000001b0   Code   RO           11    i.triangle          synth_neu.o
    0x00004664   0x00004664   0x00000128   Code   RO          651    i.update_slider_parameters  fm4_slider_interface.o
    0x0000478c   0x0000478c   0x0000002c   Code   RO         1327    locale$$code        c_w.l(lc_numeric_c.o)
    0x000047b8   0x000047b8   0x0000002c   Code   RO         1367    locale$$code        c_w.l(lc_ctype_c.o)
    0x000047e4   0x000047e4   0x00000018   Code   RO         1251    x$fpl$basic         fz_wm.l(basic.o)
    0x000047fc   0x000047fc   0x00000062   Code   RO         1181    x$fpl$d2f           fz_wm.l(d2f.o)
    0x0000485e   0x0000485e   0x00000002   PAD
    0x00004860   0x00004860   0x00000150   Code   RO         1183    x$fpl$dadd          fz_wm.l(daddsub_clz.o)
    0x000049b0   0x000049b0   0x00000010   Code   RO         1563    x$fpl$dcheck1       fz_wm.l(dcheck1.o)
    0x000049c0   0x000049c0   0x00000018   Code   RO         1329    x$fpl$dcmpinf       fz_wm.l(dcmpi.o)
    0x000049d8   0x000049d8   0x000002b0   Code   RO         1190    x$fpl$ddiv          fz_wm.l(ddiv.o)
    0x00004c88   0x00004c88   0x00000078   Code   RO         1490    x$fpl$deqf          fz_wm.l(deqf.o)
    0x00004d00   0x00004d00   0x0000005e   Code   RO         1331    x$fpl$dfix          fz_wm.l(dfix.o)
    0x00004d5e   0x00004d5e   0x0000002e   Code   RO         1336    x$fpl$dflt          fz_wm.l(dflt_clz.o)
    0x00004d8c   0x00004d8c   0x00000026   Code   RO         1335    x$fpl$dfltu         fz_wm.l(dflt_clz.o)
    0x00004db2   0x00004db2   0x00000002   PAD
    0x00004db4   0x00004db4   0x00000078   Code   RO         1253    x$fpl$dleqf         fz_wm.l(dleqf.o)
    0x00004e2c   0x00004e2c   0x00000154   Code   RO         1193    x$fpl$dmul          fz_wm.l(dmul.o)
    0x00004f80   0x00004f80   0x0000009c   Code   RO         1255    x$fpl$dnaninf       fz_wm.l(dnaninf.o)
    0x0000501c   0x0000501c   0x0000000c   Code   RO         1257    x$fpl$dretinf       fz_wm.l(dretinf.o)
    0x00005028   0x00005028   0x0000006c   Code   RO         1492    x$fpl$drleqf        fz_wm.l(drleqf.o)
    0x00005094   0x00005094   0x00000016   Code   RO         1184    x$fpl$drsb          fz_wm.l(daddsub_clz.o)
    0x000050aa   0x000050aa   0x00000002   PAD
    0x000050ac   0x000050ac   0x00000198   Code   RO         1259    x$fpl$dsqrt         fz_wm.l(dsqrt_umaal.o)
    0x00005244   0x00005244   0x000001d4   Code   RO         1185    x$fpl$dsub          fz_wm.l(daddsub_clz.o)
    0x00005418   0x00005418   0x00000056   Code   RO         1195    x$fpl$f2d           fz_wm.l(f2d.o)
    0x0000546e   0x0000546e   0x0000008c   Code   RO         1261    x$fpl$fnaninf       fz_wm.l(fnaninf.o)
    0x000054fa   0x000054fa   0x0000000a   Code   RO         1457    x$fpl$fpinit        fz_wm.l(fpinit.o)
    0x00005504   0x00005504   0x0000000a   Code   RO         1263    x$fpl$fretinf       fz_wm.l(fretinf.o)
    0x0000550e   0x0000550e   0x00000006   Code   RO         1459    x$fpl$ieeestatus    fz_wm.l(istatus.o)
    0x00005514   0x00005514   0x00000064   Code   RO         1569    x$fpl$retnan        fz_wm.l(retnan.o)
    0x00005578   0x00005578   0x0000005c   Code   RO         1556    x$fpl$scalbn        fz_wm.l(scalbn.o)
    0x000055d4   0x000055d4   0x00000004   Code   RO         1341    x$fpl$scanf1        fz_wm.l(scanf1.o)
    0x000055d8   0x000055d8   0x00000008   Code   RO         1461    x$fpl$scanf2        fz_wm.l(scanf2.o)
    0x000055e0   0x000055e0   0x00000030   Code   RO         1587    x$fpl$trapveneer    fz_wm.l(trapv.o)
    0x00005610   0x00005610   0x00000000   Code   RO         1265    x$fpl$usenofp       fz_wm.l(usenofp.o)
    0x00005610   0x00005610   0x000000c8   Data   RO         1285    .constdata          m_wm.l(rred.o)
    0x000056d8   0x000056d8   0x00000060   Data   RO         1295    .constdata          m_wm.l(tan_i.o)
    0x00005738   0x00005738   0x00000094   Data   RO         1427    .constdata          c_w.l(bigflt0.o)
    0x000057cc   0x000057cc   0x00000020   Data   RO         1589    Region$$Table       anon$$obj.o
    0x000057ec   0x000057ec   0x00000008   Data   RO         1453    c$$dinf             fz_wm.l(fpconst.o)
    0x000057f4   0x000057f4   0x00000008   Data   RO         1456    c$$dmax             fz_wm.l(fpconst.o)
    0x000057fc   0x000057fc   0x0000001c   Data   RO         1326    locale$$data        c_w.l(lc_numeric_c.o)
    0x00005818   0x00005818   0x00000110   Data   RO         1366    locale$$data        c_w.l(lc_ctype_c.o)


    Execution Region RW_IRAM1 (Exec base: 0x1ffd0000, Load base: 0x00005928, Size: 0x000015c0, Max: 0x00030000, ABSOLUTE)

    Exec Addr    Load Addr    Size         Type   Attr      Idx    E Section Name        Object

    0x1ffd0000   0x00005928   0x00000046   Data   RW           13    .data               synth_neu.o
    0x1ffd0046   0x0000596e   0x00000002   PAD
    0x1ffd0048   0x00005970   0x00000024   Data   RW          288    .data               dstc.o
    0x1ffd006c   0x00005994   0x0000001c   Data   RW          561    .data               i2s.o
    0x1ffd0088   0x000059b0   0x00000014   Data   RW          729    .data               mfs.o
    0x1ffd009c   0x000059c4   0x00000048   Data   RW          888    .data               mfs_hl.o
    0x1ffd00e4   0x00005a0c   0x00000005   Data   RW         1131    .data               system_s6e2cc.o
    0x1ffd00e9   0x00005a11   0x00000003   PAD
    0x1ffd00ec        -       0x000008b8   Zero   RW           12    .bss                synth_neu.o
    0x1ffd09a4        -       0x00000838   Zero   RW          287    .bss                dstc.o
    0x1ffd11dc        -       0x00000180   Zero   RW          653    .bss                fm4_slider_interface.o
    0x1ffd135c        -       0x00000060   Zero   RW         1301    .bss                c_w.l(libspace.o)
    0x1ffd13bc   0x00005a11   0x00000004   PAD
    0x1ffd13c0        -       0x00000000   Zero   RW         1120    HEAP                startup_s6e2cc.o
    0x1ffd13c0        -       0x00000200   Zero   RW         1119    STACK               startup_s6e2cc.o



  Load Region LR_IROM2 (Base: 0x00406000, Size: 0x00000000, Max: 0x0000a000, ABSOLUTE)

    Execution Region ER_IROM2 (Exec base: 0x00406000, Load base: 0x00406000, Size: 0x00000000, Max: 0x0000a000, ABSOLUTE)

    **** No section assigned to this execution region ****


==============================================================================

Image component sizes


      Code (inc. data)   RO Data    RW Data    ZI Data      Debug   Object Name

       318         10          0          0          0    1758566   audio.o
        98         10          0          0          0       1546   delay.o
       776         54          0         36       2104      33737   dstc.o
       504         46          0          0        384      17290   fm4_slider_interface.o
       332         56          0          0          0       3504   i2c.o
      1012         92          0         28          0       7165   i2s.o
       560         58          0         20          0      47625   mfs.o
      2950         18          0         72          0      10624   mfs_hl.o
         2          0          0          0          0        445   pdl.o
        76         26        576          0        512        852   startup_s6e2cc.o
      1820        140          0         70       2232    1752641   synth_neu.o
       232         30          0          5          0        915   system_s6e2cc.o

    ----------------------------------------------------------------------
      8696        544        608        236       5232    3634910   Object Totals
         0          0         32          0          0          0   (incl. Generated)
        16          4          0          5          0          0   (incl. Padding)

    ----------------------------------------------------------------------

      Code (inc. data)   RO Data    RW Data    ZI Data      Debug   Library Member Name

         8          0          0          0          0         68   __main.o
         0          0          0          0          0          0   __rtentry.o
        12          0          0          0          0          0   __rtentry2.o
         6          0          0          0          0          0   __rtentry4.o
        52          8          0          0          0          0   __scatter.o
        26          0          0          0          0          0   __scatter_copy.o
        28          0          0          0          0          0   __scatter_zi.o
        28          0          0          0          0         68   _chval.o
        22          0          0          0          0        100   _rserrno.o
        64          0          0          0          0         84   _sgetc.o
       158          0          0          0          0         92   _strtoul.o
        26          0          0          0          0         80   atoi.o
       228          4        148          0          0         96   bigflt0.o
      1924        136          0          0          0        756   btod.o
        18          0          0          0          0         80   exit.o
         6          0          0          0          0        152   heapauxi.o
         0          0          0          0          0          0   indicate_semi.o
        18          0          0          0          0         76   isspace.o
        44         10        272          0          0         76   lc_ctype_c.o
        44         10         28          0          0         76   lc_numeric_c.o
         2          0          0          0          0          0   libinit.o
        34          0          0          0          0          0   libinit2.o
         2          0          0          0          0          0   libshutdown.o
         2          0          0          0          0          0   libshutdown2.o
         8          4          0          0         96         68   libspace.o
        38          0          0          0          0         68   llshl.o
        16          4          0          0          0         76   rt_ctype_table.o
         8          4          0          0          0         68   rt_errno_addr_intlibspace.o
         8          4          0          0          0         68   rt_locale_intlibspace.o
        78          0          0          0          0         80   rt_memclr_w.o
         2          0          0          0          0          0   rtexit.o
        10          0          0          0          0          0   rtexit2.o
      1286         16          0          0          0        236   scanf_fp.o
       800         14          0          0          0        100   scanf_hexfp.o
       308         16          0          0          0        100   scanf_infnan.o
       128          0          0          0          0         68   strcmpv7m.o
       164         14          0          0          0        120   strtod.o
       112          0          0          0          0         88   strtol.o
        12          4          0          0          0         68   sys_exit.o
        74          0          0          0          0         80   sys_stackheap_outer.o
         2          0          0          0          0         68   use_no_semi.o
        24          0          0          0          0        164   basic.o
        98          4          0          0          0        140   d2f.o
       826         16          0          0          0        492   daddsub_clz.o
        16          4          0          0          0        116   dcheck1.o
        24          0          0          0          0        116   dcmpi.o
       688        140          0          0          0        256   ddiv.o
       120          4          0          0          0        140   deqf.o
        94          4          0          0          0        140   dfix.o
        84          0          0          0          0        232   dflt_clz.o
       120          4          0          0          0        140   dleqf.o
       340         12          0          0          0        152   dmul.o
       156          4          0          0          0        140   dnaninf.o
        12          0          0          0          0        116   dretinf.o
       108          0          0          0          0        128   drleqf.o
       408         56          0          0          0        168   dsqrt_umaal.o
        86          4          0          0          0        132   f2d.o
       140          4          0          0          0        132   fnaninf.o
         0          0         16          0          0          0   fpconst.o
        10          0          0          0          0        116   fpinit.o
        10          0          0          0          0        116   fretinf.o
         6          0          0          0          0        116   istatus.o
       100          0          0          0          0        116   retnan.o
        92          0          0          0          0        116   scalbn.o
         4          0          0          0          0        116   scanf1.o
         8          0          0          0          0        132   scanf2.o
        48          0          0          0          0        116   trapv.o
         0          0          0          0          0          0   usenofp.o
        56         12          0          0          0        132   atof.o
       116         24          0          0          0        496   dunder.o
        24          0          0          0          0        124   fabs.o
        48          0          0          0          0        124   fpclassify.o
       140         22          0          0          0        132   frexp.o
       228          8          0          0          0        308   ldexp.o
       266         16          0          0          0        308   narrow.o
       248          0          0          0          0        152   poly.o
      1080        142        200          0          0        188   rred.o
       122          0          0          0          0        148   sqrt.o
       128         20          0          0          0        144   tan.o
       848         84         96          0          0        196   tan_i.o

    ----------------------------------------------------------------------
     12760        832        760          0        100       9460   Library Totals
        28          0          0          0          4          0   (incl. Padding)

    ----------------------------------------------------------------------

      Code (inc. data)   RO Data    RW Data    ZI Data      Debug   Library Name

      5806        248        448          0         96       3160   c_w.l
      3622        256         16          0          0       3848   fz_wm.l
      3304        328        296          0          0       2452   m_wm.l

    ----------------------------------------------------------------------
     12760        832        760          0        100       9460   Library Totals

    ----------------------------------------------------------------------

==============================================================================


      Code (inc. data)   RO Data    RW Data    ZI Data      Debug   

     21456       1376       1368        236       5332    3633306   Grand Totals
     21456       1376       1368        236       5332    3633306   ELF Image Totals
     21456       1376       1368        236          0          0   ROM Totals

==============================================================================

    Total RO  Size (Code + RO Data)                22824 (  22.29kB)
    Total RW  Size (RW Data + ZI Data)              5568 (   5.44kB)
    Total ROM Size (Code + RO Data + RW Data)      23060 (  22.52kB)

==============================================================================

