Component: ARM Compiler 5.06 update 6 (build 750) Tool: armlink [4d35ed]

==============================================================================

Section Cross References

    synth_neu.o(i.I2S_HANDLER) refers to synth_neu.o(i.pval2int) for pval2int
    synth_neu.o(i.I2S_HANDLER) refers to synth_neu.o(i.mix) for mix
    synth_neu.o(i.I2S_HANDLER) refers to i2s.o(i.i2s_tx) for i2s_tx
    synth_neu.o(i.I2S_HANDLER) refers to synth_neu.o(.bss) for FM4_GUI
    synth_neu.o(i.I2S_HANDLER) refers to synth_neu.o(.data) for audio_OUT
    synth_neu.o(i.filt) refers to synth_neu.o(.bss) for h
    synth_neu.o(i.main) refers to fm4_slider_interface.o(i.init_slider_interface) for init_slider_interface
    synth_neu.o(i.main) refers to audio.o(i.audio_init) for audio_init
    synth_neu.o(i.main) refers to fm4_slider_interface.o(i.update_slider_parameters) for update_slider_parameters
    synth_neu.o(i.main) refers to synth_neu.o(.bss) for FM4_GUI
    synth_neu.o(i.main) refers to synth_neu.o(i.I2S_HANDLER) for I2S_HANDLER
    synth_neu.o(i.sawtooth) refers to synth_neu.o(.data) for i1
    synth_neu.o(i.sine) refers to f2d.o(x$fpl$f2d) for __aeabi_f2d
    synth_neu.o(i.sine) refers to sin.o(i.__hardfp_sin) for __hardfp_sin
    synth_neu.o(i.sine) refers to d2f.o(x$fpl$d2f) for __aeabi_d2f
    synth_neu.o(i.sine) refers to synth_neu.o(.data) for i1
    synth_neu.o(i.square) refers to synth_neu.o(.data) for i1
    synth_neu.o(i.triangle) refers to synth_neu.o(.data) for i1
    synth_neu.o(.data) refers to synth_neu.o(i.sine) for sine
    synth_neu.o(.data) refers to synth_neu.o(i.square) for square
    synth_neu.o(.data) refers to synth_neu.o(i.triangle) for triangle
    synth_neu.o(.data) refers to synth_neu.o(i.sawtooth) for sawtooth
    audio.o(i.Codec_WriteRegister) refers to delay.o(i.delay_ms) for delay_ms
    audio.o(i.Codec_WriteRegister) refers to i2c.o(i.i2c_write) for i2c_write
    audio.o(i.audio_init) refers to i2c.o(i.i2c_init) for i2c_init
    audio.o(i.audio_init) refers to delay.o(i.delay_us) for delay_us
    audio.o(i.audio_init) refers to audio.o(i.Codec_WriteRegister) for Codec_WriteRegister
    audio.o(i.audio_init) refers to i2s.o(i.i2s_init) for i2s_init
    audio.o(i.audio_init) refers to dstc.o(i.dstc_init) for dstc_init
    audio.o(i.audio_init) refers to dstc.o(i.dstc_set_callback) for dstc_set_callback
    audio.o(i.audio_init) refers to i2s.o(i.i2s_rx_threshold) for i2s_rx_threshold
    audio.o(i.audio_init) refers to i2s.o(i.i2s_tx_threshold) for i2s_tx_threshold
    audio.o(i.audio_init) refers to i2s.o(i.i2s_rx_dma_enable) for i2s_rx_dma_enable
    audio.o(i.audio_init) refers to i2s.o(i.i2s_tx_dma_enable) for i2s_tx_dma_enable
    audio.o(i.audio_init) refers to i2s.o(i.i2s_rx_enable) for i2s_rx_enable
    audio.o(i.audio_init) refers to i2s.o(i.i2s_tx_enable) for i2s_tx_enable
    audio.o(i.audio_init) refers to i2s.o(i.i2s_start) for i2s_start
    audio.o(i.audio_init) refers to i2s.o(i.i2s_set_callback) for i2s_set_callback
    audio.o(i.init_LED) refers to gpio.o(i.gpio_set_mode) for gpio_set_mode
    audio.o(i.prbs) refers to audio.o(.data) for sreg
    delay.o(i.delay_ms) refers to delay.o(.emb_text) for delay_cycles
    delay.o(i.delay_us) refers to delay.o(.emb_text) for delay_cycles
    dstc.o(i.DSTC_COMP_IRQHandler) refers to dstc.o(.data) for dma_callback
    dstc.o(i.dstc_dest_memory) refers to dstc.o(.bss) for stcDES
    dstc.o(i.dstc_init) refers to dstc.o(i.DSTCPchkCalc) for DSTCPchkCalc
    dstc.o(i.dstc_init) refers to dstc.o(.bss) for stcDES
    dstc.o(i.dstc_reset) refers to dstc.o(i.__NVIC_ClearPendingIRQ) for __NVIC_ClearPendingIRQ
    dstc.o(i.dstc_set_callback) refers to dstc.o(i.__NVIC_ClearPendingIRQ) for __NVIC_ClearPendingIRQ
    dstc.o(i.dstc_set_callback) refers to dstc.o(.data) for dma_callback
    dstc.o(i.dstc_src_memory) refers to dstc.o(.bss) for stcDES
    dstc.o(i.dstc_transfersize) refers to dstc.o(.bss) for stcDES
    gpio.o(i.port_isr0) refers to gpio.o(i.port_isr) for port_isr
    gpio.o(i.port_isr1) refers to gpio.o(i.port_isr) for port_isr
    gpio.o(i.port_isr2) refers to gpio.o(i.port_isr) for port_isr
    gpio.o(i.port_isr3) refers to gpio.o(i.port_isr) for port_isr
    gpio.o(i.port_isr4) refers to gpio.o(i.port_isr) for port_isr
    i2c.o(i.i2c_start) refers to i2c.o(i.i2c_enable) for i2c_enable
    i2c.o(i.i2c_stop) refers to delay.o(i.delay_us) for delay_us
    i2c.o(i.i2c_write) refers to i2c.o(i.i2c_start) for i2c_start
    i2c.o(i.i2c_write) refers to i2c.o(i.i2c_tx) for i2c_tx
    i2c.o(i.i2c_write) refers to i2c.o(i.i2c_stop) for i2c_stop
    i2c.o(i.i2c_write) refers to delay.o(i.delay_ms) for delay_ms
    i2s.o(i.PRGCRC_I2S_IRQHandler) refers to i2s.o(i.__NVIC_ClearPendingIRQ) for __NVIC_ClearPendingIRQ
    i2s.o(i.PRGCRC_I2S_IRQHandler) refers to i2s.o(.data) for i2s_callback
[...]
    i.__NVIC_EnableIRQ                       0x000029f8   Section        0  mfs.o(i.__NVIC_EnableIRQ)
    __NVIC_EnableIRQ                         0x000029f9   Thumb Code    34  mfs.o(i.__NVIC_EnableIRQ)
    i.__NVIC_SetPriority                     0x00002a1c   Section        0  mfs.o(i.__NVIC_SetPriority)
    __NVIC_SetPriority                       0x00002a1d   Thumb Code    32  mfs.o(i.__NVIC_SetPriority)
    i.__hardfp___mathlib_tofloat             0x00002a48   Section        0  narrow.o(i.__hardfp___mathlib_tofloat)
    i.__hardfp_atof                          0x00002b40   Section        0  atof.o(i.__hardfp_atof)
    i.__hardfp_ldexp                         0x00002b78   Section        0  ldexp.o(i.__hardfp_ldexp)
    i.__hardfp_sin                           0x00002c48   Section        0  sin.o(i.__hardfp_sin)
    i.__ieee754_rem_pio2                     0x00002d10   Section        0  rred.o(i.__ieee754_rem_pio2)
    i.__kernel_cos                           0x00003148   Section        0  cos_i.o(i.__kernel_cos)
    i.__kernel_poly                          0x000032b8   Section        0  poly.o(i.__kernel_poly)
    i.__kernel_sin                           0x000033b0   Section        0  sin_i.o(i.__kernel_sin)
    i.__mathlib_dbl_infnan                   0x000034e0   Section        0  dunder.o(i.__mathlib_dbl_infnan)
    i.__mathlib_dbl_invalid                  0x000034f8   Section        0  dunder.o(i.__mathlib_dbl_invalid)
    i.__mathlib_dbl_overflow                 0x00003518   Section        0  dunder.o(i.__mathlib_dbl_overflow)
    i.__mathlib_dbl_underflow                0x00003538   Section        0  dunder.o(i.__mathlib_dbl_underflow)
    i.__mathlib_narrow                       0x00003558   Section        0  narrow.o(i.__mathlib_narrow)
    i.__support_ldexp                        0x0000356a   Section        0  ldexp.o(i.__support_ldexp)
    i._is_digit                              0x0000357e   Section        0  scanf_fp.o(i._is_digit)
    i.audio_init                             0x0000358c   Section        0  audio.o(i.audio_init)
    i.delay_ms                               0x000036a4   Section        0  delay.o(i.delay_ms)
    i.delay_us                               0x000036d0   Section        0  delay.o(i.delay_us)
    i.dstc_init                              0x000036fc   Section        0  dstc.o(i.dstc_init)
    i.dstc_set_callback                      0x0000395c   Section        0  dstc.o(i.dstc_set_callback)
    i.fabs                                   0x000039c0   Section        0  fabs.o(i.fabs)
    i.frexp                                  0x000039d8   Section        0  frexp.o(i.frexp)
    i.i2c_enable                             0x00003a64   Section        0  i2c.o(i.i2c_enable)
    i.i2c_init                               0x00003a70   Section        0  i2c.o(i.i2c_init)
    i.i2c_start                              0x00003ae0   Section        0  i2c.o(i.i2c_start)
    i.i2c_stop                               0x00003afc   Section        0  i2c.o(i.i2c_stop)
    i.i2c_tx                                 0x00003b10   Section        0  i2c.o(i.i2c_tx)
    i.i2c_write                              0x00003b1c   Section        0  i2c.o(i.i2c_write)
    i.i2s_init                               0x00003bb0   Section        0  i2s.o(i.i2s_init)
    i.i2s_rx_dma_enable                      0x00003e58   Section        0  i2s.o(i.i2s_rx_dma_enable)
    i.i2s_rx_enable                          0x00003e6c   Section        0  i2s.o(i.i2s_rx_enable)
    i.i2s_rx_threshold                       0x00003e8c   Section        0  i2s.o(i.i2s_rx_threshold)
    i.i2s_set_callback                       0x00003ea0   Section        0  i2s.o(i.i2s_set_callback)
    i.i2s_start                              0x00003f04   Section        0  i2s.o(i.i2s_start)
    i.i2s_tx                                 0x00003f18   Section        0  i2s.o(i.i2s_tx)
    i.i2s_tx_dma_enable                      0x00003f24   Section        0  i2s.o(i.i2s_tx_dma_enable)
    i.i2s_tx_enable                          0x00003f38   Section        0  i2s.o(i.i2s_tx_enable)
    i.i2s_tx_threshold                       0x00003f58   Section        0  i2s.o(i.i2s_tx_threshold)
    i.init_slider_interface                  0x00003f6c   Section        0  fm4_slider_interface.o(i.init_slider_interface)
    i.main                                   0x00004058   Section        0  synth_neu.o(i.main)
    i.mix                                    0x000040a8   Section        0  synth_neu.o(i.mix)
    i.pval2int                               0x000040d8   Section        0  synth_neu.o(i.pval2int)
    i.sawtooth                               0x000040e0   Section        0  synth_neu.o(i.sawtooth)
    i.sine                                   0x000041fc   Section        0  synth_neu.o(i.sine)
    i.square                                 0x0000433c   Section        0  synth_neu.o(i.square)
    i.triangle                               0x0000446c   Section        0  synth_neu.o(i.triangle)
    i.update_slider_parameters               0x00004604   Section        0  fm4_slider_interface.o(i.update_slider_parameters)
    locale$$code                             0x0000472c   Section       44  lc_numeric_c.o(locale$$code)
    locale$$code                             0x00004758   Section       44  lc_ctype_c.o(locale$$code)
    x$fpl$basic                              0x00004784   Section       24  basic.o(x$fpl$basic)
    $v0                                      0x00004784   Number         0  basic.o(x$fpl$basic)
    x$fpl$d2f                                0x0000479c   Section       98  d2f.o(x$fpl$d2f)
    $v0                                      0x0000479c   Number         0  d2f.o(x$fpl$d2f)
    x$fpl$dadd                               0x00004800   Section      336  daddsub_clz.o(x$fpl$dadd)
    $v0                                      0x00004800   Number         0  daddsub_clz.o(x$fpl$dadd)
    _dadd1                                   0x00004811   Thumb Code     0  daddsub_clz.o(x$fpl$dadd)
    x$fpl$dcheck1                            0x00004950   Section       16  dcheck1.o(x$fpl$dcheck1)
    $v0                                      0x00004950   Number         0  dcheck1.o(x$fpl$dcheck1)
    x$fpl$dcmpinf                            0x00004960   Section       24  dcmpi.o(x$fpl$dcmpinf)
    $v0                                      0x00004960   Number         0  dcmpi.o(x$fpl$dcmpinf)
    x$fpl$ddiv                               0x00004978   Section      688  ddiv.o(x$fpl$ddiv)
    $v0                                      0x00004978   Number         0  ddiv.o(x$fpl$ddiv)
    ddiv_entry                               0x0000497f   Thumb Code     0  ddiv.o(x$fpl$ddiv)
    x$fpl$deqf                               0x00004c28   Section      120  deqf.o(x$fpl$deqf)
    $v0                                      0x00004c28   Number         0  deqf.o(x$fpl$deqf)
    x$fpl$dfix                               0x00004ca0   Section       94  dfix.o(x$fpl$dfix)
    $v0                                      0x00004ca0   Number         0  dfix.o(x$fpl$dfix)
    x$fpl$dflt                               0x00004cfe   Section       46  dflt_clz.o(x$fpl$dflt)
    $v0                                      0x00004cfe   Number         0  dflt_clz.o(x$fpl$dflt)
    x$fpl$dfltu                              0x00004d2c   Section       38  dflt_clz.o(x$fpl$dfltu)
    $v0                                      0x00004d2c   Number         0  dflt_clz.o(x$fpl$dfltu)
    x$fpl$dleqf                              0x00004d54   Section      120  dleqf.o(x$fpl$dleqf)
    $v0                                      0x00004d54   Number         0  dleqf.o(x$fpl$dleqf)
    x$fpl$dmul                               0x00004dcc   Section      340  dmul.o(x$fpl$dmul)
    $v0                                      0x00004dcc   Number         0  dmul.o(x$fpl$dmul)
    x$fpl$dnaninf                            0x00004f20   Section      156  dnaninf.o(x$fpl$dnaninf)
    $v0                                      0x00004f20   Number         0  dnaninf.o(x$fpl$dnaninf)
    x$fpl$dretinf                            0x00004fbc   Section       12  dretinf.o(x$fpl$dretinf)
    $v0                                      0x00004fbc   Number         0  dretinf.o(x$fpl$dretinf)
    x$fpl$drleqf                             0x00004fc8   Section      108  drleqf.o(x$fpl$drleqf)
    $v0                                      0x00004fc8   Number         0  drleqf.o(x$fpl$drleqf)
    x$fpl$drsb                               0x00005034   Section       22  daddsub_clz.o(x$fpl$drsb)
    $v0                                      0x00005034   Number         0  daddsub_clz.o(x$fpl$drsb)
    x$fpl$dsub                               0x0000504c   Section      468  daddsub_clz.o(x$fpl$dsub)
    $v0                                      0x0000504c   Number         0  daddsub_clz.o(x$fpl$dsub)
    _dsub1                                   0x0000505d   Thumb Code     0  daddsub_clz.o(x$fpl$dsub)
    x$fpl$f2d                                0x00005220   Section       86  f2d.o(x$fpl$f2d)
    $v0                                      0x00005220   Number         0  f2d.o(x$fpl$f2d)
    x$fpl$fnaninf                            0x00005276   Section      140  fnaninf.o(x$fpl$fnaninf)
    $v0                                      0x00005276   Number         0  fnaninf.o(x$fpl$fnaninf)
    x$fpl$fpinit                             0x00005302   Section       10  fpinit.o(x$fpl$fpinit)
    $v0                                      0x00005302   Number         0  fpinit.o(x$fpl$fpinit)
    x$fpl$fretinf                            0x0000530c   Section       10  fretinf.o(x$fpl$fretinf)
    $v0                                      0x0000530c   Number         0  fretinf.o(x$fpl$fretinf)
    x$fpl$ieeestatus                         0x00005316   Section        6  istatus.o(x$fpl$ieeestatus)
    $v0                                      0x00005316   Number         0  istatus.o(x$fpl$ieeestatus)
    x$fpl$retnan                             0x0000531c   Section      100  retnan.o(x$fpl$retnan)
    $v0                                      0x0000531c   Number         0  retnan.o(x$fpl$retnan)
    x$fpl$scalbn                             0x00005380   Section       92  scalbn.o(x$fpl$scalbn)
    $v0                                      0x00005380   Number         0  scalbn.o(x$fpl$scalbn)
    x$fpl$scanf1                             0x000053dc   Section        4  scanf1.o(x$fpl$scanf1)
    $v0                                      0x000053dc   Number         0  scanf1.o(x$fpl$scanf1)
    x$fpl$scanf2                             0x000053e0   Section        8  scanf2.o(x$fpl$scanf2)
    $v0                                      0x000053e0   Number         0  scanf2.o(x$fpl$scanf2)
    x$fpl$trapveneer                         0x000053e8   Section       48  trapv.o(x$fpl$trapveneer)
    $v0                                      0x000053e8   Number         0  trapv.o(x$fpl$trapveneer)
    .constdata                               0x00005418   Section       48  cos_i.o(.constdata)
    x$fpl$usenofp                            0x00005418   Section        0  usenofp.o(x$fpl$usenofp)
    C                                        0x00005418   Data          48  cos_i.o(.constdata)
    .constdata                               0x00005448   Section      200  rred.o(.constdata)
    pio2s                                    0x00005448   Data          48  rred.o(.constdata)
    twooverpi                                0x00005478   Data         152  rred.o(.constdata)
    .constdata                               0x00005510   Section       40  sin_i.o(.constdata)
    S                                        0x00005510   Data          40  sin_i.o(.constdata)
    .constdata                               0x00005538   Section      148  bigflt0.o(.constdata)
    tenpwrs_x                                0x00005538   Data          60  bigflt0.o(.constdata)
    tenpwrs_i                                0x00005574   Data          64  bigflt0.o(.constdata)
    c$$dinf                                  0x000055ec   Section        8  fpconst.o(c$$dinf)
    c$$dmax                                  0x000055f4   Section        8  fpconst.o(c$$dmax)
    locale$$data                             0x000055fc   Section       28  lc_numeric_c.o(locale$$data)
    __lcnum_c_name                           0x00005600   Data           2  lc_numeric_c.o(locale$$data)
    __lcnum_c_start                          0x00005608   Data           0  lc_numeric_c.o(locale$$data)
    __lcnum_c_point                          0x00005614   Data           0  lc_numeric_c.o(locale$$data)
    __lcnum_c_thousands                      0x00005616   Data           0  lc_numeric_c.o(locale$$data)
    __lcnum_c_grouping                       0x00005617   Data           0  lc_numeric_c.o(locale$$data)
    locale$$data                             0x00005618   Section      272  lc_ctype_c.o(locale$$data)
    __lcnum_c_end                            0x00005618   Data           0  lc_numeric_c.o(locale$$data)
    __lcctype_c_name                         0x0000561c   Data           2  lc_ctype_c.o(locale$$data)
    __lcctype_c_start                        0x00005624   Data           0  lc_ctype_c.o(locale$$data)
    __lcctype_c_end                          0x00005728   Data           0  lc_ctype_c.o(locale$$data)
    .data                                    0x1ffd0000   Section       86  synth_neu.o(.data)
    audio_IN                                 0x1ffd0000   Data           4  synth_neu.o(.data)
    audio_OUT                                0x1ffd0004   Data           4  synth_neu.o(.data)
    rx_proc_buffer                           0x1ffd0008   Data           4  synth_neu.o(.data)
    tx_proc_buffer                           0x1ffd000c   Data           4  synth_neu.o(.data)
    tx_buffer_empty                          0x1ffd0010   Data           4  synth_neu.o(.data)
    rx_buffer_full                           0x1ffd0014   Data           4  synth_neu.o(.data)
    i1                                       0x1ffd001c   Data           2  synth_neu.o(.data)
    i2                                       0x1ffd001e   Data           2  synth_neu.o(.data)
    i                                        0x1ffd004c   Data           2  synth_neu.o(.data)
    i                                        0x1ffd004e   Data           2  synth_neu.o(.data)
    i                                        0x1ffd0050   Data           2  synth_neu.o(.data)
    up1                                      0x1ffd0052   Data           1  synth_neu.o(.data)
    up2                                      0x1ffd0053   Data           1  synth_neu.o(.data)
    i                                        0x1ffd0054   Data           2  synth_neu.o(.data)
    .data                                    0x1ffd0058   Section       36  dstc.o(.data)
    audio_IN                                 0x1ffd0058   Data           4  dstc.o(.data)
    audio_OUT                                0x1ffd005c   Data           4  dstc.o(.data)
    rx_proc_buffer                           0x1ffd0060   Data           4  dstc.o(.data)
    tx_proc_buffer                           0x1ffd0064   Data           4  dstc.o(.data)
    tx_buffer_empty                          0x1ffd0068   Data           4  dstc.o(.data)
    rx_buffer_full                           0x1ffd006c   Data           4  dstc.o(.data)
    dma_callback                             0x1ffd0078   Data           4  dstc.o(.data)
    .data                                    0x1ffd007c   Section       28  i2s.o(.data)
    audio_IN                                 0x1ffd007c   Data           4  i2s.o(.data)
    audio_OUT                                0x1ffd0080   Data           4  i2s.o(.data)
    rx_proc_buffer                           0x1ffd0084   Data           4  i2s.o(.data)
    tx_proc_buffer                           0x1ffd0088   Data           4  i2s.o(.data)
    tx_buffer_empty                          0x1ffd008c   Data           4  i2s.o(.data)
    rx_buffer_full                           0x1ffd0090   Data           4  i2s.o(.data)
    i2s_callback                             0x1ffd0094   Data           4  i2s.o(.data)
    .data                                    0x1ffd0098   Section       20  mfs.o(.data)
    .data                                    0x1ffd00ac   Section       72  mfs_hl.o(.data)
    m_astcMfsHlInstanceDataLut               0x1ffd00ac   Data          72  mfs_hl.o(.data)
    .data                                    0x1ffd00f4   Section        5  system_s6e2cc.o(.data)
    u8IoRegisterRead                         0x1ffd00f8   Data           1  system_s6e2cc.o(.data)
    .bss                                     0x1ffd00fc   Section     2244  synth_neu.o(.bss)
    dma_tx_buffer_pong                       0x1ffd00fc   Data         512  synth_neu.o(.bss)
    dma_tx_buffer_ping                       0x1ffd02fc   Data         512  synth_neu.o(.bss)
    dma_rx_buffer_ping                       0x1ffd04fc   Data         512  synth_neu.o(.bss)
    dma_rx_buffer_pong                       0x1ffd06fc   Data         512  synth_neu.o(.bss)
    h                                        0x1ffd0958   Data          52  synth_neu.o(.bss)
    array_in                                 0x1ffd098c   Data          52  synth_neu.o(.bss)
    .bss                                     0x1ffd09c0   Section     2104  dstc.o(.bss)
    dma_tx_buffer_pong                       0x1ffd09c0   Data         512  dstc.o(.bss)
    dma_tx_buffer_ping                       0x1ffd0bc0   Data         512  dstc.o(.bss)
    dma_rx_buffer_ping                       0x1ffd0dc0   Data         512  dstc.o(.bss)
    dma_rx_buffer_pong                       0x1ffd0fc0   Data         512  dstc.o(.bss)
    .bss                                     0x1ffd11f8   Section      384  fm4_slider_interface.o(.bss)
    au8UartTxBuf                             0x1ffd11f8   Data         128  fm4_slider_interface.o(.bss)
    au8UartRxBuf                             0x1ffd1278   Data         256  fm4_slider_interface.o(.bss)
    .bss                                     0x1ffd1378   Section       96  libspace.o(.bss)
    HEAP                                     0x1ffd13d8   Section        0  startup_s6e2cc.o(HEAP)
    STACK                                    0x1ffd13d8   Section      512  startup_s6e2cc.o(STACK)
    Heap_Mem                                 0x1ffd13d8   Data           0  startup_s6e2cc.o(HEAP)
    Stack_Mem                                0x1ffd13d8   Data         512  startup_s6e2cc.o(STACK)
    __initial_sp                             0x1ffd15d8   Data           0  startup_s6e2cc.o(STACK)

    Global Symbols

    Symbol Name                              Value     Ov Type        Size  Object(Section)

    BuildAttributes$$THM_ISAv4$E$P$D$K$B$S$7EM$VFPi3$EXTD16$VFPS$VFMA$PE$A:L22UL41UL21$X:L11$S22US41US21$IEEE1$IW$USESV6$~STKCKD$USESV7$~SHL$OTIME$ROPI$IEEEX$EBA8$UX$STANDARDLIB$REQ8$PRES8$EABIv2 0x00000000   Number         0  anon$$obj.o ABSOLUTE
    __ARM_use_no_argv                        0x00000000   Number         0  synth_neu.o ABSOLUTE
    __Vectors                                0x00000000   Data           4  startup_s6e2cc.o(RESET)
    __ARM_exceptions_init                     - Undefined Weak Reference
    __alloca_initialize                       - Undefined Weak Reference
    __arm_preinit_                            - Undefined Weak Reference
    __cpp_initialize__aeabi_                  - Undefined Weak Reference
    __cxa_finalize                            - Undefined Weak Reference
    __sigvec_lookup                           - Undefined Weak Reference
    _atexit_init                              - Undefined Weak Reference
    _call_atexit_fns                          - Undefined Weak Reference
    _clock_init                               - Undefined Weak Reference
    _fp_trap_init                             - Undefined Weak Reference
    _fp_trap_shutdown                         - Undefined Weak Reference
    _get_lc_collate                           - Undefined Weak Reference
    _get_lc_monetary                          - Undefined Weak Reference
    _get_lc_time                              - Undefined Weak Reference
    _getenv_init                              - Undefined Weak Reference
    _handle_redirection                       - Undefined Weak Reference
    _init_alloc                               - Undefined Weak Reference
    _init_user_alloc                          - Undefined Weak Reference
    _initio                                   - Undefined Weak Reference
    _rand_init                                - Undefined Weak Reference
    _signal_finish                            - Undefined Weak Reference
    _signal_init                              - Undefined Weak Reference
    _terminate_alloc                          - Undefined Weak Reference
    _terminate_user_alloc                     - Undefined Weak Reference
    _terminateio                              - Undefined Weak Reference
    __Vectors_End                            0x00000240   Data           0  startup_s6e2cc.o(RESET)
    __Vectors_Size                           0x00000240   Number         0  startup_s6e2cc.o ABSOLUTE
    __main                                   0x00000241   Thumb Code     8  __main.o(!!!main)
    __scatterload                            0x00000249   Thumb Code     0  __scatter.o(!!!scatter)
    __scatterload_rt2                        0x00000249   Thumb Code    44  __scatter.o(!!!scatter)
    __scatterload_rt2_thumb_only             0x00000249   Thumb Code     0  __scatter.o(!!!scatter)
    __scatterload_null                       0x00000257   Thumb Code     0  __scatter.o(!!!scatter)
    __scatterload_copy                       0x0000027d   Thumb Code    26  __scatter_copy.o(!!handler_copy)
    __scatterload_zeroinit                   0x00000299   Thumb Code    28  __scatter_zi.o(!!handler_zi)
    __rt_lib_init                            0x000002b5   Thumb Code     0  libinit.o(.ARM.Collect$$libinit$$00000000)
    __rt_lib_init_fp_1                       0x000002b7   Thumb Code     0  libinit2.o(.ARM.Collect$$libinit$$00000001)
    __rt_lib_init_heap_1                     0x000002bb   Thumb Code     0  libinit2.o(.ARM.Collect$$libinit$$0000000A)
    __rt_lib_init_lc_common                  0x000002bb   Thumb Code     0  libinit2.o(.ARM.Collect$$libinit$$0000000F)
    __rt_lib_init_preinit_1                  0x000002bb   Thumb Code     0  libinit2.o(.ARM.Collect$$libinit$$00000004)
    __rt_lib_init_rand_1                     0x000002bb   Thumb Code     0  libinit2.o(.ARM.Collect$$libinit$$0000000E)
    __rt_lib_init_user_alloc_1               0x000002bb   Thumb Code     0  libinit2.o(.ARM.Collect$$libinit$$0000000C)
    __rt_lib_init_lc_collate_1               0x000002c1   Thumb Code     0  libinit2.o(.ARM.Collect$$libinit$$00000011)
    __rt_lib_init_lc_ctype_2                 0x000002c1   Thumb Code     0  libinit2.o(.ARM.Collect$$libinit$$00000012)
    __rt_lib_init_lc_ctype_1                 0x000002cd   Thumb Code     0  libinit2.o(.ARM.Collect$$libinit$$00000013)
    __rt_lib_init_lc_monetary_1              0x000002cd   Thumb Code     0  libinit2.o(.ARM.Collect$$libinit$$00000015)
    __rt_lib_init_lc_numeric_2               0x000002cd   Thumb Code     0  libinit2.o(.ARM.Collect$$libinit$$00000016)
    __rt_lib_init_alloca_1                   0x000002d7   Thumb Code     0  libinit2.o(.ARM.Collect$$libinit$$0000002E)
    __rt_lib_init_argv_1                     0x000002d7   Thumb Code     0  libinit2.o(.ARM.Collect$$libinit$$0000002C)
    __rt_lib_init_atexit_1                   0x000002d7   Thumb Code     0  libinit2.o(.ARM.Collect$$libinit$$0000001B)
    __rt_lib_init_clock_1                    0x000002d7   Thumb Code     0  libinit2.o(.ARM.Collect$$libinit$$00000021)
    __rt_lib_init_cpp_1                      0x000002d7   Thumb Code     0  libinit2.o(.ARM.Collect$$libinit$$00000032)
    __rt_lib_init_exceptions_1               0x000002d7   Thumb Code     0  libinit2.o(.ARM.Collect$$libinit$$00000030)
    __rt_lib_init_fp_trap_1                  0x000002d7   Thumb Code     0  libinit2.o(.ARM.Collect$$libinit$$0000001F)
    __rt_lib_init_getenv_1                   0x000002d7   Thumb Code     0  libinit2.o(.ARM.Collect$$libinit$$00000023)
    __rt_lib_init_lc_numeric_1               0x000002d7   Thumb Code     0  libinit2.o(.ARM.Collect$$libinit$$00000017)
    __rt_lib_init_lc_time_1                  0x000002d7   Thumb Code     0  libinit2.o(.ARM.Collect$$libinit$$00000019)
    __rt_lib_init_return                     0x000002d7   Thumb Code     0  libinit2.o(.ARM.Collect$$libinit$$00000033)
    __rt_lib_init_signal_1                   0x000002d7   Thumb Code     0  libinit2.o(.ARM.Collect$$libinit$$0000001D)
    __rt_lib_init_stdio_1                    0x000002d7   Thumb Code     0  libinit2.o(.ARM.Collect$$libinit$$00000025)
    __rt_lib_shutdown                        0x000002d9   Thumb Code     0  libshutdown.o(.ARM.Collect$$libshutdown$$00000000)
    __rt_lib_shutdown_cpp_1                  0x000002db   Thumb Code     0  libshutdown2.o(.ARM.Collect$$libshutdown$$00000002)
    __rt_lib_shutdown_fp_trap_1              0x000002db   Thumb Code     0  libshutdown2.o(.ARM.Collect$$libshutdown$$00000007)
    __rt_lib_shutdown_heap_1                 0x000002db   Thumb Code     0  libshutdown2.o(.ARM.Collect$$libshutdown$$0000000F)
    __rt_lib_shutdown_return                 0x000002db   Thumb Code     0  libshutdown2.o(.ARM.Collect$$libshutdown$$00000010)
    __rt_lib_shutdown_signal_1               0x000002db   Thumb Code     0  libshutdown2.o(.ARM.Collect$$libshutdown$$0000000A)
    __rt_lib_shutdown_stdio_1                0x000002db   Thumb Code     0  libshutdown2.o(.ARM.Collect$$libshutdown$$00000004)
    __rt_lib_shutdown_user_alloc_1           0x000002db   Thumb Code     0  libshutdown2.o(.ARM.Collect$$libshutdown$$0000000C)
    __rt_entry                               0x000002dd   Thumb Code     0  __rtentry.o(.ARM.Collect$$rtentry$$00000000)
    __rt_entry_presh_1                       0x000002dd   Thumb Code     0  __rtentry2.o(.ARM.Collect$$rtentry$$00000002)
    __rt_entry_sh                            0x000002dd   Thumb Code     0  __rtentry4.o(.ARM.Collect$$rtentry$$00000004)
    __rt_entry_li                            0x000002e3   Thumb Code     0  __rtentry2.o(.ARM.Collect$$rtentry$$0000000A)
    __rt_entry_postsh_1                      0x000002e3   Thumb Code     0  __rtentry2.o(.ARM.Collect$$rtentry$$00000009)
    __rt_entry_main                          0x000002e7   Thumb Code     0  __rtentry2.o(.ARM.Collect$$rtentry$$0000000D)
    __rt_entry_postli_1                      0x000002e7   Thumb Code     0  __rtentry2.o(.ARM.Collect$$rtentry$$0000000C)
    __rt_exit                                0x000002ef   Thumb Code     0  rtexit.o(.ARM.Collect$$rtexit$$00000000)
    __rt_exit_ls                             0x000002f1   Thumb Code     0  rtexit2.o(.ARM.Collect$$rtexit$$00000003)
    __rt_exit_prels_1                        0x000002f1   Thumb Code     0  rtexit2.o(.ARM.Collect$$rtexit$$00000002)
    __rt_exit_exit                           0x000002f5   Thumb Code     0  rtexit2.o(.ARM.Collect$$rtexit$$00000004)
    delay_cycles                             0x000002fd   Thumb Code    10  delay.o(.emb_text)
    Reset_Handler                            0x00000309   Thumb Code    20  startup_s6e2cc.o(.text)
    NMI_Handler                              0x0000031d   Thumb Code     2  startup_s6e2cc.o(.text)
    HardFault_Handler                        0x0000031f   Thumb Code     2  startup_s6e2cc.o(.text)
    MemManage_Handler                        0x00000321   Thumb Code     2  startup_s6e2cc.o(.text)
    BusFault_Handler                         0x00000323   Thumb Code     2  startup_s6e2cc.o(.text)
    UsageFault_Handler                       0x00000325   Thumb Code     2  startup_s6e2cc.o(.text)
    SVC_Handler                              0x00000327   Thumb Code     2  startup_s6e2cc.o(.text)
    DebugMon_Handler                         0x00000329   Thumb Code     2  startup_s6e2cc.o(.text)
    PendSV_Handler                           0x0000032b   Thumb Code     2  startup_s6e2cc.o(.text)
    SysTick_Handler                          0x0000032d   Thumb Code     2  startup_s6e2cc.o(.text)
    ADC0_IRQHandler                          0x0000032f   Thumb Code     0  startup_s6e2cc.o(.text)
    ADC1_IRQHandler                          0x0000032f   Thumb Code     0  startup_s6e2cc.o(.text)
    ADC2_IRQHandler                          0x0000032f   Thumb Code     0  startup_s6e2cc.o(.text)
    BT0_IRQHandler                           0x0000032f   Thumb Code     0  startup_s6e2cc.o(.text)
    BT10_IRQHandler                          0x0000032f   Thumb Code     0  startup_s6e2cc.o(.text)
    BT11_IRQHandler                          0x0000032f   Thumb Code     0  startup_s6e2cc.o(.text)
    BT12_15_IRQHandler                       0x0000032f   Thumb Code     0  startup_s6e2cc.o(.text)
    BT1_IRQHandler                           0x0000032f   Thumb Code     0  startup_s6e2cc.o(.text)
    BT2_IRQHandler                           0x0000032f   Thumb Code     0  startup_s6e2cc.o(.text)
    BT3_IRQHandler                           0x0000032f   Thumb Code     0  startup_s6e2cc.o(.text)
    BT4_IRQHandler                           0x0000032f   Thumb Code     0  startup_s6e2cc.o(.text)
    BT5_IRQHandler                           0x0000032f   Thumb Code     0  startup_s6e2cc.o(.text)
    BT6_IRQHandler                           0x0000032f   Thumb Code     0  startup_s6e2cc.o(.text)
    BT7_IRQHandler                           0x0000032f   Thumb Code     0  startup_s6e2cc.o(.text)
    BT8_IRQHandler                           0x0000032f   Thumb Code     0  startup_s6e2cc.o(.text)
    BT9_IRQHandler                           0x0000032f   Thumb Code     0  startup_s6e2cc.o(.text)
    CAN0_IRQHandler                          0x0000032f   Thumb Code     0  startup_s6e2cc.o(.text)
    CAN1_CANFD_IRQHandler                    0x0000032f   Thumb Code     0  startup_s6e2cc.o(.text)
    CSV_IRQHandler                           0x0000032f   Thumb Code     0  startup_s6e2cc.o(.text)
    DMAC0_IRQHandler                         0x0000032f   Thumb Code     0  startup_s6e2cc.o(.text)
    DMAC1_IRQHandler                         0x0000032f   Thumb Code     0  startup_s6e2cc.o(.text)
    DMAC2_IRQHandler                         0x0000032f   Thumb Code     0  startup_s6e2cc.o(.text)
    DMAC3_IRQHandler                         0x0000032f   Thumb Code     0  startup_s6e2cc.o(.text)
    DMAC4_IRQHandler                         0x0000032f   Thumb Code     0  startup_s6e2cc.o(.text)
    DMAC5_IRQHandler                         0x0000032f   Thumb Code     0  startup_s6e2cc.o(.text)
    DMAC6_IRQHandler                         0x0000032f   Thumb Code     0  startup_s6e2cc.o(.text)
    DMAC7_IRQHandler                         0x0000032f   Thumb Code     0  startup_s6e2cc.o(.text)
    DSTC_IRQHandler                          0x0000032f   Thumb Code     0  startup_s6e2cc.o(.text)
    DT1_2_IRAHandler                         0x0000032f   Thumb Code     0  startup_s6e2cc.o(.text)
    Dummy                                    0x0000032f   Thumb Code     0  startup_s6e2cc.o(.text)
    ETHER0_IRQHandler                        0x0000032f   Thumb Code     0  startup_s6e2cc.o(.text)
    EXINT0_IRQHandler                        0x0000032f   Thumb Code     0  startup_s6e2cc.o(.text)
    EXINT16_17_18_19_IRQHandler              0x0000032f   Thumb Code     0  startup_s6e2cc.o(.text)
    EXINT1_IRQHandler                        0x0000032f   Thumb Code     0  startup_s6e2cc.o(.text)
    EXINT20_21_22_23_IRQHandler              0x0000032f   Thumb Code     0  startup_s6e2cc.o(.text)
    EXINT24_25_26_27_IRQHandler              0x0000032f   Thumb Code     0  startup_s6e2cc.o(.text)
    EXINT28_29_30_31_IRQHandler              0x0000032f   Thumb Code     0  startup_s6e2cc.o(.text)
    EXINT2_IRQHandler                        0x0000032f   Thumb Code     0  startup_s6e2cc.o(.text)
    EXINT3_IRQHandler                        0x0000032f   Thumb Code     0  startup_s6e2cc.o(.text)
    EXINT4_IRQHandler                        0x0000032f   Thumb Code     0  startup_s6e2cc.o(.text)
    EXINT5_IRQHandler                        0x0000032f   Thumb Code     0  startup_s6e2cc.o(.text)
    EXINT6_IRQHandler                        0x0000032f   Thumb Code     0  startup_s6e2cc.o(.text)
    EXINT7_IRQHandler                        0x0000032f   Thumb Code     0  startup_s6e2cc.o(.text)
    EXTBUS_ERR_Handler                       0x0000032f   Thumb Code     0  startup_s6e2cc.o(.text)
    EXTINT10_IRQHandler                      0x0000032f   Thumb Code     0  startup_s6e2cc.o(.text)
    EXTINT11_IRQHandler                      0x0000032f   Thumb Code     0  startup_s6e2cc.o(.text)
    EXTINT12_IRQHandler                      0x0000032f   Thumb Code     0  startup_s6e2cc.o(.text)
    EXTINT13_IRQHandler                      0x0000032f   Thumb Code     0  startup_s6e2cc.o(.text)
    EXTINT14_IRQHandler                      0x0000032f   Thumb Code     0  startup_s6e2cc.o(.text)
    EXTINT15_IRQHandler                      0x0000032f   Thumb Code     0  startup_s6e2cc.o(.text)
    EXTINT8_IRQHandler                       0x0000032f   Thumb Code     0  startup_s6e2cc.o(.text)
    EXTINT9_IRQHandler                       0x0000032f   Thumb Code     0  startup_s6e2cc.o(.text)
    FLASHIF_IRQHandler                       0x0000032f   Thumb Code     0  startup_s6e2cc.o(.text)
    FRT0_PEAK_IRQHandler                     0x0000032f   Thumb Code     0  startup_s6e2cc.o(.text)
    FRT0_ZERO_IRQHandler                     0x0000032f   Thumb Code     0  startup_s6e2cc.o(.text)
    FRT1_PEAK_IRQHandler                     0x0000032f   Thumb Code     0  startup_s6e2cc.o(.text)
    FRT1_ZERO_IRQHandler                     0x0000032f   Thumb Code     0  startup_s6e2cc.o(.text)
    FRT2_PEAK_IRQHandler                     0x0000032f   Thumb Code     0  startup_s6e2cc.o(.text)
    FRT2_ZERO_IRQHandler                     0x0000032f   Thumb Code     0  startup_s6e2cc.o(.text)
    HSSPI_IRQHandler                         0x0000032f   Thumb Code     0  startup_s6e2cc.o(.text)
    ICU0_IRQHandler                          0x0000032f   Thumb Code     0  startup_s6e2cc.o(.text)
    ICU1_IRQHandler                          0x0000032f   Thumb Code     0  startup_s6e2cc.o(.text)
    ICU2_IRQHandler                          0x0000032f   Thumb Code     0  startup_s6e2cc.o(.text)
    IRQ003SEL_IRQHandler                     0x0000032f   Thumb Code     0  startup_s6e2cc.o(.text)
    IRQ004SEL_IRQHandler                     0x0000032f   Thumb Code     0  startup_s6e2cc.o(.text)
    IRQ005SEL_IRQHandler                     0x0000032f   Thumb Code     0  startup_s6e2cc.o(.text)
    IRQ006SEL_IRQHandler                     0x0000032f   Thumb Code     0  startup_s6e2cc.o(.text)
    IRQ007SEL_IRQHandler                     0x0000032f   Thumb Code     0  startup_s6e2cc.o(.text)
    IRQ008SEL_IRQHandler                     0x0000032f   Thumb Code     0  startup_s6e2cc.o(.text)
    IRQ009SEL_IRQHandler                     0x0000032f   Thumb Code     0  startup_s6e2cc.o(.text)
    IRQ010SEL_IRQHandler                     0x0000032f   Thumb Code     0  startup_s6e2cc.o(.text)
    LVD_IRQHandler                           0x0000032f   Thumb Code     0  startup_s6e2cc.o(.text)
    MFS0_RX_IRQHandler                       0x0000032f   Thumb Code     0  startup_s6e2cc.o(.text)
    MFS0_TX_IRQHandler                       0x0000032f   Thumb Code     0  startup_s6e2cc.o(.text)
    MFS10_RX_IRQHandler                      0x0000032f   Thumb Code     0  startup_s6e2cc.o(.text)
    MFS10_TX_IRQHandler                      0x0000032f   Thumb Code     0  startup_s6e2cc.o(.text)
    MFS11_RX_IRQHandler                      0x0000032f   Thumb Code     0  startup_s6e2cc.o(.text)
    MFS11_TX_IRQHandler                      0x0000032f   Thumb Code     0  startup_s6e2cc.o(.text)
    MFS12_RX_IRQHandler                      0x0000032f   Thumb Code     0  startup_s6e2cc.o(.text)
    MFS12_TX_IRQHandler                      0x0000032f   Thumb Code     0  startup_s6e2cc.o(.text)
    MFS13_RX_IRQHandler                      0x0000032f   Thumb Code     0  startup_s6e2cc.o(.text)
    MFS13_TX_IRQHandler                      0x0000032f   Thumb Code     0  startup_s6e2cc.o(.text)
    MFS14_RX_IRQHandler                      0x0000032f   Thumb Code     0  startup_s6e2cc.o(.text)
    MFS14_TX_IRQHandler                      0x0000032f   Thumb Code     0  startup_s6e2cc.o(.text)
    MFS15_RX_IRQHandler                      0x0000032f   Thumb Code     0  startup_s6e2cc.o(.text)
    MFS15_TX_IRQHandler                      0x0000032f   Thumb Code     0  startup_s6e2cc.o(.text)
    MFS1_RX_IRQHandler                       0x0000032f   Thumb Code     0  startup_s6e2cc.o(.text)
    MFS1_TX_IRQHandler                       0x0000032f   Thumb Code     0  startup_s6e2cc.o(.text)
    MFS2_RX_IRQHandler                       0x0000032f   Thumb Code     0  startup_s6e2cc.o(.text)
    MFS2_TX_IRQHandler                       0x0000032f   Thumb Code     0  startup_s6e2cc.o(.text)
    MFS3_RX_IRQHandler                       0x0000032f   Thumb Code     0  startup_s6e2cc.o(.text)
    MFS3_TX_IRQHandler                       0x0000032f   Thumb Code     0  startup_s6e2cc.o(.text)
    MFS4_RX_IRQHandler                       0x0000032f   Thumb Code     0  startup_s6e2cc.o(.text)
    MFS4_TX_IRQHandler                       0x0000032f   Thumb Code     0  startup_s6e2cc.o(.text)
    MFS5_RX_IRQHandler                       0x0000032f   Thumb Code     0  startup_s6e2cc.o(.text)
    MFS5_TX_IRQHandler                       0x0000032f   Thumb Code     0  startup_s6e2cc.o(.text)
    MFS6_RX_IRQHandler                       0x0000032f   Thumb Code     0  startup_s6e2cc.o(.text)
    MFS6_TX_IRQHandler                       0x0000032f   Thumb Code     0  startup_s6e2cc.o(.text)
    MFS7_RX_IRQHandler                       0x0000032f   Thumb Code     0  startup_s6e2cc.o(.text)
    MFS7_TX_IRQHandler                       0x0000032f   Thumb Code     0  startup_s6e2cc.o(.text)
    MFS8_RX_IRQHandler                       0x0000032f   Thumb Code     0  startup_s6e2cc.o(.text)
    MFS8_TX_IRQHandler                       0x0000032f   Thumb Code     0  startup_s6e2cc.o(.text)
    MFS9_RX_IRQHandler                       0x0000032f   Thumb Code     0  startup_s6e2cc.o(.text)
    MFS9_TX_IRQHandler                       0x0000032f   Thumb Code     0  startup_s6e2cc.o(.text)
    OCU0_IRQHandler                          0x0000032f   Thumb Code     0  startup_s6e2cc.o(.text)
    OCU1_IRQHandler                          0x0000032f   Thumb Code     0  startup_s6e2cc.o(.text)
    OCU2_IRQHandler                          0x0000032f   Thumb Code     0  startup_s6e2cc.o(.text)
    PPG00_02_04_IRQHandler                   0x0000032f   Thumb Code     0  startup_s6e2cc.o(.text)
    PPG08_10_12_IRQHandler                   0x0000032f   Thumb Code     0  startup_s6e2cc.o(.text)
    PPG16_18_20_IRQHandler                   0x0000032f   Thumb Code     0  startup_s6e2cc.o(.text)
    QPRC0_IRQHandler                         0x0000032f   Thumb Code     0  startup_s6e2cc.o(.text)
    QPRC1_IRQHandler                         0x0000032f   Thumb Code     0  startup_s6e2cc.o(.text)
    QPRC2_IRQHandler                         0x0000032f   Thumb Code     0  startup_s6e2cc.o(.text)
    QPRC3_IRQHandler                         0x0000032f   Thumb Code     0  startup_s6e2cc.o(.text)
    RTC_IRQHandler                           0x0000032f   Thumb Code     0  startup_s6e2cc.o(.text)
    SD_IRQHandler                            0x0000032f   Thumb Code     0  startup_s6e2cc.o(.text)
    SWDT_IRQHandler                          0x0000032f   Thumb Code     0  startup_s6e2cc.o(.text)
    TIM_IRQHandler                           0x0000032f   Thumb Code     0  startup_s6e2cc.o(.text)
    USB0_HOST_IRQHandler                     0x0000032f   Thumb Code     0  startup_s6e2cc.o(.text)
    USB0_IRQHandler                          0x0000032f   Thumb Code     0  startup_s6e2cc.o(.text)
    USB1_HDMICEC0_IRQHandler                 0x0000032f   Thumb Code     0  startup_s6e2cc.o(.text)
    USB1_HOST_HDMICEC1_IRQHandler            0x0000032f   Thumb Code     0  startup_s6e2cc.o(.text)
    WC_IRQHandler                            0x0000032f   Thumb Code     0  startup_s6e2cc.o(.text)
    WFG0_DTIF0_IRQHandler                    0x0000032f   Thumb Code     0  startup_s6e2cc.o(.text)
    WFG1_DTIF1_IRQHandler                    0x0000032f   Thumb Code     0  startup_s6e2cc.o(.text)
    WFG2_DTIF2_IRQHandler                    0x0000032f   Thumb Code     0  startup_s6e2cc.o(.text)
    __user_initial_stackheap                 0x00000331   Thumb Code     0  startup_s6e2cc.o(.text)
    atoi                                     0x00000355   Thumb Code    26  atoi.o(.text)
    __aeabi_memclr4                          0x0000036f   Thumb Code     0  rt_memclr_w.o(.text)
    __aeabi_memclr8                          0x0000036f   Thumb Code     0  rt_memclr_w.o(.text)
    __rt_memclr_w                            0x0000036f   Thumb Code    78  rt_memclr_w.o(.text)
    _memset_w                                0x00000373   Thumb Code     0  rt_memclr_w.o(.text)
    __use_two_region_memory                  0x000003bd   Thumb Code     2  heapauxi.o(.text)
    __rt_heap_escrow$2region                 0x000003bf   Thumb Code     2  heapauxi.o(.text)
    __rt_heap_expand$2region                 0x000003c1   Thumb Code     2  heapauxi.o(.text)
    __aeabi_errno_addr                       0x000003c5   Thumb Code     8  rt_errno_addr_intlibspace.o(.text)
    __errno$intlibspace                      0x000003c5   Thumb Code     0  rt_errno_addr_intlibspace.o(.text)
    __rt_errno_addr$intlibspace              0x000003c5   Thumb Code     0  rt_errno_addr_intlibspace.o(.text)
    __read_errno                             0x000003cd   Thumb Code    10  _rserrno.o(.text)
    __set_errno                              0x000003d7   Thumb Code    12  _rserrno.o(.text)
    __strtod_int                             0x00000421   Thumb Code    90  strtod.o(.text)
    strtol                                   0x00000489   Thumb Code   112  strtol.o(.text)
    __user_libspace                          0x000004f9   Thumb Code     8  libspace.o(.text)
    __user_perproc_libspace                  0x000004f9   Thumb Code     0  libspace.o(.text)
    __user_perthread_libspace                0x000004f9   Thumb Code     0  libspace.o(.text)
    __rt_ctype_table                         0x00000501   Thumb Code    16  rt_ctype_table.o(.text)
    isspace                                  0x00000511   Thumb Code    18  isspace.o(.text)
    _sgetc                                   0x00000523   Thumb Code    30  _sgetc.o(.text)
    _sbackspace                              0x00000541   Thumb Code    34  _sgetc.o(.text)
    _strtoul                                 0x00000563   Thumb Code   158  _strtoul.o(.text)
    __user_setup_stackheap                   0x00000601   Thumb Code    74  sys_stackheap_outer.o(.text)
    __rt_locale                              0x0000064d   Thumb Code     8  rt_locale_intlibspace.o(.text)
    _chval                                   0x00000655   Thumb Code    28  _chval.o(.text)
    _scanf_really_real                       0x000008bd   Thumb Code   684  scanf_fp.o(.text)
    exit                                     0x00000b69   Thumb Code    18  exit.o(.text)
    strcmp                                   0x00000b7d   Thumb Code   128  strcmpv7m.o(.text)
    _btod_etento                             0x00000bfd   Thumb Code   224  bigflt0.o(.text)
    _scanf_really_hex_real                   0x00000ce1   Thumb Code   786  scanf_hexfp.o(.text)
    _scanf_really_infnan                     0x00001001   Thumb Code   292  scanf_infnan.o(.text)
    _sys_exit                                0x00001135   Thumb Code     8  sys_exit.o(.text)
    __aeabi_llsl                             0x00001141   Thumb Code     0  llshl.o(.text)
    _ll_shift_l                              0x00001141   Thumb Code    38  llshl.o(.text)
    __I$use$semihosting                      0x00001167   Thumb Code     0  use_no_semi.o(.text)
    __use_no_semihosting_swi                 0x00001167   Thumb Code     2  use_no_semi.o(.text)
    __btod_div_common                        0x00001169   Thumb Code   696  btod.o(CL$$btod_div_common)
    __semihosting_library_function           0x00001169   Thumb Code     0  indicate_semi.o(.text)
    _e2d                                     0x000014a1   Thumb Code   122  btod.o(CL$$btod_e2d)
    _e2e                                     0x00001525   Thumb Code   220  btod.o(CL$$btod_e2e)
    _btod_ediv                               0x00001601   Thumb Code    42  btod.o(CL$$btod_ediv)
    _btod_edivd                              0x0000162b   Thumb Code    42  btod.o(CL$$btod_edivd)
    _btod_emul                               0x00001655   Thumb Code    42  btod.o(CL$$btod_emul)
    _btod_emuld                              0x0000167f   Thumb Code    42  btod.o(CL$$btod_emuld)
    __btod_mult_common                       0x000016a9   Thumb Code   580  btod.o(CL$$btod_mult_common)
    Codec_WriteRegister                      0x000018ed   Thumb Code    38  audio.o(i.Codec_WriteRegister)
    DSTCPchkCalc                             0x00001913   Thumb Code    40  dstc.o(i.DSTCPchkCalc)
    I2S_HANDLER                              0x0000193d   Thumb Code   462  synth_neu.o(i.I2S_HANDLER)
    Mfs_GetBusClock                          0x00001ff1   Thumb Code   190  mfs.o(i.Mfs_GetBusClock)
    Mfs_GetReloadValue                       0x000020bd   Thumb Code    26  mfs.o(i.Mfs_GetReloadValue)
    Mfs_Hl_Read                              0x000020d7   Thumb Code   526  mfs_hl.o(i.Mfs_Hl_Read)
    Mfs_Hl_Uart_Init                         0x000022e5   Thumb Code   772  mfs_hl.o(i.Mfs_Hl_Uart_Init)
    Mfs_Hl_Write                             0x000025f1   Thumb Code   458  mfs_hl.o(i.Mfs_Hl_Write)
    Mfs_InitRxIrq                            0x000027bd   Thumb Code    34  mfs.o(i.Mfs_InitRxIrq)
    Mfs_InitTxIrq                            0x000027e5   Thumb Code    34  mfs.o(i.Mfs_InitTxIrq)
    Mfs_SetRxIntCallBack                     0x0000280d   Thumb Code    32  mfs.o(i.Mfs_SetRxIntCallBack)
    Mfs_SetTxIntCallBack                     0x0000282d   Thumb Code    32  mfs.o(i.Mfs_SetTxIntCallBack)
    Mfs_SetUpperLayerHandle                  0x0000284d   Thumb Code    32  mfs.o(i.Mfs_SetUpperLayerHandle)
    PDL_WAIT_LOOP_HOOK                       0x0000286d   Thumb Code     2  pdl.o(i.PDL_WAIT_LOOP_HOOK)
    PRGCRC_I2S_IRQHandler                    0x00002871   Thumb Code    22  i2s.o(i.PRGCRC_I2S_IRQHandler)
    SystemInit                               0x0000288d   Thumb Code   202  system_s6e2cc.o(i.SystemInit)
    __ARM_fpclassify                         0x00002975   Thumb Code    48  fpclassify.o(i.__ARM_fpclassify)
    __hardfp___mathlib_tofloat               0x00002a49   Thumb Code   232  narrow.o(i.__hardfp___mathlib_tofloat)
    __hardfp_atof                            0x00002b41   Thumb Code    44  atof.o(i.__hardfp_atof)
    __hardfp_ldexp                           0x00002b79   Thumb Code   200  ldexp.o(i.__hardfp_ldexp)
    __hardfp_sin                             0x00002c49   Thumb Code   180  sin.o(i.__hardfp_sin)
    __ieee754_rem_pio2                       0x00002d11   Thumb Code   938  rred.o(i.__ieee754_rem_pio2)
    __kernel_cos                             0x00003149   Thumb Code   322  cos_i.o(i.__kernel_cos)
    __kernel_poly                            0x000032b9   Thumb Code   248  poly.o(i.__kernel_poly)
    __kernel_sin                             0x000033b1   Thumb Code   280  sin_i.o(i.__kernel_sin)
    __mathlib_dbl_infnan                     0x000034e1   Thumb Code    20  dunder.o(i.__mathlib_dbl_infnan)
    __mathlib_dbl_invalid                    0x000034f9   Thumb Code    24  dunder.o(i.__mathlib_dbl_invalid)
    __mathlib_dbl_overflow                   0x00003519   Thumb Code    24  dunder.o(i.__mathlib_dbl_overflow)
    __mathlib_dbl_underflow                  0x00003539   Thumb Code    24  dunder.o(i.__mathlib_dbl_underflow)
    __mathlib_narrow                         0x00003559   Thumb Code    18  narrow.o(i.__mathlib_narrow)
    __support_ldexp                          0x0000356b   Thumb Code    20  ldexp.o(i.__support_ldexp)
    _is_digit                                0x0000357f   Thumb Code    14  scanf_fp.o(i._is_digit)
    audio_init                               0x0000358d   Thumb Code   270  audio.o(i.audio_init)
    delay_ms                                 0x000036a5   Thumb Code    40  delay.o(i.delay_ms)
    delay_us                                 0x000036d1   Thumb Code    38  delay.o(i.delay_us)
    dstc_init                                0x000036fd   Thumb Code   574  dstc.o(i.dstc_init)
    dstc_set_callback                        0x0000395d   Thumb Code    86  dstc.o(i.dstc_set_callback)
    fabs                                     0x000039c1   Thumb Code    24  fabs.o(i.fabs)
    frexp                                    0x000039d9   Thumb Code   118  frexp.o(i.frexp)
    i2c_enable                               0x00003a65   Thumb Code     8  i2c.o(i.i2c_enable)
    i2c_init                                 0x00003a71   Thumb Code    88  i2c.o(i.i2c_init)
    i2c_start                                0x00003ae1   Thumb Code    20  i2c.o(i.i2c_start)
    i2c_stop                                 0x00003afd   Thumb Code    16  i2c.o(i.i2c_stop)
    i2c_tx                                   0x00003b11   Thumb Code     6  i2c.o(i.i2c_tx)
    i2c_write                                0x00003b1d   Thumb Code   138  i2c.o(i.i2c_write)
    i2s_init                                 0x00003bb1   Thumb Code   652  i2s.o(i.i2s_init)
    i2s_rx_dma_enable                        0x00003e59   Thumb Code    14  i2s.o(i.i2s_rx_dma_enable)
    i2s_rx_enable                            0x00003e6d   Thumb Code    28  i2s.o(i.i2s_rx_enable)
    i2s_rx_threshold                         0x00003e8d   Thumb Code    16  i2s.o(i.i2s_rx_threshold)
    i2s_set_callback                         0x00003ea1   Thumb Code    86  i2s.o(i.i2s_set_callback)
    i2s_start                                0x00003f05   Thumb Code    16  i2s.o(i.i2s_start)
    i2s_tx                                   0x00003f19   Thumb Code     6  i2s.o(i.i2s_tx)
    i2s_tx_dma_enable                        0x00003f25   Thumb Code    14  i2s.o(i.i2s_tx_dma_enable)
    i2s_tx_enable                            0x00003f39   Thumb Code    28  i2s.o(i.i2s_tx_enable)
    i2s_tx_threshold                         0x00003f59   Thumb Code    16  i2s.o(i.i2s_tx_threshold)
    init_slider_interface                    0x00003f6d   Thumb Code   212  fm4_slider_interface.o(i.init_slider_interface)
    main                                     0x00004059   Thumb Code    68  synth_neu.o(i.main)
    mix                                      0x000040a9   Thumb Code    48  synth_neu.o(i.mix)
    pval2int                                 0x000040d9   Thumb Code     6  synth_neu.o(i.pval2int)
    sawtooth                                 0x000040e1   Thumb Code   262  synth_neu.o(i.sawtooth)
    sine                                     0x000041fd   Thumb Code   292  synth_neu.o(i.sine)
    square                                   0x0000433d   Thumb Code   284  synth_neu.o(i.square)
    triangle                                 0x0000446d   Thumb Code   378  synth_neu.o(i.triangle)
    update_slider_parameters                 0x00004605   Thumb Code   276  fm4_slider_interface.o(i.update_slider_parameters)
    _get_lc_numeric                          0x0000472d   Thumb Code    44  lc_numeric_c.o(locale$$code)
    _get_lc_ctype                            0x00004759   Thumb Code    44  lc_ctype_c.o(locale$$code)
    __aeabi_dneg                             0x00004785   Thumb Code     0  basic.o(x$fpl$basic)
    _dneg                                    0x00004785   Thumb Code     6  basic.o(x$fpl$basic)
    __aeabi_fneg                             0x0000478b   Thumb Code     0  basic.o(x$fpl$basic)
    _fneg                                    0x0000478b   Thumb Code     6  basic.o(x$fpl$basic)
    _dabs                                    0x00004791   Thumb Code     6  basic.o(x$fpl$basic)
    _fabs                                    0x00004797   Thumb Code     6  basic.o(x$fpl$basic)
    __aeabi_d2f                              0x0000479d   Thumb Code     0  d2f.o(x$fpl$d2f)
    _d2f                                     0x0000479d   Thumb Code    98  d2f.o(x$fpl$d2f)
    __aeabi_dadd                             0x00004801   Thumb Code     0  daddsub_clz.o(x$fpl$dadd)
    _dadd                                    0x00004801   Thumb Code   332  daddsub_clz.o(x$fpl$dadd)
    __fpl_dcheck_NaN1                        0x00004951   Thumb Code    10  dcheck1.o(x$fpl$dcheck1)
    __fpl_dcmp_Inf                           0x00004961   Thumb Code    24  dcmpi.o(x$fpl$dcmpinf)
    __aeabi_ddiv                             0x00004979   Thumb Code     0  ddiv.o(x$fpl$ddiv)
    _ddiv                                    0x00004979   Thumb Code   552  ddiv.o(x$fpl$ddiv)
    __aeabi_cdcmpeq                          0x00004c29   Thumb Code     0  deqf.o(x$fpl$deqf)
    _dcmpeq                                  0x00004c29   Thumb Code   120  deqf.o(x$fpl$deqf)
    __aeabi_d2iz                             0x00004ca1   Thumb Code     0  dfix.o(x$fpl$dfix)
    _dfix                                    0x00004ca1   Thumb Code    94  dfix.o(x$fpl$dfix)
    __aeabi_i2d                              0x00004cff   Thumb Code     0  dflt_clz.o(x$fpl$dflt)
    _dflt                                    0x00004cff   Thumb Code    46  dflt_clz.o(x$fpl$dflt)
    __aeabi_ui2d                             0x00004d2d   Thumb Code     0  dflt_clz.o(x$fpl$dfltu)
    _dfltu                                   0x00004d2d   Thumb Code    38  dflt_clz.o(x$fpl$dfltu)
    __aeabi_cdcmple                          0x00004d55   Thumb Code     0  dleqf.o(x$fpl$dleqf)
    _dcmple                                  0x00004d55   Thumb Code   120  dleqf.o(x$fpl$dleqf)
    __fpl_dcmple_InfNaN                      0x00004db7   Thumb Code     0  dleqf.o(x$fpl$dleqf)
    __aeabi_dmul                             0x00004dcd   Thumb Code     0  dmul.o(x$fpl$dmul)
    _dmul                                    0x00004dcd   Thumb Code   332  dmul.o(x$fpl$dmul)
    __fpl_dnaninf                            0x00004f21   Thumb Code   156  dnaninf.o(x$fpl$dnaninf)
    __fpl_dretinf                            0x00004fbd   Thumb Code    12  dretinf.o(x$fpl$dretinf)
    __aeabi_cdrcmple                         0x00004fc9   Thumb Code     0  drleqf.o(x$fpl$drleqf)
    _drcmple                                 0x00004fc9   Thumb Code   108  drleqf.o(x$fpl$drleqf)
    __aeabi_drsub                            0x00005035   Thumb Code     0  daddsub_clz.o(x$fpl$drsb)
    _drsb                                    0x00005035   Thumb Code    22  daddsub_clz.o(x$fpl$drsb)
    __aeabi_dsub                             0x0000504d   Thumb Code     0  daddsub_clz.o(x$fpl$dsub)
    _dsub                                    0x0000504d   Thumb Code   464  daddsub_clz.o(x$fpl$dsub)
    __aeabi_f2d                              0x00005221   Thumb Code     0  f2d.o(x$fpl$f2d)
    _f2d                                     0x00005221   Thumb Code    86  f2d.o(x$fpl$f2d)
    __fpl_fnaninf                            0x00005277   Thumb Code   140  fnaninf.o(x$fpl$fnaninf)
    _fp_init                                 0x00005303   Thumb Code    10  fpinit.o(x$fpl$fpinit)
    __fplib_config_fpu_vfp                   0x0000530b   Thumb Code     0  fpinit.o(x$fpl$fpinit)
    __fplib_config_pureend_doubles           0x0000530b   Thumb Code     0  fpinit.o(x$fpl$fpinit)
    __fpl_fretinf                            0x0000530d   Thumb Code    10  fretinf.o(x$fpl$fretinf)
    __ieee_status                            0x00005317   Thumb Code     6  istatus.o(x$fpl$ieeestatus)
    __fpl_return_NaN                         0x0000531d   Thumb Code   100  retnan.o(x$fpl$retnan)
    __ARM_scalbn                             0x00005381   Thumb Code    92  scalbn.o(x$fpl$scalbn)
    _scanf_real                              0x000053dd   Thumb Code     4  scanf1.o(x$fpl$scanf1)
    _scanf_hex_real                          0x000053e1   Thumb Code     4  scanf2.o(x$fpl$scanf2)
    _scanf_infnan                            0x000053e5   Thumb Code     4  scanf2.o(x$fpl$scanf2)
    __fpl_cmpreturn                          0x000053e9   Thumb Code    48  trapv.o(x$fpl$trapveneer)
    __I$use$fp                               0x00005418   Number         0  usenofp.o(x$fpl$usenofp)
    Region$$Table$$Base                      0x000055cc   Number         0  anon$$obj.o(Region$$Table)
    Region$$Table$$Limit                     0x000055ec   Number         0  anon$$obj.o(Region$$Table)
    __aeabi_HUGE_VAL                         0x000055ec   Data           0  fpconst.o(c$$dinf)
    __aeabi_HUGE_VALL                        0x000055ec   Data           0  fpconst.o(c$$dinf)
    __aeabi_INFINITY                         0x000055ec   Data           0  fpconst.o(c$$dinf)
    __dInf                                   0x000055ec   Data           0  fpconst.o(c$$dinf)
    __huge_val                               0x000055ec   Data           0  fpconst.o(c$$dinf)
    __dbl_max                                0x000055f4   Data           0  fpconst.o(c$$dmax)
    __ctype                                  0x00005625   Data           0  lc_ctype_c.o(locale$$data)
    freq1                                    0x1ffd0018   Data           2  synth_neu.o(.data)
    freq2                                    0x1ffd001a   Data           2  synth_neu.o(.data)
    b0                                       0x1ffd0020   Data           4  synth_neu.o(.data)
    b1                                       0x1ffd0024   Data           4  synth_neu.o(.data)
    b2                                       0x1ffd0028   Data           4  synth_neu.o(.data)
    a1                                       0x1ffd002c   Data           4  synth_neu.o(.data)
    a2                                       0x1ffd0030   Data           4  synth_neu.o(.data)
    k                                        0x1ffd0034   Data           4  synth_neu.o(.data)
    fc                                       0x1ffd0038   Data           4  synth_neu.o(.data)
    funk_point_array                         0x1ffd003c   Data          16  synth_neu.o(.data)
    stcDES0Backup0                           0x1ffd0070   Data           4  dstc.o(.data)
    stcDES0Backup1                           0x1ffd0074   Data           4  dstc.o(.data)
    m_astcMfsInstanceDataLut                 0x1ffd0098   Data          20  mfs.o(.data)
    SystemCoreClock                          0x1ffd00f4   Data           4  system_s6e2cc.o(.data)
    FM4_GUI                                  0x1ffd08fc   Data          92  synth_neu.o(.bss)
    stcDES                                   0x1ffd11c0   Data          56  dstc.o(.bss)
    __libspace_start                         0x1ffd1378   Data          96  libspace.o(.bss)
    __temporary_stack_top$libspace           0x1ffd13d8   Data           0  libspace.o(.bss)



==============================================================================

Memory Map of the image

  Image Entry point : 0x00000241

  Load Region LR_IROM1 (Base: 0x00000000, Size: 0x00005824, Max: 0x00200000, ABSOLUTE)

    Execution Region ER_IROM1 (Exec base: 0x00000000, Load base: 0x00000000, Size: 0x00005728, Max: 0x00200000, ABSOLUTE)

    Exec Addr    Load Addr    Size         Type   Attr      Idx    E Section Name        Object

    0x00000000   0x00000000   0x00000240   Data   RO         1127    RESET               startup_s6e2cc.o
    0x00000240   0x00000240   0x00000008   Code   RO         1185  * !!!main             c_w.l(__main.o)
    0x00000248   0x00000248   0x00000034   Code   RO         1565    !!!scatter          c_w.l(__scatter.o)
    0x0000027c   0x0000027c   0x0000001a   Code   RO         1567    !!handler_copy      c_w.l(__scatter_copy.o)
    0x00000296   0x00000296   0x00000002   PAD
    0x00000298   0x00000298   0x0000001c   Code   RO         1569    !!handler_zi        c_w.l(__scatter_zi.o)
    0x000002b4   0x000002b4   0x00000002   Code   RO         1348    .ARM.Collect$$libinit$$00000000  c_w.l(libinit.o)
    0x000002b6   0x000002b6   0x00000004   Code   RO         1349    .ARM.Collect$$libinit$$00000001  c_w.l(libinit2.o)
    0x000002ba   0x000002ba   0x00000000   Code   RO         1352    .ARM.Collect$$libinit$$00000004  c_w.l(libinit2.o)
    0x000002ba   0x000002ba   0x00000000   Code   RO         1355    .ARM.Collect$$libinit$$0000000A  c_w.l(libinit2.o)
    0x000002ba   0x000002ba   0x00000000   Code   RO         1357    .ARM.Collect$$libinit$$0000000C  c_w.l(libinit2.o)
    0x000002ba   0x000002ba   0x00000000   Code   RO         1359    .ARM.Collect$$libinit$$0000000E  c_w.l(libinit2.o)
    0x000002ba   0x000002ba   0x00000006   Code   RO         1360    .ARM.Collect$$libinit$$0000000F  c_w.l(libinit2.o)
    0x000002c0   0x000002c0   0x00000000   Code   RO         1362    .ARM.Collect$$libinit$$00000011  c_w.l(libinit2.o)
    0x000002c0   0x000002c0   0x0000000c   Code   RO         1363    .ARM.Collect$$libinit$$00000012  c_w.l(libinit2.o)
    0x000002cc   0x000002cc   0x00000000   Code   RO         1364    .ARM.Collect$$libinit$$00000013  c_w.l(libinit2.o)
    0x000002cc   0x000002cc   0x00000000   Code   RO         1366    .ARM.Collect$$libinit$$00000015  c_w.l(libinit2.o)
    0x000002cc   0x000002cc   0x0000000a   Code   RO         1367    .ARM.Collect$$libinit$$00000016  c_w.l(libinit2.o)
    0x000002d6   0x000002d6   0x00000000   Code   RO         1368    .ARM.Collect$$libinit$$00000017  c_w.l(libinit2.o)
    0x000002d6   0x000002d6   0x00000000   Code   RO         1370    .ARM.Collect$$libinit$$00000019  c_w.l(libinit2.o)
    0x000002d6   0x000002d6   0x00000000   Code   RO         1372    .ARM.Collect$$libinit$$0000001B  c_w.l(libinit2.o)
    0x000002d6   0x000002d6   0x00000000   Code   RO         1374    .ARM.Collect$$libinit$$0000001D  c_w.l(libinit2.o)
    0x000002d6   0x000002d6   0x00000000   Code   RO         1376    .ARM.Collect$$libinit$$0000001F  c_w.l(libinit2.o)
    0x000002d6   0x000002d6   0x00000000   Code   RO         1378    .ARM.Collect$$libinit$$00000021  c_w.l(libinit2.o)
    0x000002d6   0x000002d6   0x00000000   Code   RO         1380    .ARM.Collect$$libinit$$00000023  c_w.l(libinit2.o)
    0x000002d6   0x000002d6   0x00000000   Code   RO         1382    .ARM.Collect$$libinit$$00000025  c_w.l(libinit2.o)
    0x000002d6   0x000002d6   0x00000000   Code   RO         1386    .ARM.Collect$$libinit$$0000002C  c_w.l(libinit2.o)
    0x000002d6   0x000002d6   0x00000000   Code   RO         1388    .ARM.Collect$$libinit$$0000002E  c_w.l(libinit2.o)
    0x000002d6   0x000002d6   0x00000000   Code   RO         1390    .ARM.Collect$$libinit$$00000030  c_w.l(libinit2.o)
    0x000002d6   0x000002d6   0x00000000   Code   RO         1392    .ARM.Collect$$libinit$$00000032  c_w.l(libinit2.o)
    0x000002d6   0x000002d6   0x00000002   Code   RO         1393    .ARM.Collect$$libinit$$00000033  c_w.l(libinit2.o)
    0x000002d8   0x000002d8   0x00000002   Code   RO         1484    .ARM.Collect$$libshutdown$$00000000  c_w.l(libshutdown.o)
    0x000002da   0x000002da   0x00000000   Code   RO         1515    .ARM.Collect$$libshutdown$$00000002  c_w.l(libshutdown2.o)
    0x000002da   0x000002da   0x00000000   Code   RO         1517    .ARM.Collect$$libshutdown$$00000004  c_w.l(libshutdown2.o)
    0x000002da   0x000002da   0x00000000   Code   RO         1520    .ARM.Collect$$libshutdown$$00000007  c_w.l(libshutdown2.o)
    0x000002da   0x000002da   0x00000000   Code   RO         1523    .ARM.Collect$$libshutdown$$0000000A  c_w.l(libshutdown2.o)
    0x000002da   0x000002da   0x00000000   Code   RO         1525    .ARM.Collect$$libshutdown$$0000000C  c_w.l(libshutdown2.o)
    0x000002da   0x000002da   0x00000000   Code   RO         1528    .ARM.Collect$$libshutdown$$0000000F  c_w.l(libshutdown2.o)
    0x000002da   0x000002da   0x00000002   Code   RO         1529    .ARM.Collect$$libshutdown$$00000010  c_w.l(libshutdown2.o)
    0x000002dc   0x000002dc   0x00000000   Code   RO         1209    .ARM.Collect$$rtentry$$00000000  c_w.l(__rtentry.o)
    0x000002dc   0x000002dc   0x00000000   Code   RO         1264    .ARM.Collect$$rtentry$$00000002  c_w.l(__rtentry2.o)
    0x000002dc   0x000002dc   0x00000006   Code   RO         1276    .ARM.Collect$$rtentry$$00000004  c_w.l(__rtentry4.o)
    0x000002e2   0x000002e2   0x00000000   Code   RO         1266    .ARM.Collect$$rtentry$$00000009  c_w.l(__rtentry2.o)
    0x000002e2   0x000002e2   0x00000004   Code   RO         1267    .ARM.Collect$$rtentry$$0000000A  c_w.l(__rtentry2.o)
    0x000002e6   0x000002e6   0x00000000   Code   RO         1269    .ARM.Collect$$rtentry$$0000000C  c_w.l(__rtentry2.o)
    0x000002e6   0x000002e6   0x00000008   Code   RO         1270    .ARM.Collect$$rtentry$$0000000D  c_w.l(__rtentry2.o)
    0x000002ee   0x000002ee   0x00000002   Code   RO         1394    .ARM.Collect$$rtexit$$00000000  c_w.l(rtexit.o)
    0x000002f0   0x000002f0   0x00000000   Code   RO         1446    .ARM.Collect$$rtexit$$00000002  c_w.l(rtexit2.o)
    0x000002f0   0x000002f0   0x00000004   Code   RO         1447    .ARM.Collect$$rtexit$$00000003  c_w.l(rtexit2.o)
    0x000002f4   0x000002f4   0x00000006   Code   RO         1448    .ARM.Collect$$rtexit$$00000004  c_w.l(rtexit2.o)
    0x000002fa   0x000002fa   0x00000002   PAD
    0x000002fc   0x000002fc   0x0000000a   Code   RO          255    .emb_text           delay.o
    0x00000306   0x00000306   0x00000002   PAD
    0x00000308   0x00000308   0x0000004c   Code   RO         1128    .text               startup_s6e2cc.o
    0x00000354   0x00000354   0x0000001a   Code   RO         1177    .text               c_w.l(atoi.o)
    0x0000036e   0x0000036e   0x0000004e   Code   RO         1181    .text               c_w.l(rt_memclr_w.o)
    0x000003bc   0x000003bc   0x00000006   Code   RO         1183    .text               c_w.l(heapauxi.o)
    0x000003c2   0x000003c2   0x00000002   PAD
    0x000003c4   0x000003c4   0x00000008   Code   RO         1213    .text               c_w.l(rt_errno_addr_intlibspace.o)
    0x000003cc   0x000003cc   0x00000016   Code   RO         1215    .text               c_w.l(_rserrno.o)
    0x000003e2   0x000003e2   0x00000002   PAD
    0x000003e4   0x000003e4   0x000000a4   Code   RO         1217    .text               c_w.l(strtod.o)
    0x00000488   0x00000488   0x00000070   Code   RO         1219    .text               c_w.l(strtol.o)
    0x000004f8   0x000004f8   0x00000008   Code   RO         1260    .text               c_w.l(libspace.o)
    0x00000500   0x00000500   0x00000010   Code   RO         1278    .text               c_w.l(rt_ctype_table.o)
    0x00000510   0x00000510   0x00000012   Code   RO         1280    .text               c_w.l(isspace.o)
    0x00000522   0x00000522   0x00000040   Code   RO         1282    .text               c_w.l(_sgetc.o)
    0x00000562   0x00000562   0x0000009e   Code   RO         1284    .text               c_w.l(_strtoul.o)
    0x00000600   0x00000600   0x0000004a   Code   RO         1323    .text               c_w.l(sys_stackheap_outer.o)
    0x0000064a   0x0000064a   0x00000002   PAD
    0x0000064c   0x0000064c   0x00000008   Code   RO         1328    .text               c_w.l(rt_locale_intlibspace.o)
    0x00000654   0x00000654   0x0000001c   Code   RO         1330    .text               c_w.l(_chval.o)
    0x00000670   0x00000670   0x000004f8   Code   RO         1332    .text               c_w.l(scanf_fp.o)
    0x00000b68   0x00000b68   0x00000012   Code   RO         1339    .text               c_w.l(exit.o)
    0x00000b7a   0x00000b7a   0x00000002   PAD
    0x00000b7c   0x00000b7c   0x00000080   Code   RO         1341    .text               c_w.l(strcmpv7m.o)
    0x00000bfc   0x00000bfc   0x000000e4   Code   RO         1396    .text               c_w.l(bigflt0.o)
    0x00000ce0   0x00000ce0   0x00000320   Code   RO         1452    .text               c_w.l(scanf_hexfp.o)
    0x00001000   0x00001000   0x00000134   Code   RO         1454    .text               c_w.l(scanf_infnan.o)
    0x00001134   0x00001134   0x0000000c   Code   RO         1472    .text               c_w.l(sys_exit.o)
    0x00001140   0x00001140   0x00000026   Code   RO         1476    .text               c_w.l(llshl.o)
    0x00001166   0x00001166   0x00000002   Code   RO         1505    .text               c_w.l(use_no_semi.o)
    0x00001168   0x00001168   0x00000000   Code   RO         1507    .text               c_w.l(indicate_semi.o)
    0x00001168   0x00001168   0x00000338   Code   RO         1409    CL$$btod_div_common  c_w.l(btod.o)
    0x000014a0   0x000014a0   0x00000084   Code   RO         1407    CL$$btod_e2d        c_w.l(btod.o)
    0x00001524   0x00001524   0x000000dc   Code   RO         1406    CL$$btod_e2e        c_w.l(btod.o)
    0x00001600   0x00001600   0x0000002a   Code   RO         1403    CL$$btod_ediv       c_w.l(btod.o)
    0x0000162a   0x0000162a   0x0000002a   Code   RO         1405    CL$$btod_edivd      c_w.l(btod.o)
    0x00001654   0x00001654   0x0000002a   Code   RO         1402    CL$$btod_emul       c_w.l(btod.o)
    0x0000167e   0x0000167e   0x0000002a   Code   RO         1404    CL$$btod_emuld      c_w.l(btod.o)
    0x000016a8   0x000016a8   0x00000244   Code   RO         1408    CL$$btod_mult_common  c_w.l(btod.o)
    0x000018ec   0x000018ec   0x00000026   Code   RO          184    i.Codec_WriteRegister  audio.o
    0x00001912   0x00001912   0x00000028   Code   RO          283    i.DSTCPchkCalc      dstc.o
    0x0000193a   0x0000193a   0x00000002   PAD
    0x0000193c   0x0000193c   0x000001dc   Code   RO            4    i.I2S_HANDLER       synth_neu.o
    0x00001b18   0x00001b18   0x00000034   Code   RO          717    i.MfsGetInternDataPtr  mfs.o
    0x00001b4c   0x00001b4c   0x0000017e   Code   RO          855    i.MfsHlFifoUseInit  mfs_hl.o
    0x00001cca   0x00001cca   0x00000002   PAD
    0x00001ccc   0x00001ccc   0x00000034   Code   RO          856    i.MfsHlGetInternDataPtr  mfs_hl.o
    0x00001d00   0x00001d00   0x0000000c   Code   RO          857    i.MfsHlGetMin       mfs_hl.o
    0x00001d0c   0x00001d0c   0x0000007e   Code   RO          869    i.MfsHlIrqHandlerRx  mfs_hl.o
    0x00001d8a   0x00001d8a   0x000000b0   Code   RO          871    i.MfsHlIrqHandlerTx  mfs_hl.o
    0x00001e3a   0x00001e3a   0x000000fe   Code   RO          872    i.MfsHlReadBuf      mfs_hl.o
    0x00001f38   0x00001f38   0x000000b8   Code   RO          873    i.MfsHlWriteBuf     mfs_hl.o
    0x00001ff0   0x00001ff0   0x000000cc   Code   RO          722    i.Mfs_GetBusClock   mfs.o
    0x000020bc   0x000020bc   0x0000001a   Code   RO          723    i.Mfs_GetReloadValue  mfs.o
    0x000020d6   0x000020d6   0x0000020e   Code   RO          890    i.Mfs_Hl_Read       mfs_hl.o
    0x000022e4   0x000022e4   0x0000030c   Code   RO          892    i.Mfs_Hl_Uart_Init  mfs_hl.o
    0x000025f0   0x000025f0   0x000001ca   Code   RO          893    i.Mfs_Hl_Write      mfs_hl.o
    0x000027ba   0x000027ba   0x00000002   PAD
    0x000027bc   0x000027bc   0x00000028   Code   RO          725    i.Mfs_InitRxIrq     mfs.o
    0x000027e4   0x000027e4   0x00000028   Code   RO          726    i.Mfs_InitTxIrq     mfs.o
    0x0000280c   0x0000280c   0x00000020   Code   RO          727    i.Mfs_SetRxIntCallBack  mfs.o
    0x0000282c   0x0000282c   0x00000020   Code   RO          729    i.Mfs_SetTxIntCallBack  mfs.o
    0x0000284c   0x0000284c   0x00000020   Code   RO          730    i.Mfs_SetUpperLayerHandle  mfs.o
    0x0000286c   0x0000286c   0x00000002   Code   RO         1094    i.PDL_WAIT_LOOP_HOOK  pdl.o
    0x0000286e   0x0000286e   0x00000002   PAD
    0x00002870   0x00002870   0x0000001c   Code   RO          552    i.PRGCRC_I2S_IRQHandler  i2s.o
    0x0000288c   0x0000288c   0x000000e8   Code   RO         1136    i.SystemInit        system_s6e2cc.o
    0x00002974   0x00002974   0x00000030   Code   RO         1319    i.__ARM_fpclassify  m_wm.l(fpclassify.o)
    0x000029a4   0x000029a4   0x0000001c   Code   RO          285    i.__NVIC_ClearPendingIRQ  dstc.o
    0x000029c0   0x000029c0   0x0000001c   Code   RO          553    i.__NVIC_ClearPendingIRQ  i2s.o
    0x000029dc   0x000029dc   0x0000001c   Code   RO          731    i.__NVIC_ClearPendingIRQ  mfs.o
    0x000029f8   0x000029f8   0x00000022   Code   RO          733    i.__NVIC_EnableIRQ  mfs.o
    0x00002a1a   0x00002a1a   0x00000002   PAD
    0x00002a1c   0x00002a1c   0x00000028   Code   RO          734    i.__NVIC_SetPriority  mfs.o
    0x00002a44   0x00002a44   0x00000004   PAD
    0x00002a48   0x00002a48   0x000000f8   Code   RO         1437    i.__hardfp___mathlib_tofloat  m_wm.l(narrow.o)
    0x00002b40   0x00002b40   0x00000038   Code   RO         1191    i.__hardfp_atof     m_wm.l(atof.o)
    0x00002b78   0x00002b78   0x000000d0   Code   RO         1489    i.__hardfp_ldexp    m_wm.l(ldexp.o)
    0x00002c48   0x00002c48   0x000000c8   Code   RO         1197    i.__hardfp_sin      m_wm.l(sin.o)
    0x00002d10   0x00002d10   0x00000438   Code   RO         1249    i.__ieee754_rem_pio2  m_wm.l(rred.o)
    0x00003148   0x00003148   0x00000170   Code   RO         1232    i.__kernel_cos      m_wm.l(cos_i.o)
    0x000032b8   0x000032b8   0x000000f8   Code   RO         1321    i.__kernel_poly     m_wm.l(poly.o)
    0x000033b0   0x000033b0   0x00000130   Code   RO         1254    i.__kernel_sin      m_wm.l(sin_i.o)
    0x000034e0   0x000034e0   0x00000014   Code   RO         1236    i.__mathlib_dbl_infnan  m_wm.l(dunder.o)
    0x000034f4   0x000034f4   0x00000004   PAD
    0x000034f8   0x000034f8   0x00000020   Code   RO         1238    i.__mathlib_dbl_invalid  m_wm.l(dunder.o)
    0x00003518   0x00003518   0x00000020   Code   RO         1239    i.__mathlib_dbl_overflow  m_wm.l(dunder.o)
    0x00003538   0x00003538   0x00000020   Code   RO         1241    i.__mathlib_dbl_underflow  m_wm.l(dunder.o)
    0x00003558   0x00003558   0x00000012   Code   RO         1438    i.__mathlib_narrow  m_wm.l(narrow.o)
    0x0000356a   0x0000356a   0x00000014   Code   RO         1491    i.__support_ldexp   m_wm.l(ldexp.o)
    0x0000357e   0x0000357e   0x0000000e   Code   RO         1334    i._is_digit         c_w.l(scanf_fp.o)
    0x0000358c   0x0000358c   0x00000118   Code   RO          185    i.audio_init        audio.o
    0x000036a4   0x000036a4   0x0000002c   Code   RO          256    i.delay_ms          delay.o
    0x000036d0   0x000036d0   0x0000002c   Code   RO          257    i.delay_us          delay.o
    0x000036fc   0x000036fc   0x00000260   Code   RO          287    i.dstc_init         dstc.o
    0x0000395c   0x0000395c   0x00000064   Code   RO          289    i.dstc_set_callback  dstc.o
    0x000039c0   0x000039c0   0x00000018   Code   RO         1315    i.fabs              m_wm.l(fabs.o)
    0x000039d8   0x000039d8   0x0000008c   Code   RO         1466    i.frexp             m_wm.l(frexp.o)
    0x00003a64   0x00003a64   0x0000000c   Code   RO          476    i.i2c_enable        i2c.o
    0x00003a70   0x00003a70   0x00000070   Code   RO          477    i.i2c_init          i2c.o
    0x00003ae0   0x00003ae0   0x0000001c   Code   RO          480    i.i2c_start         i2c.o
    0x00003afc   0x00003afc   0x00000014   Code   RO          481    i.i2c_stop          i2c.o
    0x00003b10   0x00003b10   0x0000000c   Code   RO          482    i.i2c_tx            i2c.o
    0x00003b1c   0x00003b1c   0x00000094   Code   RO          483    i.i2c_write         i2c.o
    0x00003bb0   0x00003bb0   0x000002a8   Code   RO          554    i.i2s_init          i2s.o
    0x00003e58   0x00003e58   0x00000014   Code   RO          556    i.i2s_rx_dma_enable  i2s.o
    0x00003e6c   0x00003e6c   0x00000020   Code   RO          557    i.i2s_rx_enable     i2s.o
    0x00003e8c   0x00003e8c   0x00000014   Code   RO          558    i.i2s_rx_threshold  i2s.o
    0x00003ea0   0x00003ea0   0x00000064   Code   RO          559    i.i2s_set_callback  i2s.o
    0x00003f04   0x00003f04   0x00000014   Code   RO          560    i.i2s_start         i2s.o
    0x00003f18   0x00003f18   0x0000000c   Code   RO          562    i.i2s_tx            i2s.o
    0x00003f24   0x00003f24   0x00000014   Code   RO          563    i.i2s_tx_dma_enable  i2s.o
    0x00003f38   0x00003f38   0x00000020   Code   RO          564    i.i2s_tx_enable     i2s.o
    0x00003f58   0x00003f58   0x00000014   Code   RO          565    i.i2s_tx_threshold  i2s.o
    0x00003f6c   0x00003f6c   0x000000ec   Code   RO          656    i.init_slider_interface  fm4_slider_interface.o
    0x00004058   0x00004058   0x00000050   Code   RO            6    i.main              synth_neu.o
    0x000040a8   0x000040a8   0x00000030   Code   RO            7    i.mix               synth_neu.o
    0x000040d8   0x000040d8   0x00000006   Code   RO            8    i.pval2int          synth_neu.o
    0x000040de   0x000040de   0x00000002   PAD
    0x000040e0   0x000040e0   0x0000011c   Code   RO            9    i.sawtooth          synth_neu.o
    0x000041fc   0x000041fc   0x00000140   Code   RO           10    i.sine              synth_neu.o
    0x0000433c   0x0000433c   0x00000130   Code   RO           11    i.square            synth_neu.o
    0x0000446c   0x0000446c   0x00000198   Code   RO           12    i.triangle          synth_neu.o
    0x00004604   0x00004604   0x00000128   Code   RO          657    i.update_slider_parameters  fm4_slider_interface.o
    0x0000472c   0x0000472c   0x0000002c   Code   RO         1287    locale$$code        c_w.l(lc_numeric_c.o)
    0x00004758   0x00004758   0x0000002c   Code   RO         1337    locale$$code        c_w.l(lc_ctype_c.o)
    0x00004784   0x00004784   0x00000018   Code   RO         1221    x$fpl$basic         fz_wm.l(basic.o)
    0x0000479c   0x0000479c   0x00000062   Code   RO         1187    x$fpl$d2f           fz_wm.l(d2f.o)
    0x000047fe   0x000047fe   0x00000002   PAD
    0x00004800   0x00004800   0x00000150   Code   RO         1289    x$fpl$dadd          fz_wm.l(daddsub_clz.o)
    0x00004950   0x00004950   0x00000010   Code   RO         1537    x$fpl$dcheck1       fz_wm.l(dcheck1.o)
    0x00004960   0x00004960   0x00000018   Code   RO         1485    x$fpl$dcmpinf       fz_wm.l(dcmpi.o)
    0x00004978   0x00004978   0x000002b0   Code   RO         1296    x$fpl$ddiv          fz_wm.l(ddiv.o)
    0x00004c28   0x00004c28   0x00000078   Code   RO         1460    x$fpl$deqf          fz_wm.l(deqf.o)
    0x00004ca0   0x00004ca0   0x0000005e   Code   RO         1299    x$fpl$dfix          fz_wm.l(dfix.o)
    0x00004cfe   0x00004cfe   0x0000002e   Code   RO         1304    x$fpl$dflt          fz_wm.l(dflt_clz.o)
    0x00004d2c   0x00004d2c   0x00000026   Code   RO         1303    x$fpl$dfltu         fz_wm.l(dflt_clz.o)
    0x00004d52   0x00004d52   0x00000002   PAD
    0x00004d54   0x00004d54   0x00000078   Code   RO         1487    x$fpl$dleqf         fz_wm.l(dleqf.o)
    0x00004dcc   0x00004dcc   0x00000154   Code   RO         1309    x$fpl$dmul          fz_wm.l(dmul.o)
    0x00004f20   0x00004f20   0x0000009c   Code   RO         1223    x$fpl$dnaninf       fz_wm.l(dnaninf.o)
    0x00004fbc   0x00004fbc   0x0000000c   Code   RO         1225    x$fpl$dretinf       fz_wm.l(dretinf.o)
    0x00004fc8   0x00004fc8   0x0000006c   Code   RO         1462    x$fpl$drleqf        fz_wm.l(drleqf.o)
    0x00005034   0x00005034   0x00000016   Code   RO         1290    x$fpl$drsb          fz_wm.l(daddsub_clz.o)
    0x0000504a   0x0000504a   0x00000002   PAD
    0x0000504c   0x0000504c   0x000001d4   Code   RO         1291    x$fpl$dsub          fz_wm.l(daddsub_clz.o)
    0x00005220   0x00005220   0x00000056   Code   RO         1189    x$fpl$f2d           fz_wm.l(f2d.o)
    0x00005276   0x00005276   0x0000008c   Code   RO         1227    x$fpl$fnaninf       fz_wm.l(fnaninf.o)
    0x00005302   0x00005302   0x0000000a   Code   RO         1427    x$fpl$fpinit        fz_wm.l(fpinit.o)
    0x0000530c   0x0000530c   0x0000000a   Code   RO         1229    x$fpl$fretinf       fz_wm.l(fretinf.o)
    0x00005316   0x00005316   0x00000006   Code   RO         1429    x$fpl$ieeestatus    fz_wm.l(istatus.o)
    0x0000531c   0x0000531c   0x00000064   Code   RO         1543    x$fpl$retnan        fz_wm.l(retnan.o)
    0x00005380   0x00005380   0x0000005c   Code   RO         1530    x$fpl$scalbn        fz_wm.l(scalbn.o)
    0x000053dc   0x000053dc   0x00000004   Code   RO         1311    x$fpl$scanf1        fz_wm.l(scanf1.o)
    0x000053e0   0x000053e0   0x00000008   Code   RO         1431    x$fpl$scanf2        fz_wm.l(scanf2.o)
    0x000053e8   0x000053e8   0x00000030   Code   RO         1561    x$fpl$trapveneer    fz_wm.l(trapv.o)
    0x00005418   0x00005418   0x00000000   Code   RO         1231    x$fpl$usenofp       fz_wm.l(usenofp.o)
    0x00005418   0x00005418   0x00000030   Data   RO         1233    .constdata          m_wm.l(cos_i.o)
    0x00005448   0x00005448   0x000000c8   Data   RO         1251    .constdata          m_wm.l(rred.o)
    0x00005510   0x00005510   0x00000028   Data   RO         1255    .constdata          m_wm.l(sin_i.o)
    0x00005538   0x00005538   0x00000094   Data   RO         1397    .constdata          c_w.l(bigflt0.o)
    0x000055cc   0x000055cc   0x00000020   Data   RO         1563    Region$$Table       anon$$obj.o
    0x000055ec   0x000055ec   0x00000008   Data   RO         1423    c$$dinf             fz_wm.l(fpconst.o)
    0x000055f4   0x000055f4   0x00000008   Data   RO         1426    c$$dmax             fz_wm.l(fpconst.o)
    0x000055fc   0x000055fc   0x0000001c   Data   RO         1286    locale$$data        c_w.l(lc_numeric_c.o)
    0x00005618   0x00005618   0x00000110   Data   RO         1336    locale$$data        c_w.l(lc_ctype_c.o)


    Execution Region RW_IRAM1 (Exec base: 0x1ffd0000, Load base: 0x00005728, Size: 0x000015d8, Max: 0x00030000, ABSOLUTE)

    Exec Addr    Load Addr    Size         Type   Attr      Idx    E Section Name        Object

    0x1ffd0000   0x00005728   0x00000056   Data   RW           14    .data               synth_neu.o
    0x1ffd0056   0x0000577e   0x00000002   PAD
    0x1ffd0058   0x00005780   0x00000024   Data   RW          294    .data               dstc.o
    0x1ffd007c   0x000057a4   0x0000001c   Data   RW          567    .data               i2s.o
    0x1ffd0098   0x000057c0   0x00000014   Data   RW          735    .data               mfs.o
    0x1ffd00ac   0x000057d4   0x00000048   Data   RW          894    .data               mfs_hl.o
    0x1ffd00f4   0x0000581c   0x00000005   Data   RW         1137    .data               system_s6e2cc.o
    0x1ffd00f9   0x00005821   0x00000003   PAD
    0x1ffd00fc        -       0x000008c4   Zero   RW           13    .bss                synth_neu.o
    0x1ffd09c0        -       0x00000838   Zero   RW          293    .bss                dstc.o
    0x1ffd11f8        -       0x00000180   Zero   RW          659    .bss                fm4_slider_interface.o
    0x1ffd1378        -       0x00000060   Zero   RW         1261    .bss                c_w.l(libspace.o)
    0x1ffd13d8        -       0x00000000   Zero   RW         1126    HEAP                startup_s6e2cc.o
    0x1ffd13d8        -       0x00000200   Zero   RW         1125    STACK               startup_s6e2cc.o



  Load Region LR_IROM2 (Base: 0x00406000, Size: 0x00000000, Max: 0x0000a000, ABSOLUTE)

    Execution Region ER_IROM2 (Exec base: 0x00406000, Load base: 0x00406000, Size: 0x00000000, Max: 0x0000a000, ABSOLUTE)

    **** No section assigned to this execution region ****


==============================================================================

Image component sizes


      Code (inc. data)   RO Data    RW Data    ZI Data      Debug   Object Name

       318         10          0          0          0    1758566   audio.o
        98         10          0          0          0       1546   delay.o
       776         54          0         36       2104      33737   dstc.o
       532         44          0          0        384      17490   fm4_slider_interface.o
       332         56          0          0          0       3504   i2c.o
      1012         92          0         28          0       7165   i2s.o
       560         58          0         20          0      47625   mfs.o
      2950         18          0         72          0      10624   mfs_hl.o
         2          0          0          0          0        445   pdl.o
        76         26        576          0        512        852   startup_s6e2cc.o
      1926        126          0         86       2244    1753893   synth_neu.o
       232         30          0          5          0        915   system_s6e2cc.o

    ----------------------------------------------------------------------
      8832        528        608        252       5244    3636362   Object Totals
         0          0         32          0          0          0   (incl. Generated)
        18          4          0          5          0          0   (incl. Padding)

    ----------------------------------------------------------------------

      Code (inc. data)   RO Data    RW Data    ZI Data      Debug   Library Member Name

         8          0          0          0          0         68   __main.o
         0          0          0          0          0          0   __rtentry.o
        12          0          0          0          0          0   __rtentry2.o
         6          0          0          0          0          0   __rtentry4.o
        52          8          0          0          0          0   __scatter.o
        26          0          0          0          0          0   __scatter_copy.o
        28          0          0          0          0          0   __scatter_zi.o
        28          0          0          0          0         68   _chval.o
        22          0          0          0          0        100   _rserrno.o
        64          0          0          0          0         84   _sgetc.o
       158          0          0          0          0         92   _strtoul.o
        26          0          0          0          0         80   atoi.o
       228          4        148          0          0         96   bigflt0.o
      1924        136          0          0          0        756   btod.o
        18          0          0          0          0         80   exit.o
         6          0          0          0          0        152   heapauxi.o
         0          0          0          0          0          0   indicate_semi.o
        18          0          0          0          0         76   isspace.o
        44         10        272          0          0         76   lc_ctype_c.o
        44         10         28          0          0         76   lc_numeric_c.o
         2          0          0          0          0          0   libinit.o
        34          0          0          0          0          0   libinit2.o
         2          0          0          0          0          0   libshutdown.o
         2          0          0          0          0          0   libshutdown2.o
         8          4          0          0         96         68   libspace.o
        38          0          0          0          0         68   llshl.o
        16          4          0          0          0         76   rt_ctype_table.o
         8          4          0          0          0         68   rt_errno_addr_intlibspace.o
         8          4          0          0          0         68   rt_locale_intlibspace.o
        78          0          0          0          0         80   rt_memclr_w.o
         2          0          0          0          0          0   rtexit.o
        10          0          0          0          0          0   rtexit2.o
      1286         16          0          0          0        236   scanf_fp.o
       800         14          0          0          0        100   scanf_hexfp.o
       308         16          0          0          0        100   scanf_infnan.o
       128          0          0          0          0         68   strcmpv7m.o
       164         14          0          0          0        120   strtod.o
       112          0          0          0          0         88   strtol.o
        12          4          0          0          0         68   sys_exit.o
        74          0          0          0          0         80   sys_stackheap_outer.o
         2          0          0          0          0         68   use_no_semi.o
        24          0          0          0          0        164   basic.o
        98          4          0          0          0        140   d2f.o
       826         16          0          0          0        492   daddsub_clz.o
        16          4          0          0          0        116   dcheck1.o
        24          0          0          0          0        116   dcmpi.o
       688        140          0          0          0        256   ddiv.o
       120          4          0          0          0        140   deqf.o
        94          4          0          0          0        140   dfix.o
        84          0          0          0          0        232   dflt_clz.o
       120          4          0          0          0        140   dleqf.o
       340         12          0          0          0        152   dmul.o
       156          4          0          0          0        140   dnaninf.o
        12          0          0          0          0        116   dretinf.o
       108          0          0          0          0        128   drleqf.o
        86          4          0          0          0        132   f2d.o
       140          4          0          0          0        132   fnaninf.o
         0          0         16          0          0          0   fpconst.o
        10          0          0          0          0        116   fpinit.o
        10          0          0          0          0        116   fretinf.o
         6          0          0          0          0        116   istatus.o
       100          0          0          0          0        116   retnan.o
        92          0          0          0          0        116   scalbn.o
         4          0          0          0          0        116   scanf1.o
         8          0          0          0          0        132   scanf2.o
        48          0          0          0          0        116   trapv.o
         0          0          0          0          0          0   usenofp.o
        56         12          0          0          0        132   atof.o
       368         46         48          0          0        200   cos_i.o
       116         24          0          0          0        496   dunder.o
        24          0          0          0          0        124   fabs.o
        48          0          0          0          0        124   fpclassify.o
       140         22          0          0          0        132   frexp.o
       228          8          0          0          0        308   ldexp.o
       266         16          0          0          0        308   narrow.o
       248          0          0          0          0        152   poly.o
      1080        142        200          0          0        188   rred.o
       200         20          0          0          0        164   sin.o
       304         24         40          0          0        208   sin_i.o

    ----------------------------------------------------------------------
     12120        762        752          0         96       9376   Library Totals
        22          0          0          0          0          0   (incl. Padding)

    ----------------------------------------------------------------------

      Code (inc. data)   RO Data    RW Data    ZI Data      Debug   Library Name

      5806        248        448          0         96       3160   c_w.l
      3214        200         16          0          0       3680   fz_wm.l
      3078        314        288          0          0       2536   m_wm.l

    ----------------------------------------------------------------------
     12120        762        752          0         96       9376   Library Totals

    ----------------------------------------------------------------------

==============================================================================


      Code (inc. data)   RO Data    RW Data    ZI Data      Debug   

     20952       1290       1360        252       5340    3634374   Grand Totals
     20952       1290       1360        252       5340    3634374   ELF Image Totals
     20952       1290       1360        252          0          0   ROM Totals

==============================================================================

    Total RO  Size (Code + RO Data)                22312 (  21.79kB)
    Total RW  Size (RW Data + ZI Data)              5592 (   5.46kB)
    Total ROM Size (Code + RO Data + RW Data)      22564 (  22.04kB)

==============================================================================

